Archive member included to satisfy reference by file (symbol)

C:/ProgramData/MATLAB/SupportPackages/R2024b/3P.instrset/gnuarm-armcortex.instrset/win/bin/../lib/gcc/arm-none-eabi/13.2.1/thumb/v7e-m+fp/hard\libm.a(libm_a-w_fmod.o)
                              xcp_ext_common.o (fmod)
C:/ProgramData/MATLAB/SupportPackages/R2024b/3P.instrset/gnuarm-armcortex.instrset/win/bin/../lib/gcc/arm-none-eabi/13.2.1/thumb/v7e-m+fp/hard\libm.a(libm_a-e_fmod.o)
                              C:/ProgramData/MATLAB/SupportPackages/R2024b/3P.instrset/gnuarm-armcortex.instrset/win/bin/../lib/gcc/arm-none-eabi/13.2.1/thumb/v7e-m+fp/hard\libm.a(libm_a-w_fmod.o) (__ieee754_fmod)
C:/ProgramData/MATLAB/SupportPackages/R2024b/3P.instrset/gnuarm-armcortex.instrset/win/bin/../lib/gcc/arm-none-eabi/13.2.1/thumb/v7e-m+fp/hard\libgcc.a(_arm_muldf3.o)
                              Lab3Simulink.o (__aeabi_dmul)
C:/ProgramData/MATLAB/SupportPackages/R2024b/3P.instrset/gnuarm-armcortex.instrset/win/bin/../lib/gcc/arm-none-eabi/13.2.1/thumb/v7e-m+fp/hard\libgcc.a(_arm_addsubdf3.o)
                              Lab3Simulink.o (__aeabi_dsub)
C:/ProgramData/MATLAB/SupportPackages/R2024b/3P.instrset/gnuarm-armcortex.instrset/win/bin/../lib/gcc/arm-none-eabi/13.2.1/thumb/v7e-m+fp/hard\libgcc.a(_arm_muldivdf3.o)
                              Lab3Simulink.o (__aeabi_ddiv)
C:/ProgramData/MATLAB/SupportPackages/R2024b/3P.instrset/gnuarm-armcortex.instrset/win/bin/../lib/gcc/arm-none-eabi/13.2.1/thumb/v7e-m+fp/hard\libgcc.a(_arm_cmpdf2.o)
                              xcp_ext_mode.o (__aeabi_dcmpeq)
C:/ProgramData/MATLAB/SupportPackages/R2024b/3P.instrset/gnuarm-armcortex.instrset/win/bin/../lib/gcc/arm-none-eabi/13.2.1/thumb/v7e-m+fp/hard\libgcc.a(_arm_unorddf2.o)
                              C:/ProgramData/MATLAB/SupportPackages/R2024b/3P.instrset/gnuarm-armcortex.instrset/win/bin/../lib/gcc/arm-none-eabi/13.2.1/thumb/v7e-m+fp/hard\libm.a(libm_a-w_fmod.o) (__aeabi_dcmpun)
C:/ProgramData/MATLAB/SupportPackages/R2024b/3P.instrset/gnuarm-armcortex.instrset/win/bin/../lib/gcc/arm-none-eabi/13.2.1/thumb/v7e-m+fp/hard\libgcc.a(_arm_fixunsdfsi.o)
                              xcp_ext_common.o (__aeabi_d2uiz)
C:/ProgramData/MATLAB/SupportPackages/R2024b/3P.instrset/gnuarm-armcortex.instrset/win/bin/../lib/gcc/arm-none-eabi/13.2.1/thumb/v7e-m+fp/hard\libgcc.a(_aeabi_uldivmod.o)
                              stm32g4xx_ll_lpuart.o (__aeabi_uldivmod)
C:/ProgramData/MATLAB/SupportPackages/R2024b/3P.instrset/gnuarm-armcortex.instrset/win/bin/../lib/gcc/arm-none-eabi/13.2.1/thumb/v7e-m+fp/hard\libgcc.a(_udivmoddi4.o)
                              C:/ProgramData/MATLAB/SupportPackages/R2024b/3P.instrset/gnuarm-armcortex.instrset/win/bin/../lib/gcc/arm-none-eabi/13.2.1/thumb/v7e-m+fp/hard\libgcc.a(_aeabi_uldivmod.o) (__udivmoddi4)
C:/ProgramData/MATLAB/SupportPackages/R2024b/3P.instrset/gnuarm-armcortex.instrset/win/bin/../lib/gcc/arm-none-eabi/13.2.1/thumb/v7e-m+fp/hard\libgcc.a(_dvmd_tls.o)
                              C:/ProgramData/MATLAB/SupportPackages/R2024b/3P.instrset/gnuarm-armcortex.instrset/win/bin/../lib/gcc/arm-none-eabi/13.2.1/thumb/v7e-m+fp/hard\libgcc.a(_aeabi_uldivmod.o) (__aeabi_ldiv0)
C:/ProgramData/MATLAB/SupportPackages/R2024b/3P.instrset/gnuarm-armcortex.instrset/win/bin/../lib/gcc/arm-none-eabi/13.2.1/thumb/v7e-m+fp/hard\libg_nano.a(libc_a-exit.o)
                              C:/ProgramData/MATLAB/SupportPackages/R2024b/3P.instrset/gnuarm-armcortex.instrset/win/bin/../lib/gcc/arm-none-eabi/13.2.1/thumb/v7e-m+fp/hard/crt0.o (exit)
C:/ProgramData/MATLAB/SupportPackages/R2024b/3P.instrset/gnuarm-armcortex.instrset/win/bin/../lib/gcc/arm-none-eabi/13.2.1/thumb/v7e-m+fp/hard\libg_nano.a(libc_a-findfp.o)
                              C:/ProgramData/MATLAB/SupportPackages/R2024b/3P.instrset/gnuarm-armcortex.instrset/win/bin/../lib/gcc/arm-none-eabi/13.2.1/thumb/v7e-m+fp/hard\libg_nano.a(libc_a-exit.o) (__stdio_exit_handler)
C:/ProgramData/MATLAB/SupportPackages/R2024b/3P.instrset/gnuarm-armcortex.instrset/win/bin/../lib/gcc/arm-none-eabi/13.2.1/thumb/v7e-m+fp/hard\libg_nano.a(libc_a-fwalk.o)
                              C:/ProgramData/MATLAB/SupportPackages/R2024b/3P.instrset/gnuarm-armcortex.instrset/win/bin/../lib/gcc/arm-none-eabi/13.2.1/thumb/v7e-m+fp/hard\libg_nano.a(libc_a-findfp.o) (_fwalk_sglue)
C:/ProgramData/MATLAB/SupportPackages/R2024b/3P.instrset/gnuarm-armcortex.instrset/win/bin/../lib/gcc/arm-none-eabi/13.2.1/thumb/v7e-m+fp/hard\libg_nano.a(libc_a-stdio.o)
                              C:/ProgramData/MATLAB/SupportPackages/R2024b/3P.instrset/gnuarm-armcortex.instrset/win/bin/../lib/gcc/arm-none-eabi/13.2.1/thumb/v7e-m+fp/hard\libg_nano.a(libc_a-findfp.o) (__sread)
C:/ProgramData/MATLAB/SupportPackages/R2024b/3P.instrset/gnuarm-armcortex.instrset/win/bin/../lib/gcc/arm-none-eabi/13.2.1/thumb/v7e-m+fp/hard\libg_nano.a(libc_a-memset.o)
[...]
Memory Configuration

Name             Origin             Length             Attributes
RAM              0x20000000         0x00020000         xrw
FLASH            0x08000000         0x00080000         xr
*default*        0x00000000         0xffffffff

Linker script and memory map

LOAD C:/ProgramData/MATLAB/SupportPackages/R2024b/3P.instrset/gnuarm-armcortex.instrset/win/bin/../lib/gcc/arm-none-eabi/13.2.1/thumb/v7e-m+fp/hard/crti.o
LOAD C:/ProgramData/MATLAB/SupportPackages/R2024b/3P.instrset/gnuarm-armcortex.instrset/win/bin/../lib/gcc/arm-none-eabi/13.2.1/thumb/v7e-m+fp/hard/crtbegin.o
LOAD C:/ProgramData/MATLAB/SupportPackages/R2024b/3P.instrset/gnuarm-armcortex.instrset/win/bin/../lib/gcc/arm-none-eabi/13.2.1/thumb/v7e-m+fp/hard/crt0.o
LOAD stm_timer_ll.o
LOAD xcp_ext_mode.o
LOAD Lab3Simulink.o
LOAD ert_main.o
LOAD xcp_ext_common.o
LOAD xcp_ext_classic_trigger.o
LOAD xcp.o
LOAD xcp_standard.o
LOAD xcp_daq.o
LOAD xcp_calibration.o
LOAD xcp_fifo.o
LOAD xcp_transport.o
LOAD xcp_mem_default.o
LOAD xcp_drv_rtiostream.o
LOAD xcp_utils.o
LOAD xcp_frame_serial.o
LOAD xcp_ext_param_default_serial.o
LOAD overrideHALDelay.o
LOAD platform_timer.o
LOAD SysTickScheduler.o
LOAD m3m4m4f_multitasking.o
LOAD rtiostream_serial.o
LOAD stm_usart.o
LOAD stm_lpuart.o
LOAD sys_arch.o
LOAD main.o
LOAD stm32g4xx_it.o
LOAD stm32g4xx_hal_msp.o
LOAD stm32g4xx_hal_timebase_tim.o
LOAD stm32g4xx_ll_utils.o
LOAD stm32g4xx_ll_exti.o
LOAD stm32g4xx_ll_gpio.o
LOAD stm32g4xx_ll_dma.o
LOAD stm32g4xx_ll_lpuart.o
LOAD stm32g4xx_ll_rcc.o
LOAD stm32g4xx_hal.o
LOAD stm32g4xx_hal_rcc.o
LOAD stm32g4xx_hal_rcc_ex.o
LOAD stm32g4xx_hal_flash.o
LOAD stm32g4xx_hal_flash_ex.o
LOAD stm32g4xx_hal_flash_ramfunc.o
LOAD stm32g4xx_hal_gpio.o
LOAD stm32g4xx_hal_exti.o
LOAD stm32g4xx_hal_dma.o
LOAD stm32g4xx_hal_dma_ex.o
LOAD stm32g4xx_hal_pwr.o
LOAD stm32g4xx_hal_pwr_ex.o
LOAD stm32g4xx_hal_cortex.o
LOAD stm32g4xx_hal_tim.o
LOAD stm32g4xx_hal_tim_ex.o
LOAD stm32g4xx_ll_tim.o
LOAD system_stm32g4xx.o
LOAD syscalls.o
LOAD sysmem.o
LOAD startup_stm32g474retx.o
LOAD C:/ProgramData/MATLAB/SupportPackages/R2024b/3P.instrset/cmsis_dsp.instrset/Lib/GCC/arm_cortexm4ldfsp_math/libCMSISDSP.a
LOAD C:/ProgramData/MATLAB/SupportPackages/R2024b/toolbox/shared/supportpackages/stm32/lib/GCC/libmw_pdmfilter_m4_spfp.lib
LOAD C:/ProgramData/MATLAB/SupportPackages/R2024b/3P.instrset/gnuarm-armcortex.instrset/win/bin/../lib/gcc/arm-none-eabi/13.2.1/thumb/v7e-m+fp/hard\libstdc++_nano.a
LOAD C:/ProgramData/MATLAB/SupportPackages/R2024b/3P.instrset/gnuarm-armcortex.instrset/win/bin/../lib/gcc/arm-none-eabi/13.2.1/thumb/v7e-m+fp/hard\libm.a
START GROUP
LOAD C:/ProgramData/MATLAB/SupportPackages/R2024b/3P.instrset/gnuarm-armcortex.instrset/win/bin/../lib/gcc/arm-none-eabi/13.2.1/thumb/v7e-m+fp/hard\libgcc.a
LOAD C:/ProgramData/MATLAB/SupportPackages/R2024b/3P.instrset/gnuarm-armcortex.instrset/win/bin/../lib/gcc/arm-none-eabi/13.2.1/thumb/v7e-m+fp/hard\libg_nano.a
LOAD C:/ProgramData/MATLAB/SupportPackages/R2024b/3P.instrset/gnuarm-armcortex.instrset/win/bin/../lib/gcc/arm-none-eabi/13.2.1/thumb/v7e-m+fp/hard\libc_nano.a
END GROUP
START GROUP
LOAD C:/ProgramData/MATLAB/SupportPackages/R2024b/3P.instrset/gnuarm-armcortex.instrset/win/bin/../lib/gcc/arm-none-eabi/13.2.1/thumb/v7e-m+fp/hard\libgcc.a
LOAD C:/ProgramData/MATLAB/SupportPackages/R2024b/3P.instrset/gnuarm-armcortex.instrset/win/bin/../lib/gcc/arm-none-eabi/13.2.1/thumb/v7e-m+fp/hard\libc_nano.a
LOAD C:/ProgramData/MATLAB/SupportPackages/R2024b/3P.instrset/gnuarm-armcortex.instrset/win/bin/../lib/gcc/arm-none-eabi/13.2.1/thumb/v7e-m+fp/hard\libnosys.a
END GROUP
START GROUP
LOAD C:/ProgramData/MATLAB/SupportPackages/R2024b/3P.instrset/gnuarm-armcortex.instrset/win/bin/../lib/gcc/arm-none-eabi/13.2.1/thumb/v7e-m+fp/hard\libgcc.a
LOAD C:/ProgramData/MATLAB/SupportPackages/R2024b/3P.instrset/gnuarm-armcortex.instrset/win/bin/../lib/gcc/arm-none-eabi/13.2.1/thumb/v7e-m+fp/hard\libc_nano.a
LOAD C:/ProgramData/MATLAB/SupportPackages/R2024b/3P.instrset/gnuarm-armcortex.instrset/win/bin/../lib/gcc/arm-none-eabi/13.2.1/thumb/v7e-m+fp/hard\libnosys.a
END GROUP
LOAD C:/ProgramData/MATLAB/SupportPackages/R2024b/3P.instrset/gnuarm-armcortex.instrset/win/bin/../lib/gcc/arm-none-eabi/13.2.1/thumb/v7e-m+fp/hard/crtend.o
LOAD C:/ProgramData/MATLAB/SupportPackages/R2024b/3P.instrset/gnuarm-armcortex.instrset/win/bin/../lib/gcc/arm-none-eabi/13.2.1/thumb/v7e-m+fp/hard/crtn.o
                0x20020000                        _estack = (ORIGIN (RAM) + LENGTH (RAM))
                0x00000200                        _Min_Heap_Size = 0x200
                0x00000400                        _Min_Stack_Size = 0x400

.isr_vector     0x08000000      0x1d8
                0x08000000                        . = ALIGN (0x4)
 *(.isr_vector)
 .isr_vector    0x08000000      0x1d8 startup_stm32g474retx.o
                0x08000000                g_pfnVectors
                0x080001d8                        . = ALIGN (0x4)

.text           0x080001d8     0xdbe8
                0x080001d8                        . = ALIGN (0x4)
 *(.text)
 .text          0x080001d8      0x378 C:/ProgramData/MATLAB/SupportPackages/R2024b/3P.instrset/gnuarm-armcortex.instrset/win/bin/../lib/gcc/arm-none-eabi/13.2.1/thumb/v7e-m+fp/hard\libgcc.a(_arm_addsubdf3.o)
                0x080001d8                __aeabi_drsub
                0x080001e0                __aeabi_dsub
                0x080001e0                __subdf3
                0x080001e4                __aeabi_dadd
                0x080001e4                __adddf3
                0x0800045c                __floatunsidf
                0x0800045c                __aeabi_ui2d
                0x0800047c                __floatsidf
                0x0800047c                __aeabi_i2d
                0x080004a0                __aeabi_f2d
                0x080004a0                __extendsfdf2
                0x080004e4                __floatundidf
                0x080004e4                __aeabi_ul2d
                0x080004f4                __floatdidf
                0x080004f4                __aeabi_l2d
 .text          0x08000550      0x424 C:/ProgramData/MATLAB/SupportPackages/R2024b/3P.instrset/gnuarm-armcortex.instrset/win/bin/../lib/gcc/arm-none-eabi/13.2.1/thumb/v7e-m+fp/hard\libgcc.a(_arm_muldivdf3.o)
                0x08000550                __aeabi_dmul
                0x08000550                __muldf3
                0x080007a4                __divdf3
                0x080007a4                __aeabi_ddiv
 .text          0x08000974      0x110 C:/ProgramData/MATLAB/SupportPackages/R2024b/3P.instrset/gnuarm-armcortex.instrset/win/bin/../lib/gcc/arm-none-eabi/13.2.1/thumb/v7e-m+fp/hard\libgcc.a(_arm_cmpdf2.o)
                0x08000974                __gtdf2
                0x08000974                __gedf2
                0x0800097c                __ltdf2
                0x0800097c                __ledf2
                0x08000984                __nedf2
                0x08000984                __eqdf2
                0x08000984                __cmpdf2
                0x08000a00                __aeabi_cdrcmple
                0x08000a10                __aeabi_cdcmpeq
                0x08000a10                __aeabi_cdcmple
                0x08000a20                __aeabi_dcmpeq
                0x08000a34                __aeabi_dcmplt
                0x08000a48                __aeabi_dcmple
                0x08000a5c                __aeabi_dcmpge
                0x08000a70                __aeabi_dcmpgt
 .text          0x08000a84       0x2c C:/ProgramData/MATLAB/SupportPackages/R2024b/3P.instrset/gnuarm-armcortex.instrset/win/bin/../lib/gcc/arm-none-eabi/13.2.1/thumb/v7e-m+fp/hard\libgcc.a(_arm_unorddf2.o)
                0x08000a84                __unorddf2
                0x08000a84                __aeabi_dcmpun
 .text          0x08000ab0       0x40 C:/ProgramData/MATLAB/SupportPackages/R2024b/3P.instrset/gnuarm-armcortex.instrset/win/bin/../lib/gcc/arm-none-eabi/13.2.1/thumb/v7e-m+fp/hard\libgcc.a(_arm_fixunsdfsi.o)
                0x08000ab0                __aeabi_d2uiz
                0x08000ab0                __fixunsdfsi
 .text          0x08000af0       0x30 C:/ProgramData/MATLAB/SupportPackages/R2024b/3P.instrset/gnuarm-armcortex.instrset/win/bin/../lib/gcc/arm-none-eabi/13.2.1/thumb/v7e-m+fp/hard\libgcc.a(_aeabi_uldivmod.o)
                0x08000af0                __aeabi_uldivmod
 .text          0x08000b20        0x4 C:/ProgramData/MATLAB/SupportPackages/R2024b/3P.instrset/gnuarm-armcortex.instrset/win/bin/../lib/gcc/arm-none-eabi/13.2.1/thumb/v7e-m+fp/hard\libgcc.a(_dvmd_tls.o)
                0x08000b20                __aeabi_idiv0
                0x08000b20                __aeabi_ldiv0
 *(.text*)
 .text.deregister_tm_clones
                0x08000b24       0x1c C:/ProgramData/MATLAB/SupportPackages/R2024b/3P.instrset/gnuarm-armcortex.instrset/win/bin/../lib/gcc/arm-none-eabi/13.2.1/thumb/v7e-m+fp/hard/crtbegin.o
 .text.register_tm_clones
                0x08000b40       0x24 C:/ProgramData/MATLAB/SupportPackages/R2024b/3P.instrset/gnuarm-armcortex.instrset/win/bin/../lib/gcc/arm-none-eabi/13.2.1/thumb/v7e-m+fp/hard/crtbegin.o
 .text.__do_global_dtors_aux
                0x08000b64       0x28 C:/ProgramData/MATLAB/SupportPackages/R2024b/3P.instrset/gnuarm-armcortex.instrset/win/bin/../lib/gcc/arm-none-eabi/13.2.1/thumb/v7e-m+fp/hard/crtbegin.o
 .text.frame_dummy
                0x08000b8c       0x24 C:/ProgramData/MATLAB/SupportPackages/R2024b/3P.instrset/gnuarm-armcortex.instrset/win/bin/../lib/gcc/arm-none-eabi/13.2.1/thumb/v7e-m+fp/hard/crtbegin.o
 .text.LL_TIM_GetCounterMode
                0x08000bb0       0x30 stm_timer_ll.o
 .text.LL_TIM_GetCounter
                0x08000be0       0x18 stm_timer_ll.o
 .text.LL_TIM_GetRepetitionCounter
                0x08000bf8       0x18 stm_timer_ll.o
 .text.LL_TIM_CC_EnableChannel
                0x08000c10       0x22 stm_timer_ll.o
 .text.LL_TIM_CC_DisableChannel
                0x08000c32       0x24 stm_timer_ll.o
 .text.LL_TIM_EnableAllOutputs
                0x08000c56       0x20 stm_timer_ll.o
 .text.LL_TIM_IsActiveFlag_IDX
                0x08000c76       0x28 stm_timer_ll.o
 .text.LL_TIM_EnableIT_UPDATE
                0x08000c9e       0x20 stm_timer_ll.o
 .text.LL_TIM_DisableIT_UPDATE
                0x08000cbe       0x20 stm_timer_ll.o
 .text.LL_TIM_IsEnabledIT_UPDATE
                0x08000cde       0x26 stm_timer_ll.o
 .text.LL_TIM_EnableIT_CC1
                0x08000d04       0x20 stm_timer_ll.o
 .text.LL_TIM_DisableIT_CC1
                0x08000d24       0x20 stm_timer_ll.o
 .text.LL_TIM_IsEnabledIT_CC1
                0x08000d44       0x26 stm_timer_ll.o
 .text.LL_TIM_EnableIT_CC2
                0x08000d6a       0x20 stm_timer_ll.o
 .text.LL_TIM_DisableIT_CC2
                0x08000d8a       0x20 stm_timer_ll.o
 .text.LL_TIM_IsEnabledIT_CC2
                0x08000daa       0x26 stm_timer_ll.o
 .text.LL_TIM_EnableIT_CC3
                0x08000dd0       0x20 stm_timer_ll.o
 .text.LL_TIM_DisableIT_CC3
                0x08000df0       0x20 stm_timer_ll.o
 .text.LL_TIM_IsEnabledIT_CC3
                0x08000e10       0x26 stm_timer_ll.o
 .text.LL_TIM_EnableIT_CC4
                0x08000e36       0x20 stm_timer_ll.o
 .text.LL_TIM_DisableIT_CC4
                0x08000e56       0x20 stm_timer_ll.o
 .text.LL_TIM_IsEnabledIT_CC4
                0x08000e76       0x26 stm_timer_ll.o
 .text.LL_TIM_EnableIT_COM
                0x08000e9c       0x20 stm_timer_ll.o
 .text.LL_TIM_DisableIT_COM
                0x08000ebc       0x20 stm_timer_ll.o
 .text.LL_TIM_IsEnabledIT_COM
                0x08000edc       0x26 stm_timer_ll.o
 .text.LL_TIM_EnableIT_TRIG
                0x08000f02       0x20 stm_timer_ll.o
 .text.LL_TIM_DisableIT_TRIG
                0x08000f22       0x20 stm_timer_ll.o
 .text.LL_TIM_IsEnabledIT_TRIG
                0x08000f42       0x26 stm_timer_ll.o
 .text.LL_TIM_EnableIT_BRK
                0x08000f68       0x20 stm_timer_ll.o
 .text.LL_TIM_DisableIT_BRK
                0x08000f88       0x20 stm_timer_ll.o
 .text.LL_TIM_IsEnabledIT_BRK
                0x08000fa8       0x26 stm_timer_ll.o
 .text.LL_TIM_EnableIT_TERR
                0x08000fce       0x20 stm_timer_ll.o
 .text.LL_TIM_DisableIT_TERR
                0x08000fee       0x20 stm_timer_ll.o
 .text.LL_TIM_IsEnabledIT_TERR
                0x0800100e       0x28 stm_timer_ll.o
 .text.LL_TIM_EnableIT_IERR
                0x08001036       0x20 stm_timer_ll.o
 .text.LL_TIM_DisableIT_IERR
                0x08001056       0x20 stm_timer_ll.o
 .text.LL_TIM_IsEnabledIT_IERR
                0x08001076       0x28 stm_timer_ll.o
 .text.LL_TIM_EnableIT_DIR
                0x0800109e       0x20 stm_timer_ll.o
 .text.LL_TIM_DisableIT_DIR
                0x080010be       0x20 stm_timer_ll.o
 .text.LL_TIM_IsEnabledIT_DIR
                0x080010de       0x28 stm_timer_ll.o
 .text.LL_TIM_EnableIT_IDX
                0x08001106       0x20 stm_timer_ll.o
 .text.LL_TIM_DisableIT_IDX
                0x08001126       0x20 stm_timer_ll.o
 .text.LL_TIM_IsEnabledIT_IDX
                0x08001146       0x28 stm_timer_ll.o
 .text.TIM_IsActiveFlagIDX
                0x0800116e       0x34 stm_timer_ll.o
                0x0800116e                TIM_IsActiveFlagIDX
 .text.enableTimerInterrupts
                0x080011a2      0x1c4 stm_timer_ll.o
                0x080011a2                enableTimerInterrupts
 .text.disableTimerInterrupts
                0x08001366      0x1c4 stm_timer_ll.o
                0x08001366                disableTimerInterrupts
 *fill*         0x0800152a        0x2 
 .text.enableTimerChannel1
                0x0800152c       0xb0 stm_timer_ll.o
                0x0800152c                enableTimerChannel1
 .text.disableTimerChannel1
                0x080015dc       0xb0 stm_timer_ll.o
                0x080015dc                disableTimerChannel1
 .text.enableTimerChannel2
                0x0800168c       0xb0 stm_timer_ll.o
                0x0800168c                enableTimerChannel2
 .text.disableTimerChannel2
                0x0800173c       0xb0 stm_timer_ll.o
                0x0800173c                disableTimerChannel2
 .text.Timer_Handle_Init
                0x080017ec      0x140 stm_timer_ll.o
                0x080017ec                Timer_Handle_Init
 .text.getTimerCounterValueForG4
                0x0800192c       0x64 stm_timer_ll.o
                0x0800192c                getTimerCounterValueForG4
 .text.extmodeParseArgs
                0x08001990       0x1e xcp_ext_mode.o
                0x08001990                extmodeParseArgs
 *fill*         0x080019ae        0x2 
 .text.extmodeInit
                0x080019b0      0x128 xcp_ext_mode.o
                0x080019b0                extmodeInit
 .text.extmodeWaitForHostRequest
                0x08001ad8       0xcc xcp_ext_mode.o
                0x08001ad8                extmodeWaitForHostRequest
 .text.extmodeEvent
                0x08001ba4       0xfc xcp_ext_mode.o
                0x08001ba4                extmodeEvent
 .text.extmodeBackgroundRun
                0x08001ca0       0x20 xcp_ext_mode.o
                0x08001ca0                extmodeBackgroundRun
 .text.extmodeReset
                0x08001cc0       0x40 xcp_ext_mode.o
                0x08001cc0                extmodeReset
 .text.extmodeStopRequested
                0x08001d00       0x18 xcp_ext_mode.o
                0x08001d00                extmodeStopRequested
 .text.extmodeSimulationComplete
                0x08001d18       0x18 xcp_ext_mode.o
                0x08001d18                extmodeSimulationComplete
 .text.LL_TIM_EnableCounter
                0x08001d30       0x20 Lab3Simulink.o
 .text.LL_TIM_DisableCounter
                0x08001d50       0x20 Lab3Simulink.o
 .text.LL_TIM_SetUpdateSource
                0x08001d70       0x26 Lab3Simulink.o
 .text.LL_TIM_GetUpdateSource
                0x08001d96       0x1c Lab3Simulink.o
 .text.LL_TIM_SetRepetitionCounter
                0x08001db2       0x1c Lab3Simulink.o
 .text.LL_TIM_GenerateEvent_UPDATE
                0x08001dce       0x20 Lab3Simulink.o
 .text.LL_GPIO_ReadInputPort
                0x08001dee       0x18 Lab3Simulink.o
 *fill*         0x08001e06        0x2 
 .text.isSlaveTriggerModeEnabled
                0x08001e08       0x30 Lab3Simulink.o
 .text.enableCounter
                0x08001e38      0x118 Lab3Simulink.o
 .text.disableCounter
                0x08001f50       0x1a Lab3Simulink.o
 .text.Lab3Simuli_DigitalPortRead_Init
                0x08001f6a       0x20 Lab3Simulink.o
                0x08001f6a                Lab3Simuli_DigitalPortRead_Init
 *fill*         0x08001f8a        0x2 
 .text.Lab3Simulink_DigitalPortRead
                0x08001f8c       0x34 Lab3Simulink.o
                0x08001f8c                Lab3Simulink_DigitalPortRead
 .text.Lab3Simu_DigitalPortRead_m_Init
                0x08001fc0       0x20 Lab3Simulink.o
                0x08001fc0                Lab3Simu_DigitalPortRead_m_Init
 .text.Lab3Simulink_DigitalPortRead_g
                0x08001fe0       0x34 Lab3Simulink.o
                0x08001fe0                Lab3Simulink_DigitalPortRead_g
 .text.Lab3Simu_DigitalPortRead_k_Init
                0x08002014       0x20 Lab3Simulink.o
                0x08002014                Lab3Simu_DigitalPortRead_k_Init
 .text.Lab3Simulink_DigitalPortRead_d
                0x08002034       0x34 Lab3Simulink.o
                0x08002034                Lab3Simulink_DigitalPortRead_d
 .text.Lab3Simul_MATLABFunction11_Init
                0x08002068       0x22 Lab3Simulink.o
                0x08002068                Lab3Simul_MATLABFunction11_Init
 *fill*         0x0800208a        0x6 
 .text.Lab3Simulink_MATLABFunction11
                0x08002090       0x60 Lab3Simulink.o
                0x08002090                Lab3Simulink_MATLABFunction11
 .text.Lab3Simul_MATLABFunction19_Init
                0x080020f0       0x28 Lab3Simulink.o
                0x080020f0                Lab3Simul_MATLABFunction19_Init
 .text.Lab3Simulink_MATLABFunction19
                0x08002118      0x108 Lab3Simulink.o
                0x08002118                Lab3Simulink_MATLABFunction19
 .text.Lab3Simulink_SystemCore_setup
                0x08002220       0x94 Lab3Simulink.o
 .text.Lab3Simulink_SystemCore_setup_e
                0x080022b4       0x94 Lab3Simulink.o
 .text.Lab3Simulin_SystemCore_setup_ea
                0x08002348       0x94 Lab3Simulink.o
 *fill*         0x080023dc        0x4 
 .text.Lab3Simulink_step
                0x080023e0      0x6d0 Lab3Simulink.o
                0x080023e0                Lab3Simulink_step
 .text.Lab3Simulink_initialize
                0x08002ab0      0x208 Lab3Simulink.o
                0x08002ab0                Lab3Simulink_initialize
 .text.Lab3Simulink_terminate
                0x08002cb8      0x114 Lab3Simulink.o
                0x08002cb8                Lab3Simulink_terminate
 .text.rt_OneStep
                0x08002dcc       0x78 ert_main.o
                0x08002dcc                rt_OneStep
 .text.main     0x08002e44      0x18c ert_main.o
                0x08002e44                main
 .text.xcp_void_printf
                0x08002fd0       0x12 xcp_ext_common.o
                0x08002fd0                xcp_void_printf
 .text.xcpCopyTimeValue
                0x08002fe2       0x26 xcp_ext_common.o
 .text.xcpExtModeUpdateTime
                0x08003008      0x13c xcp_ext_common.o
                0x08003008                xcpExtModeUpdateTime
 .text.xcpExtModeInit
                0x08003144       0xb0 xcp_ext_common.o
                0x08003144                xcpExtModeInit
 .text.xcpExtModeRunBackground
                0x080031f4      0x13c xcp_ext_common.o
                0x080031f4                xcpExtModeRunBackground
 .text.xcpExtModeReset
                0x08003330      0x128 xcp_ext_common.o
                0x08003330                xcpExtModeReset
 .text.sampleSignalTrigger
                0x08003458      0x1b4 xcp_ext_classic_trigger.o
 .text.updateTriggerStatus
                0x0800360c      0x2b8 xcp_ext_classic_trigger.o
 .text.xcpExtModeClassicTriggerInit
                0x080038c4       0x68 xcp_ext_classic_trigger.o
                0x080038c4                xcpExtModeClassicTriggerInit
 .text.xcpExtModeClassicTriggerEnabled
                0x0800392c      0x100 xcp_ext_classic_trigger.o
                0x0800392c                xcpExtModeClassicTriggerEnabled
 .text.xcpExtModeClassicTriggerReset
                0x08003a2c       0xf4 xcp_ext_classic_trigger.o
                0x08003a2c                xcpExtModeClassicTriggerReset
 .text.xcpExtModeClassicTriggerForceEnableStatusUpdate
                0x08003b20       0x78 xcp_ext_classic_trigger.o
                0x08003b20                xcpExtModeClassicTriggerForceEnableStatusUpdate
 .text.msgBufferRealloc
                0x08003b98       0x72 xcp.o
 *fill*         0x08003c0a        0x2 
 .text.discardInputPacketHandler
                0x08003c0c       0x3c xcp.o
 .text.unknownInputPacketHandler
                0x08003c48       0x34 xcp.o
 .text.xcpGetPacketGroupID
                0x08003c7c       0x74 xcp.o
 .text.xcpGetPacketHandlers
                0x08003cf0      0x124 xcp.o
 .text.xcpStatusSet
                0x08003e14       0x20 xcp.o
                0x08003e14                xcpStatusSet
 .text.xcpSessionStatusGet
                0x08003e34       0x18 xcp.o
                0x08003e34                xcpSessionStatusGet
 .text.xcpSessionStatusSetMask
                0x08003e4c       0x28 xcp.o
                0x08003e4c                xcpSessionStatusSetMask
 .text.xcpSessionStatusClearMask
                0x08003e74       0x34 xcp.o
                0x08003e74                xcpSessionStatusClearMask
 .text.xcpResourceProtectionStatusGet
                0x08003ea8       0x18 xcp.o
                0x08003ea8                xcpResourceProtectionStatusGet
 .text.xcpSessionConfigurationIdGet
                0x08003ec0       0x18 xcp.o
                0x08003ec0                xcpSessionConfigurationIdGet
 .text.genericOutputPacketHandler
                0x08003ed8      0x11c xcp.o
                0x08003ed8                genericOutputPacketHandler
 .text.xcpFindPacket
                0x08003ff4       0x6e xcp.o
                0x08003ff4                xcpFindPacket
 *fill*         0x08004062        0x2 
 .text.xcpInit  0x08004064       0x64 xcp.o
                0x08004064                xcpInit
 .text.xcpRun   0x080040c8      0x194 xcp.o
                0x080040c8                xcpRun
 .text.xcpEvent
                0x0800425c       0x50 xcp.o
                0x0800425c                xcpEvent
 .text.xcpGetStatus
                0x080042ac       0x18 xcp.o
                0x080042ac                xcpGetStatus
 .text.xcpReset
                0x080042c4       0x40 xcp.o
                0x080042c4                xcpReset
 .text.xcpPackedModeEventsFlush
                0x08004304       0x1e xcp.o
                0x08004304                xcpPackedModeEventsFlush
 .text.xcpPackedModeEventReset
                0x08004322       0x2a xcp.o
                0x08004322                xcpPackedModeEventReset
 .text.isValidUploadSize
                0x0800434c       0x30 xcp_standard.o
 .text.xcpMemcpyFromMTA
                0x0800437c       0x38 xcp_standard.o
 .text.connectInputPacketHandler
                0x080043b4       0xa4 xcp_standard.o
 .text.connectOutputPacketHandler
                0x08004458       0xd4 xcp_standard.o
 .text.disconnectInputPacketHandler
                0x0800452c       0x54 xcp_standard.o
 .text.getStatusInputPacketHandler
                0x08004580       0x28 xcp_standard.o
 .text.getStatusOutputPacketHandler
                0x080045a8       0x80 xcp_standard.o
 .text.synchInputPacketHandler
                0x08004628       0x44 xcp_standard.o
 .text.setMTAInputPacketHandler
                0x0800466c       0x78 xcp_standard.o
 .text.uploadInputPacketHandler
                0x080046e4       0x98 xcp_standard.o
 .text.uploadOutputPacketHandler
                0x0800477c       0x9c xcp_standard.o
 .text.shortUploadInputPacketHandler
                0x08004818       0xa4 xcp_standard.o
 .text.shortUploadOutputPacketHandler
                0x080048bc       0x9c xcp_standard.o
 .text.getPacket
                0x08004958       0x24 xcp_standard.o
 .text.xcpStandardInit
                0x0800497c       0x18 xcp_standard.o
                0x0800497c                xcpStandardInit
 .text.xcpStandardGetPacketLookup
                0x08004994       0x18 xcp_standard.o
                0x08004994                xcpStandardGetPacketLookup
 .text.xcpStandardSetPacketLookup
                0x080049ac       0x20 xcp_standard.o
                0x080049ac                xcpStandardSetPacketLookup
 .text.xcpStandardReset
                0x080049cc       0x12 xcp_standard.o
                0x080049cc                xcpStandardReset
 *fill*         0x080049de        0x2 
 .text.xcpStandardGetAddressFromMta
                0x080049e0       0x18 xcp_standard.o
                0x080049e0                xcpStandardGetAddressFromMta
 .text.xcpStandardSetMta
                0x080049f8       0x3c xcp_standard.o
                0x080049f8                xcpStandardSetMta
 .text.xcpStandardIncrementMta
                0x08004a34       0x28 xcp_standard.o
                0x08004a34                xcpStandardIncrementMta
 .text.xcpStandardExtendedInit
                0x08004a5c        0xe xcp_standard.o
                0x08004a5c                xcpStandardExtendedInit
 .text.xcpStandardExtendedReset
                0x08004a6a        0xe xcp_standard.o
                0x08004a6a                xcpStandardExtendedReset
 .text.xcpDaqWriteLock
                0x08004a78       0x4c xcp_daq.o
 .text.xcpDaqWriteUnlock
                0x08004ac4       0x20 xcp_daq.o
 .text.xcpDaqReadLock
                0x08004ae4       0x38 xcp_daq.o
 .text.xcpDaqReadUnlock
                0x08004b1c       0x38 xcp_daq.o
 .text.isActiveDaqList
                0x08004b54       0x50 xcp_daq.o
 .text.noActiveDaqLists
                0x08004ba4       0x50 xcp_daq.o
 .text.isValidDaqPtr
                0x08004bf4       0xb8 xcp_daq.o
 .text.isValidDaqEntry
                0x08004cac       0x36 xcp_daq.o
 .text.isSupportedDaqListMode
                0x08004ce2       0x26 xcp_daq.o
 .text.isValidStartStopMode
                0x08004d08       0x32 xcp_daq.o
 .text.isValidStartStopSynchMode
                0x08004d3a       0x32 xcp_daq.o
 .text.absoluteOdtNumberIdentification
                0x08004d6c       0x10 xcp_daq.o
 .text.isDaqPackedModeEnabled
                0x08004d7c       0x6c xcp_daq.o
 .text.odtPacketSize
                0x08004de8       0x54 xcp_daq.o
 .text.createDaqReservedPool
                0x08004e3c       0x88 xcp_daq.o
 .text.destroyDaqReservedPool
                0x08004ec4       0x2c xcp_daq.o
 .text.setDaqPtrInputPacketHandler
                0x08004ef0       0xdc xcp_daq.o
 .text.writeDaqInputPacketHandler
                0x08004fcc      0x198 xcp_daq.o
 .text.setDaqListModeInputPacketHandler
                0x08005164      0x1c8 xcp_daq.o
 .text.startStopDaqListInputPacketHandler
                0x0800532c      0x3f4 xcp_daq.o
 .text.startStopDaqListOutputPacketHandler
                0x08005720       0x5c xcp_daq.o
 .text.startStopSynchInputPacketHandler
                0x0800577c      0x328 xcp_daq.o
 .text.getDaqProcessorInfoInputPacketHandler
                0x08005aa4       0x28 xcp_daq.o
 .text.getDaqProcessorInfoOutputPacketHandler
                0x08005acc       0xac xcp_daq.o
 .text.getDaqResolutionInfoInputPacketHandler
                0x08005b78       0x28 xcp_daq.o
 .text.getDaqResolutionInfoOutputPacketHandler
                0x08005ba0       0xb8 xcp_daq.o
 .text.freeDaqInputPacketHandler
                0x08005c58       0x5c xcp_daq.o
 .text.allocDaqInputPacketHandler
                0x08005cb4      0x18c xcp_daq.o
 .text.allocOdtInputPacketHandler
                0x08005e40      0x1c0 xcp_daq.o
 .text.allocOdtEntryInputPacketHandler
                0x08006000      0x270 xcp_daq.o
 .text.getDaqClockInputPacketHandler
                0x08006270       0x22 xcp_daq.o
 *fill*         0x08006292        0x2 
 .text.setDaqPackedModeInputPacketHandler
                0x08006294      0x21c xcp_daq.o
 .text.level1CommandInputPacketHandler
                0x080064b0       0x64 xcp_daq.o
 .text.getPacket
                0x08006514       0x24 xcp_daq.o
 .text.xcpDaqInit
                0x08006538       0x38 xcp_daq.o
                0x08006538                xcpDaqInit
 .text.xcpDaqGetPacketLookup
                0x08006570       0x18 xcp_daq.o
                0x08006570                xcpDaqGetPacketLookup
 .text.xcpDaqSetPacketLookup
                0x08006588       0x20 xcp_daq.o
                0x08006588                xcpDaqSetPacketLookup
 .text.xcpResetDaq
                0x080065a8       0xa4 xcp_daq.o
 .text.daqWriteXCPDataForOdt
                0x0800664c       0x7c xcp_daq.o
 .text.odtWriteEntries
                0x080066c8       0x9c xcp_daq.o
 .text.xcpProcessDaq
                0x08006764      0x208 xcp_daq.o
 .text.xcpDaqEvent
                0x0800696c      0x108 xcp_daq.o
                0x0800696c                xcpDaqEvent
 .text.xcpDaqEventsFlush
                0x08006a74      0x284 xcp_daq.o
                0x08006a74                xcpDaqEventsFlush
 .text.xcpDaqLock
                0x08006cf8       0x1e xcp_daq.o
                0x08006cf8                xcpDaqLock
 .text.xcpDaqUnlock
                0x08006d16        0xe xcp_daq.o
                0x08006d16                xcpDaqUnlock
 .text.xcpResetDaqListStatus
                0x08006d24      0x19c xcp_daq.o
                0x08006d24                xcpResetDaqListStatus
 .text.xcpDaqReset
                0x08006ec0       0x20 xcp_daq.o
                0x08006ec0                xcpDaqReset
 .text.xcpDaqExtendedInit
                0x08006ee0        0xe xcp_daq.o
                0x08006ee0                xcpDaqExtendedInit
 .text.xcpDaqExtendedReset
                0x08006eee        0xe xcp_daq.o
                0x08006eee                xcpDaqExtendedReset
 .text.isValidShortDownloadSize
                0x08006efc       0x34 xcp_calibration.o
 .text.isValidDownloadSize
                0x08006f30       0x3a xcp_calibration.o
 *fill*         0x08006f6a        0x2 
 .text.xcpMemcpyToMTA
                0x08006f6c       0x34 xcp_calibration.o
 .text.downloadInputPacketHandler
                0x08006fa0       0xb0 xcp_calibration.o
 .text.shortDownloadInputPacketHandler
                0x08007050       0xb8 xcp_calibration.o
 .text.getPacket
                0x08007108       0x24 xcp_calibration.o
 .text.xcpCalibrationInit
                0x0800712c       0x14 xcp_calibration.o
                0x0800712c                xcpCalibrationInit
 .text.xcpCalibrationGetPacketLookup
                0x08007140       0x18 xcp_calibration.o
                0x08007140                xcpCalibrationGetPacketLookup
 .text.xcpCalibrationSetPacketLookup
                0x08007158       0x20 xcp_calibration.o
                0x08007158                xcpCalibrationSetPacketLookup
 .text.xcpCalibrationReset
                0x08007178        0xe xcp_calibration.o
                0x08007178                xcpCalibrationReset
 .text.xcpFifoInit
                0x08007186       0x20 xcp_fifo.o
                0x08007186                xcpFifoInit
 .text.xcpFifoEnqueue
                0x080071a6       0x2a xcp_fifo.o
                0x080071a6                xcpFifoEnqueue
 .text.xcpFifoDequeue
                0x080071d0       0x3e xcp_fifo.o
                0x080071d0                xcpFifoDequeue
 .text.xcpFifoEnqueueHead
                0x0800720e       0x32 xcp_fifo.o
                0x0800720e                xcpFifoEnqueueHead
 .text.xcpFifoReset
                0x08007240       0x16 xcp_fifo.o
                0x08007240                xcpFifoReset
 *fill*         0x08007256        0x2 
 .text.xcpTransportEmptyTxFifo
                0x08007258       0x6c xcp_transport.o
 .text.xcpTransportEmptyRxFifo
                0x080072c4       0x6c xcp_transport.o
 .text.xcpTransportInit
                0x08007330      0x138 xcp_transport.o
                0x08007330                xcpTransportInit
 .text.xcpTransportTxReady
                0x08007468       0x1a xcp_transport.o
                0x08007468                xcpTransportTxReady
 .text.xcpTransportTxTrigger
                0x08007482       0x1a xcp_transport.o
                0x08007482                xcpTransportTxTrigger
 .text.xcpTransportTxPacketSet
                0x0800749c      0x144 xcp_transport.o
                0x0800749c                xcpTransportTxPacketSet
 .text.xcpTransportTx
                0x080075e0       0xec xcp_transport.o
                0x080075e0                xcpTransportTx
 .text.xcpTransportRx
                0x080076cc       0x80 xcp_transport.o
                0x080076cc                xcpTransportRx
 .text.xcpTransportRxPacketGet
                0x0800774c      0x12c xcp_transport.o
                0x0800774c                xcpTransportRxPacketGet
 .text.xcpTransportPacketOffset
                0x08007878       0x20 xcp_transport.o
                0x08007878                xcpTransportPacketOffset
 .text.xcpTransportMsgBufferSize
                0x08007898       0x70 xcp_transport.o
                0x08007898                xcpTransportMsgBufferSize
 .text.xcpTransportMaxDtoSize
                0x08007908        0xe xcp_transport.o
                0x08007908                xcpTransportMaxDtoSize
 .text.xcpTransportMaxCtoSize
                0x08007916        0xe xcp_transport.o
                0x08007916                xcpTransportMaxCtoSize
 .text.xcpTransportRestart
                0x08007924       0x44 xcp_transport.o
                0x08007924                xcpTransportRestart
 .text.xcpTransportResynch
                0x08007968       0x40 xcp_transport.o
                0x08007968                xcpTransportResynch
 .text.xcpTransportCtoReservedMemPoolId
                0x080079a8       0x18 xcp_transport.o
                0x080079a8                xcpTransportCtoReservedMemPoolId
 .text.xcpTransportReset
                0x080079c0       0xe4 xcp_transport.o
                0x080079c0                xcpTransportReset
 .text.xcpInitializePoolMemoryArea
                0x08007aa4       0x72 xcp_mem_default.o
 *fill*         0x08007b16        0x2 
 .text.xcpMemInit
                0x08007b18      0x1d4 xcp_mem_default.o
                0x08007b18                xcpMemInit
 .text.xcpMemAlloc
                0x08007cec       0xe8 xcp_mem_default.o
                0x08007cec                xcpMemAlloc
 .text.xcpMemFree
                0x08007dd4      0x170 xcp_mem_default.o
                0x08007dd4                xcpMemFree
 .text.xcpMemReservedPoolCreate
                0x08007f44      0x224 xcp_mem_default.o
                0x08007f44                xcpMemReservedPoolCreate
 .text.xcpMemReservedPoolDestroy
                0x08008168      0x158 xcp_mem_default.o
                0x08008168                xcpMemReservedPoolDestroy
 .text.xcpMemCustomPoolCreate
                0x080082c0       0xbc xcp_mem_default.o
                0x080082c0                xcpMemCustomPoolCreate
 .text.xcpMemCustomPoolDestroy
                0x0800837c       0x64 xcp_mem_default.o
                0x0800837c                xcpMemCustomPoolDestroy
 .text.xcpMemAllocFromPool
                0x080083e0      0x170 xcp_mem_default.o
                0x080083e0                xcpMemAllocFromPool
 .text.xcpMemReset
                0x08008550       0x50 xcp_mem_default.o
                0x08008550                xcpMemReset
 .text.xcpDrvOpen
                0x080085a0       0x64 xcp_drv_rtiostream.o
                0x080085a0                xcpDrvOpen
 .text.xcpDrvIoctl
                0x08008604       0x4c xcp_drv_rtiostream.o
                0x08008604                xcpDrvIoctl
 .text.xcpDrvSend
                0x08008650      0x14c xcp_drv_rtiostream.o
                0x08008650                xcpDrvSend
 .text.xcpDrvRecv
                0x0800879c      0x14c xcp_drv_rtiostream.o
                0x0800879c                xcpDrvRecv
 .text.xcpDrvClose
                0x080088e8       0x5c xcp_drv_rtiostream.o
                0x080088e8                xcpDrvClose
 .text.xcpSortArray
                0x08008944       0xcc xcp_utils.o
                0x08008944                xcpSortArray
 .text.xcpSxiHtons
                0x08008a10       0x18 xcp_frame_serial.o
 .text.xcpSxiNtohs
                0x08008a28       0x1c xcp_frame_serial.o
 .text.xcpSxiChecksum
                0x08008a44       0x3e xcp_frame_serial.o
                0x08008a44                xcpSxiChecksum
 *fill*         0x08008a82        0x2 
 .text.xcpFrameInit
                0x08008a84       0x70 xcp_frame_serial.o
                0x08008a84                xcpFrameInit
 .text.xcpFrameMsgSend
                0x08008af4      0x188 xcp_frame_serial.o
                0x08008af4                xcpFrameMsgSend
 .text.xcpFrameMsgRecv
                0x08008c7c      0x180 xcp_frame_serial.o
                0x08008c7c                xcpFrameMsgRecv
 .text.xcpFrameCreateMsg
                0x08008dfc       0x94 xcp_frame_serial.o
                0x08008dfc                xcpFrameCreateMsg
 .text.xcpFrameExtractPacket
                0x08008e90      0x158 xcp_frame_serial.o
                0x08008e90                xcpFrameExtractPacket
 .text.xcpFrameHeaderSize
                0x08008fe8       0x10 xcp_frame_serial.o
                0x08008fe8                xcpFrameHeaderSize
 .text.xcpFrameTailSize
                0x08008ff8       0x10 xcp_frame_serial.o
                0x08008ff8                xcpFrameTailSize
 .text.xcpFrameMaxDtoSize
                0x08009008       0x12 xcp_frame_serial.o
                0x08009008                xcpFrameMaxDtoSize
 .text.xcpFrameMaxCtoSize
                0x0800901a       0x10 xcp_frame_serial.o
                0x0800901a                xcpFrameMaxCtoSize
 *fill*         0x0800902a        0x2 
 .text.xcpFrameRestart
                0x0800902c       0x30 xcp_frame_serial.o
                0x0800902c                xcpFrameRestart
 .text.xcpFrameSetCtoReservedMemPoolId
                0x0800905c       0x20 xcp_frame_serial.o
                0x0800905c                xcpFrameSetCtoReservedMemPoolId
 .text.xcpFrameReset
                0x0800907c       0x70 xcp_frame_serial.o
                0x0800907c                xcpFrameReset
 .text.xcpTransportGetInitParameters
                0x080090ec       0x2e xcp_ext_param_default_serial.o
                0x080090ec                xcpTransportGetInitParameters
 .text.xcpGetInitParameters
                0x0800911a       0x2e xcp_ext_param_default_serial.o
                0x0800911a                xcpGetInitParameters
 .text.HAL_Delay
                0x08009148       0x2e overrideHALDelay.o
                0x08009148                HAL_Delay
 *fill*         0x08009176        0x2 
 .text.PeriphCommonClock_Config
                0x08009178       0x10 platform_timer.o
                0x08009178                PeriphCommonClock_Config
 .text.getCurrentTimestampInMicros
                0x08009188       0x3c platform_timer.o
                0x08009188                getCurrentTimestampInMicros
 .text.returnTimeElapsed
                0x080091c4       0x2c platform_timer.o
                0x080091c4                returnTimeElapsed
 .text.timestampInit
                0x080091f0       0x28 platform_timer.o
 .text.getCurrentTimestamp
                0x08009218       0x44 platform_timer.o
                0x08009218                getCurrentTimestamp
 .text.__NVIC_SetPriority
                0x0800925c       0x54 SysTickScheduler.o
 .text.SysTick_Config
                0x080092b0       0x44 SysTickScheduler.o
 .text.SysTick_Isr
                0x080092f4       0x48 SysTickScheduler.o
 .text.SysTick_Handler
                0x0800933c       0x20 SysTickScheduler.o
                0x0800933c                SysTick_Handler
 .text.ARMCM_SysTick_Config
                0x0800935c       0xb0 SysTickScheduler.o
                0x0800935c                ARMCM_SysTick_Config
 .text.PendSV_Handler
                0x0800940c       0x44 m3m4m4f_multitasking.o
                0x0800940c                PendSV_Handler
 .text.SVC_Handler
                0x08009450       0x58 m3m4m4f_multitasking.o
                0x08009450                SVC_Handler
 .text.rtIOStreamOpen
                0x080094a8       0x44 rtiostream_serial.o
                0x080094a8                rtIOStreamOpen
 .text.rtIOStreamSend
                0x080094ec       0x38 rtiostream_serial.o
                0x080094ec                rtIOStreamSend
 .text.rtIOStreamRecv
                0x08009524       0x48 rtiostream_serial.o
                0x08009524                rtIOStreamRecv
 .text.rtIOStreamClose
                0x0800956c       0x20 rtiostream_serial.o
                0x0800956c                rtIOStreamClose
 .text.LL_DMA_GetDataLength
                0x0800958c       0x30 stm_usart.o
 .text.getAvailableDataInBuffer
                0x080095bc       0xcc stm_usart.o
                0x080095bc                getAvailableDataInBuffer
 .text.getBytesToBeReadFromBuffer
                0x08009688       0x6e stm_usart.o
                0x08009688                getBytesToBeReadFromBuffer
 *fill*         0x080096f6        0x2 
 .text.readDataFromBuffer
                0x080096f8       0xdc stm_usart.o
                0x080096f8                readDataFromBuffer
 .text.__NVIC_GetPriorityGrouping
                0x080097d4       0x1c stm_lpuart.o
 .text.__NVIC_EnableIRQ
                0x080097f0       0x3c stm_lpuart.o
 .text.__NVIC_SetPriority
                0x0800982c       0x54 stm_lpuart.o
 .text.NVIC_EncodePriority
                0x08009880       0x66 stm_lpuart.o
 *fill*         0x080098e6        0x2 
 .text.LL_DMA_EnableChannel
                0x080098e8       0x44 stm_lpuart.o
 .text.LL_DMA_DisableChannel
                0x0800992c       0x44 stm_lpuart.o
 .text.LL_DMA_GetMode
                0x08009970       0x34 stm_lpuart.o
 .text.LL_DMA_SetDataLength
                0x080099a4       0x4c stm_lpuart.o
 .text.LL_DMA_ConfigAddresses
                0x080099f0       0x7c stm_lpuart.o
 .text.LL_DMA_IsActiveFlag_TC1
                0x08009a6c       0x26 stm_lpuart.o
 .text.LL_DMA_ClearFlag_TC1
                0x08009a92       0x1a stm_lpuart.o
 .text.LL_DMA_EnableIT_TC
                0x08009aac       0x44 stm_lpuart.o
 .text.LL_DMA_DisableIT_TC
                0x08009af0       0x44 stm_lpuart.o
 .text.LL_DMA_IsEnabledIT_TC
                0x08009b34       0x3c stm_lpuart.o
 .text.LL_LPUART_Enable
                0x08009b70       0x20 stm_lpuart.o
 .text.LL_LPUART_Disable
                0x08009b90       0x20 stm_lpuart.o
 .text.LL_LPUART_IsEnabled
                0x08009bb0       0x26 stm_lpuart.o
 .text.LL_LPUART_IsActiveFlag_PE
                0x08009bd6       0x26 stm_lpuart.o
 .text.LL_LPUART_IsActiveFlag_FE
                0x08009bfc       0x26 stm_lpuart.o
 .text.LL_LPUART_IsActiveFlag_NE
                0x08009c22       0x26 stm_lpuart.o
 .text.LL_LPUART_IsActiveFlag_ORE
                0x08009c48       0x26 stm_lpuart.o
 .text.LL_LPUART_IsActiveFlag_TC
                0x08009c6e       0x26 stm_lpuart.o
 .text.LL_LPUART_IsActiveFlag_TXE_TXFNF
                0x08009c94       0x26 stm_lpuart.o
 .text.LL_LPUART_ClearFlag_PE
                0x08009cba       0x1a stm_lpuart.o
 .text.LL_LPUART_ClearFlag_FE
                0x08009cd4       0x1a stm_lpuart.o
 .text.LL_LPUART_ClearFlag_NE
                0x08009cee       0x1a stm_lpuart.o
 .text.LL_LPUART_ClearFlag_ORE
                0x08009d08       0x1a stm_lpuart.o
 .text.LL_LPUART_EnableIT_RXNE_RXFNE
                0x08009d22       0x42 stm_lpuart.o
 .text.LL_LPUART_EnableIT_PE
                0x08009d64       0x42 stm_lpuart.o
 .text.LL_LPUART_EnableIT_ERROR
                0x08009da6       0x46 stm_lpuart.o
 .text.LL_LPUART_DisableIT_RXNE_RXFNE
                0x08009dec       0x42 stm_lpuart.o
 .text.LL_LPUART_DisableIT_TXE_TXFNF
                0x08009e2e       0x42 stm_lpuart.o
 .text.LL_LPUART_DisableIT_PE
                0x08009e70       0x42 stm_lpuart.o
 .text.LL_LPUART_DisableIT_ERROR
                0x08009eb2       0x46 stm_lpuart.o
 .text.LL_LPUART_EnableDMAReq_RX
                0x08009ef8       0x46 stm_lpuart.o
 .text.LL_LPUART_DisableDMAReq_RX
                0x08009f3e       0x46 stm_lpuart.o
 .text.LL_LPUART_EnableDMAReq_TX
                0x08009f84       0x46 stm_lpuart.o
 .text.LL_LPUART_DisableDMAReq_TX
                0x08009fca       0x46 stm_lpuart.o
 .text.LL_LPUART_DMA_GetRegAddr
                0x0800a010       0x2c stm_lpuart.o
 .text.LL_LPUART_ReceiveData8
                0x0800a03c       0x1a stm_lpuart.o
 .text.LL_LPUART_TransmitData8
                0x0800a056       0x1e stm_lpuart.o
 .text.LPUART_RXDMAInterruptHandler
                0x0800a074       0xd4 stm_lpuart.o
                0x0800a074                LPUART_RXDMAInterruptHandler
 .text.LPUART_IsActiveFlagError
                0x0800a148       0xf4 stm_lpuart.o
                0x0800a148                LPUART_IsActiveFlagError
 .text.LPUART1_IRQHandler
                0x0800a23c       0x14 stm_lpuart.o
                0x0800a23c                LPUART1_IRQHandler
 .text.DMA1_Channel1_IRQHandler
                0x0800a250       0x20 stm_lpuart.o
                0x0800a250                DMA1_Channel1_IRQHandler
 .text.LPUART_ConfigureReceiveDMA
                0x0800a270       0xae stm_lpuart.o
                0x0800a270                LPUART_ConfigureReceiveDMA
 .text.LPUART_ConfigureTransmitDMA
                0x0800a31e       0x7a stm_lpuart.o
                0x0800a31e                LPUART_ConfigureTransmitDMA
 .text.MW_LPUART_GetReadErrorStatus
                0x0800a398       0xc8 stm_lpuart.o
                0x0800a398                MW_LPUART_GetReadErrorStatus
 .text.MW_LPUART_Initialize
                0x0800a460      0x170 stm_lpuart.o
                0x0800a460                MW_LPUART_Initialize
 .text.MW_LPUART_ReceiveUsingBuffer
                0x0800a5d0       0x5c stm_lpuart.o
                0x0800a5d0                MW_LPUART_ReceiveUsingBuffer
 .text.MW_LPUART_TransmitUsingPolling
                0x0800a62c      0x184 stm_lpuart.o
                0x0800a62c                MW_LPUART_TransmitUsingPolling
 .text.MW_LPUART_DeInit
                0x0800a7b0       0xaa stm_lpuart.o
                0x0800a7b0                MW_LPUART_DeInit
 .text.sys_arch_protect
                0x0800a85a       0x22 sys_arch.o
                0x0800a85a                sys_arch_protect
 .text.sys_arch_unprotect
                0x0800a87c       0x20 sys_arch.o
                0x0800a87c                sys_arch_unprotect
 .text.__NVIC_GetPriorityGrouping
                0x0800a89c       0x1c main.o
 .text.__NVIC_EnableIRQ
                0x0800a8b8       0x3c main.o
 .text.__NVIC_SetPriority
                0x0800a8f4       0x54 main.o
 .text.NVIC_EncodePriority
                0x0800a948       0x66 main.o
 *fill*         0x0800a9ae        0x2 
 .text.LL_DMA_SetDataTransferDirection
                0x0800a9b0       0x50 main.o
 .text.LL_DMA_SetMode
                0x0800aa00       0x4c main.o
 .text.LL_DMA_SetPeriphIncMode
                0x0800aa4c       0x4c main.o
 .text.LL_DMA_SetMemoryIncMode
                0x0800aa98       0x4c main.o
 .text.LL_DMA_SetPeriphSize
                0x0800aae4       0x4c main.o
 .text.LL_DMA_SetMemorySize
                0x0800ab30       0x4c main.o
 .text.LL_DMA_SetChannelPriorityLevel
                0x0800ab7c       0x4c main.o
 .text.LL_DMA_SetPeriphRequest
                0x0800abc8       0x54 main.o
 .text.LL_LPUART_Enable
                0x0800ac1c       0x20 main.o
 .text.LL_LPUART_DisableFIFO
                0x0800ac3c       0x20 main.o
 .text.LL_LPUART_SetTXFIFOThreshold
                0x0800ac5c       0x4e main.o
 .text.LL_LPUART_SetRXFIFOThreshold
                0x0800acaa       0x4e main.o
 .text.LL_LPUART_IsActiveFlag_TEACK
                0x0800acf8       0x28 main.o
 .text.LL_LPUART_IsActiveFlag_REACK
                0x0800ad20       0x28 main.o
 .text.LL_RCC_HSI_Enable
                0x0800ad48       0x20 main.o
 .text.LL_RCC_HSI_IsReady
                0x0800ad68       0x28 main.o
 .text.LL_RCC_HSI_SetCalibTrimming
                0x0800ad90       0x2c main.o
 .text.LL_RCC_SetSysClkSource
                0x0800adbc       0x28 main.o
 .text.LL_RCC_GetSysClkSource
                0x0800ade4       0x1c main.o
 .text.LL_RCC_SetAHBPrescaler
                0x0800ae00       0x28 main.o
 .text.LL_RCC_SetAPB1Prescaler
                0x0800ae28       0x28 main.o
 .text.LL_RCC_SetAPB2Prescaler
                0x0800ae50       0x28 main.o
 .text.LL_RCC_SetLPUARTClockSource
                0x0800ae78       0x2c main.o
 .text.LL_RCC_PLL_Enable
                0x0800aea4       0x20 main.o
 .text.LL_RCC_PLL_IsReady
                0x0800aec4       0x28 main.o
 .text.LL_RCC_PLL_ConfigDomain_SYS
                0x0800aeec       0x40 main.o
 .text.LL_RCC_PLL_EnableDomain_SYS
                0x0800af2c       0x20 main.o
 .text.LL_AHB1_GRP1_EnableClock
                0x0800af4c       0x30 main.o
 .text.LL_AHB2_GRP1_EnableClock
                0x0800af7c       0x30 main.o
 .text.LL_APB1_GRP1_EnableClock
                0x0800afac       0x30 main.o
 .text.LL_APB1_GRP2_EnableClock
                0x0800afdc       0x30 main.o
 .text.LL_APB2_GRP1_EnableClock
                0x0800b00c       0x30 main.o
 .text.LL_SYSCFG_SetEXTISource
                0x0800b03c       0x70 main.o
 .text.LL_FLASH_SetLatency
                0x0800b0ac       0x28 main.o
 .text.LL_FLASH_GetLatency
                0x0800b0d4       0x1c main.o
 .text.LL_PWR_EnableRange1BoostMode
                0x0800b0f0       0x24 main.o
 .text.LL_TIM_DisableARRPreload
                0x0800b114       0x20 main.o
 .text.LL_TIM_IC_SetActiveInput
                0x0800b134       0xc0 main.o
 .text.LL_TIM_IC_SetPrescaler
                0x0800b1f4       0xc0 main.o
 .text.LL_TIM_IC_SetFilter
                0x0800b2b4       0xc0 main.o
 .text.LL_TIM_IC_SetPolarity
                0x0800b374       0xac main.o
 .text.LL_TIM_SetEncoderMode
                0x0800b420       0x2a main.o
 .text.LL_TIM_SetTriggerOutput
                0x0800b44a       0x2a main.o
 .text.LL_TIM_SetTriggerOutput2
                0x0800b474       0x26 main.o
 .text.LL_TIM_DisableMasterSlaveMode
                0x0800b49a       0x20 main.o
 .text.LL_GPIO_SetPinMode
                0x0800b4ba       0x7a main.o
 .text.LL_GPIO_SetPinPull
                0x0800b534       0x7a main.o
 .text.LL_GPIO_ResetOutputPin
                0x0800b5ae       0x1c main.o
 *fill*         0x0800b5ca        0x2 
 .text.SystemClock_Config
                0x0800b5cc       0xc8 main.o
                0x0800b5cc                SystemClock_Config
 .text.MX_LPUART1_UART_Init
                0x0800b694      0x148 main.o
                0x0800b694                MX_LPUART1_UART_Init
 .text.MX_TIM3_Init
                0x0800b7dc      0x118 main.o
                0x0800b7dc                MX_TIM3_Init
 .text.MX_TIM4_Init
                0x0800b8f4      0x118 main.o
                0x0800b8f4                MX_TIM4_Init
 .text.MX_TIM8_Init
                0x0800ba0c      0x12c main.o
                0x0800ba0c                MX_TIM8_Init
 .text.MX_DMA_Init
                0x0800bb38       0x34 main.o
                0x0800bb38                MX_DMA_Init
 .text.MX_GPIO_Init
                0x0800bb6c      0x108 main.o
                0x0800bb6c                MX_GPIO_Init
 .text.HAL_TIM_PeriodElapsedCallback
                0x0800bc74       0x1e main.o
                0x0800bc74                HAL_TIM_PeriodElapsedCallback
 .text.Error_Handler
                0x0800bc92        0xc main.o
                0x0800bc92                Error_Handler
 *fill*         0x0800bc9e        0x2 
 .text.LL_EXTI_IsActiveFlag_0_31
                0x0800bca0       0x2c stm32g4xx_it.o
 .text.LL_EXTI_ClearFlag_0_31
                0x0800bccc       0x20 stm32g4xx_it.o
 .text.NMI_Handler
                0x0800bcec        0x8 stm32g4xx_it.o
                0x0800bcec                NMI_Handler
 .text.HardFault_Handler
                0x0800bcf4        0x8 stm32g4xx_it.o
                0x0800bcf4                HardFault_Handler
 .text.MemManage_Handler
                0x0800bcfc        0x8 stm32g4xx_it.o
                0x0800bcfc                MemManage_Handler
 .text.BusFault_Handler
                0x0800bd04        0x8 stm32g4xx_it.o
                0x0800bd04                BusFault_Handler
 .text.UsageFault_Handler
                0x0800bd0c        0x8 stm32g4xx_it.o
                0x0800bd0c                UsageFault_Handler
 .text.DebugMon_Handler
                0x0800bd14        0xe stm32g4xx_it.o
                0x0800bd14                DebugMon_Handler
 *fill*         0x0800bd22        0x2 
 .text.TIM2_IRQHandler
                0x0800bd24       0x14 stm32g4xx_it.o
                0x0800bd24                TIM2_IRQHandler
 .text.EXTI15_10_IRQHandler
                0x0800bd38       0x1e stm32g4xx_it.o
                0x0800bd38                EXTI15_10_IRQHandler
 *fill*         0x0800bd56        0x2 
 .text.HAL_MspInit
                0x0800bd58       0x48 stm32g4xx_hal_msp.o
                0x0800bd58                HAL_MspInit
 .text.HAL_InitTick
                0x0800bda0       0xdc stm32g4xx_hal_timebase_tim.o
                0x0800bda0                HAL_InitTick
 .text.LL_SetSystemCoreClock
                0x0800be7c       0x20 stm32g4xx_ll_utils.o
                0x0800be7c                LL_SetSystemCoreClock
 .text.LL_EXTI_EnableIT_0_31
                0x0800be9c       0x24 stm32g4xx_ll_exti.o
 .text.LL_EXTI_EnableIT_32_63
                0x0800bec0       0x24 stm32g4xx_ll_exti.o
 .text.LL_EXTI_DisableIT_0_31
                0x0800bee4       0x28 stm32g4xx_ll_exti.o
 .text.LL_EXTI_DisableIT_32_63
                0x0800bf0c       0x28 stm32g4xx_ll_exti.o
 .text.LL_EXTI_EnableEvent_0_31
                0x0800bf34       0x24 stm32g4xx_ll_exti.o
 .text.LL_EXTI_EnableEvent_32_63
                0x0800bf58       0x24 stm32g4xx_ll_exti.o
 .text.LL_EXTI_DisableEvent_0_31
                0x0800bf7c       0x28 stm32g4xx_ll_exti.o
 .text.LL_EXTI_DisableEvent_32_63
                0x0800bfa4       0x28 stm32g4xx_ll_exti.o
 .text.LL_EXTI_EnableRisingTrig_0_31
                0x0800bfcc       0x24 stm32g4xx_ll_exti.o
 .text.LL_EXTI_EnableRisingTrig_32_63
                0x0800bff0       0x24 stm32g4xx_ll_exti.o
 .text.LL_EXTI_DisableRisingTrig_0_31
                0x0800c014       0x28 stm32g4xx_ll_exti.o
 .text.LL_EXTI_DisableRisingTrig_32_63
                0x0800c03c       0x28 stm32g4xx_ll_exti.o
 .text.LL_EXTI_EnableFallingTrig_0_31
                0x0800c064       0x24 stm32g4xx_ll_exti.o
 .text.LL_EXTI_EnableFallingTrig_32_63
                0x0800c088       0x24 stm32g4xx_ll_exti.o
 .text.LL_EXTI_DisableFallingTrig_0_31
                0x0800c0ac       0x28 stm32g4xx_ll_exti.o
 .text.LL_EXTI_DisableFallingTrig_32_63
                0x0800c0d4       0x28 stm32g4xx_ll_exti.o
 .text.LL_EXTI_Init
                0x0800c0fc      0x1ec stm32g4xx_ll_exti.o
                0x0800c0fc                LL_EXTI_Init
 .text.LL_GPIO_SetPinMode
                0x0800c2e8       0x7a stm32g4xx_ll_gpio.o
 .text.LL_GPIO_SetPinOutputType
                0x0800c362       0x30 stm32g4xx_ll_gpio.o
 .text.LL_GPIO_SetPinSpeed
                0x0800c392       0x7a stm32g4xx_ll_gpio.o
 .text.LL_GPIO_SetPinPull
                0x0800c40c       0x7a stm32g4xx_ll_gpio.o
 .text.LL_GPIO_SetAFPin_0_7
                0x0800c486       0x7a stm32g4xx_ll_gpio.o
 .text.LL_GPIO_SetAFPin_8_15
                0x0800c500       0x7e stm32g4xx_ll_gpio.o
 .text.LL_GPIO_Init
                0x0800c57e       0xdc stm32g4xx_ll_gpio.o
                0x0800c57e                LL_GPIO_Init
 .text.LL_LPUART_IsEnabled
                0x0800c65a       0x26 stm32g4xx_ll_lpuart.o
 .text.LL_LPUART_SetPrescaler
                0x0800c680       0x28 stm32g4xx_ll_lpuart.o
 .text.LL_LPUART_SetStopBitsLength
                0x0800c6a8       0x26 stm32g4xx_ll_lpuart.o
 .text.LL_LPUART_SetHWFlowCtrl
                0x0800c6ce       0x26 stm32g4xx_ll_lpuart.o
 .text.LL_LPUART_SetBaudRate
                0x0800c6f4       0x98 stm32g4xx_ll_lpuart.o
 .text.LL_LPUART_Init
                0x0800c78c       0x98 stm32g4xx_ll_lpuart.o
                0x0800c78c                LL_LPUART_Init
 .text.LL_RCC_HSI_IsReady
                0x0800c824       0x28 stm32g4xx_ll_rcc.o
 .text.LL_RCC_LSE_IsReady
                0x0800c84c       0x28 stm32g4xx_ll_rcc.o
 .text.LL_RCC_GetSysClkSource
                0x0800c874       0x1c stm32g4xx_ll_rcc.o
 .text.LL_RCC_GetAHBPrescaler
                0x0800c890       0x1c stm32g4xx_ll_rcc.o
 .text.LL_RCC_GetAPB1Prescaler
                0x0800c8ac       0x1c stm32g4xx_ll_rcc.o
 .text.LL_RCC_GetLPUARTClockSource
                0x0800c8c8       0x24 stm32g4xx_ll_rcc.o
 .text.LL_RCC_PLL_GetMainSource
                0x0800c8ec       0x1c stm32g4xx_ll_rcc.o
 .text.LL_RCC_PLL_GetN
                0x0800c908       0x1c stm32g4xx_ll_rcc.o
 .text.LL_RCC_PLL_GetR
                0x0800c924       0x1c stm32g4xx_ll_rcc.o
 .text.LL_RCC_PLL_GetDivider
                0x0800c940       0x1c stm32g4xx_ll_rcc.o
 .text.LL_RCC_GetLPUARTClockFreq
                0x0800c95c       0x84 stm32g4xx_ll_rcc.o
                0x0800c95c                LL_RCC_GetLPUARTClockFreq
 .text.RCC_GetSystemClockFreq
                0x0800c9e0       0x4c stm32g4xx_ll_rcc.o
 .text.RCC_GetHCLKClockFreq
                0x0800ca2c       0x30 stm32g4xx_ll_rcc.o
 .text.RCC_GetPCLK1ClockFreq
                0x0800ca5c       0x2c stm32g4xx_ll_rcc.o
 .text.RCC_PLL_GetFreqDomain_SYS
                0x0800ca88       0x68 stm32g4xx_ll_rcc.o
 .text.HAL_Init
                0x0800caf0       0x30 stm32g4xx_hal.o
                0x0800caf0                HAL_Init
 .text.HAL_IncTick
                0x0800cb20       0x24 stm32g4xx_hal.o
                0x0800cb20                HAL_IncTick
 .text.HAL_GetTick
                0x0800cb44       0x18 stm32g4xx_hal.o
                0x0800cb44                HAL_GetTick
 .text.HAL_RCC_GetHCLKFreq
                0x0800cb5c       0x18 stm32g4xx_hal_rcc.o
                0x0800cb5c                HAL_RCC_GetHCLKFreq
 .text.HAL_RCC_GetPCLK1Freq
                0x0800cb74       0x2c stm32g4xx_hal_rcc.o
                0x0800cb74                HAL_RCC_GetPCLK1Freq
 .text.HAL_RCC_GetClockConfig
                0x0800cba0       0x64 stm32g4xx_hal_rcc.o
                0x0800cba0                HAL_RCC_GetClockConfig
 .text.HAL_PWREx_DisableUCPDDeadBattery
                0x0800cc04       0x20 stm32g4xx_hal_pwr_ex.o
                0x0800cc04                HAL_PWREx_DisableUCPDDeadBattery
 .text.__NVIC_SetPriorityGrouping
                0x0800cc24       0x48 stm32g4xx_hal_cortex.o
 .text.__NVIC_GetPriorityGrouping
                0x0800cc6c       0x1c stm32g4xx_hal_cortex.o
 .text.__NVIC_EnableIRQ
                0x0800cc88       0x3c stm32g4xx_hal_cortex.o
 .text.__NVIC_SetPriority
                0x0800ccc4       0x54 stm32g4xx_hal_cortex.o
 .text.NVIC_EncodePriority
                0x0800cd18       0x66 stm32g4xx_hal_cortex.o
 .text.HAL_NVIC_SetPriorityGrouping
                0x0800cd7e       0x16 stm32g4xx_hal_cortex.o
                0x0800cd7e                HAL_NVIC_SetPriorityGrouping
 .text.HAL_NVIC_SetPriority
                0x0800cd94       0x34 stm32g4xx_hal_cortex.o
                0x0800cd94                HAL_NVIC_SetPriority
 .text.HAL_NVIC_EnableIRQ
                0x0800cdc8       0x1c stm32g4xx_hal_cortex.o
                0x0800cdc8                HAL_NVIC_EnableIRQ
 .text.HAL_TIM_Base_Init
                0x0800cde4       0xae stm32g4xx_hal_tim.o
                0x0800cde4                HAL_TIM_Base_Init
 .text.HAL_TIM_Base_MspInit
                0x0800ce92       0x14 stm32g4xx_hal_tim.o
                0x0800ce92                HAL_TIM_Base_MspInit
 *fill*         0x0800cea6        0x2 
 .text.HAL_TIM_Base_Start_IT
                0x0800cea8       0xf0 stm32g4xx_hal_tim.o
                0x0800cea8                HAL_TIM_Base_Start_IT
 .text.HAL_TIM_IRQHandler
                0x0800cf98      0x2fe stm32g4xx_hal_tim.o
                0x0800cf98                HAL_TIM_IRQHandler
 .text.HAL_TIM_OC_DelayElapsedCallback
                0x0800d296       0x14 stm32g4xx_hal_tim.o
                0x0800d296                HAL_TIM_OC_DelayElapsedCallback
 .text.HAL_TIM_IC_CaptureCallback
                0x0800d2aa       0x14 stm32g4xx_hal_tim.o
                0x0800d2aa                HAL_TIM_IC_CaptureCallback
 .text.HAL_TIM_PWM_PulseFinishedCallback
                0x0800d2be       0x14 stm32g4xx_hal_tim.o
                0x0800d2be                HAL_TIM_PWM_PulseFinishedCallback
 .text.HAL_TIM_TriggerCallback
                0x0800d2d2       0x14 stm32g4xx_hal_tim.o
                0x0800d2d2                HAL_TIM_TriggerCallback
 *fill*         0x0800d2e6        0x2 
 .text.TIM_Base_SetConfig
                0x0800d2e8      0x150 stm32g4xx_hal_tim.o
                0x0800d2e8                TIM_Base_SetConfig
 .text.HAL_TIMEx_CommutCallback
                0x0800d438       0x14 stm32g4xx_hal_tim_ex.o
                0x0800d438                HAL_TIMEx_CommutCallback
 .text.HAL_TIMEx_BreakCallback
                0x0800d44c       0x14 stm32g4xx_hal_tim_ex.o
                0x0800d44c                HAL_TIMEx_BreakCallback
 .text.HAL_TIMEx_Break2Callback
                0x0800d460       0x14 stm32g4xx_hal_tim_ex.o
                0x0800d460                HAL_TIMEx_Break2Callback
 .text.HAL_TIMEx_EncoderIndexCallback
                0x0800d474       0x14 stm32g4xx_hal_tim_ex.o
                0x0800d474                HAL_TIMEx_EncoderIndexCallback
 .text.HAL_TIMEx_DirectionChangeCallback
                0x0800d488       0x14 stm32g4xx_hal_tim_ex.o
                0x0800d488                HAL_TIMEx_DirectionChangeCallback
 .text.HAL_TIMEx_IndexErrorCallback
                0x0800d49c       0x14 stm32g4xx_hal_tim_ex.o
                0x0800d49c                HAL_TIMEx_IndexErrorCallback
 .text.HAL_TIMEx_TransitionErrorCallback
                0x0800d4b0       0x14 stm32g4xx_hal_tim_ex.o
                0x0800d4b0                HAL_TIMEx_TransitionErrorCallback
 .text.LL_TIM_SetPrescaler
                0x0800d4c4       0x1c stm32g4xx_ll_tim.o
 .text.LL_TIM_SetAutoReload
                0x0800d4e0       0x1c stm32g4xx_ll_tim.o
 .text.LL_TIM_SetRepetitionCounter
                0x0800d4fc       0x1c stm32g4xx_ll_tim.o
 .text.LL_TIM_GenerateEvent_UPDATE
                0x0800d518       0x20 stm32g4xx_ll_tim.o
 .text.LL_TIM_Init
                0x0800d538      0x144 stm32g4xx_ll_tim.o
                0x0800d538                LL_TIM_Init
 .text.SystemInit
                0x0800d67c       0x24 system_stm32g4xx.o
                0x0800d67c                SystemInit
 .text.Reset_Handler
                0x0800d6a0       0x50 startup_stm32g474retx.o
                0x0800d6a0                Reset_Handler
 .text.Default_Handler
                0x0800d6f0        0x2 startup_stm32g474retx.o
                0x0800d6f0                RTC_Alarm_IRQHandler
                0x0800d6f0                EXTI2_IRQHandler
                0x0800d6f0                TIM8_TRG_COM_IRQHandler
                0x0800d6f0                TIM8_CC_IRQHandler
                0x0800d6f0                HRTIM1_Master_IRQHandler
                0x0800d6f0                SPI4_IRQHandler
                0x0800d6f0                FDCAN3_IT0_IRQHandler
                0x0800d6f0                TIM1_CC_IRQHandler
                0x0800d6f0                HRTIM1_FLT_IRQHandler
                0x0800d6f0                HRTIM1_TIMF_IRQHandler
                0x0800d6f0                USB_HP_IRQHandler
                0x0800d6f0                CORDIC_IRQHandler
                0x0800d6f0                HRTIM1_TIMD_IRQHandler
                0x0800d6f0                DMA2_Channel8_IRQHandler
                0x0800d6f0                EXTI3_IRQHandler
                0x0800d6f0                I2C3_ER_IRQHandler
                0x0800d6f0                EXTI0_IRQHandler
                0x0800d6f0                I2C2_EV_IRQHandler
                0x0800d6f0                FPU_IRQHandler
                0x0800d6f0                FDCAN1_IT1_IRQHandler
                0x0800d6f0                TIM1_UP_TIM16_IRQHandler
                0x0800d6f0                ADC1_2_IRQHandler
                0x0800d6f0                HRTIM1_TIME_IRQHandler
                0x0800d6f0                SPI1_IRQHandler
                0x0800d6f0                TIM6_DAC_IRQHandler
                0x0800d6f0                HRTIM1_TIMC_IRQHandler
                0x0800d6f0                TIM8_UP_IRQHandler
                0x0800d6f0                DMA2_Channel2_IRQHandler
                0x0800d6f0                DMA1_Channel4_IRQHandler
                0x0800d6f0                TIM20_TRG_COM_IRQHandler
                0x0800d6f0                USART3_IRQHandler
                0x0800d6f0                DMA1_Channel7_IRQHandler
                0x0800d6f0                UART5_IRQHandler
                0x0800d6f0                ADC3_IRQHandler
                0x0800d6f0                TIM4_IRQHandler
                0x0800d6f0                DMA2_Channel1_IRQHandler
                0x0800d6f0                QUADSPI_IRQHandler
                0x0800d6f0                I2C1_EV_IRQHandler
                0x0800d6f0                DMA1_Channel6_IRQHandler
                0x0800d6f0                UART4_IRQHandler
                0x0800d6f0                DMA2_Channel4_IRQHandler
                0x0800d6f0                TIM3_IRQHandler
                0x0800d6f0                RCC_IRQHandler
                0x0800d6f0                TIM20_UP_IRQHandler
                0x0800d6f0                Default_Handler
                0x0800d6f0                DMA2_Channel7_IRQHandler
                0x0800d6f0                RTC_TAMP_LSECSS_IRQHandler
                0x0800d6f0                FMAC_IRQHandler
                0x0800d6f0                DMA1_Channel8_IRQHandler
                0x0800d6f0                HRTIM1_TIMA_IRQHandler
                0x0800d6f0                TIM7_DAC_IRQHandler
                0x0800d6f0                FDCAN3_IT1_IRQHandler
                0x0800d6f0                TIM5_IRQHandler
                0x0800d6f0                UCPD1_IRQHandler
                0x0800d6f0                I2C3_EV_IRQHandler
                0x0800d6f0                EXTI9_5_IRQHandler
                0x0800d6f0                RTC_WKUP_IRQHandler
                0x0800d6f0                PVD_PVM_IRQHandler
                0x0800d6f0                SPI2_IRQHandler
                0x0800d6f0                ADC5_IRQHandler
                0x0800d6f0                DMA2_Channel5_IRQHandler
                0x0800d6f0                CRS_IRQHandler
                0x0800d6f0                DMA1_Channel5_IRQHandler
                0x0800d6f0                USB_LP_IRQHandler
                0x0800d6f0                EXTI4_IRQHandler
                0x0800d6f0                RNG_IRQHandler
                0x0800d6f0                HRTIM1_TIMB_IRQHandler
                0x0800d6f0                TIM1_TRG_COM_TIM17_IRQHandler
                0x0800d6f0                FDCAN2_IT1_IRQHandler
                0x0800d6f0                DMA1_Channel3_IRQHandler
                0x0800d6f0                ADC4_IRQHandler
                0x0800d6f0                WWDG_IRQHandler
                0x0800d6f0                I2C4_EV_IRQHandler
                0x0800d6f0                FDCAN2_IT0_IRQHandler
                0x0800d6f0                DMA2_Channel6_IRQHandler
                0x0800d6f0                FDCAN1_IT0_IRQHandler
                0x0800d6f0                COMP7_IRQHandler
                0x0800d6f0                COMP1_2_3_IRQHandler
                0x0800d6f0                EXTI1_IRQHandler
                0x0800d6f0                USART2_IRQHandler
                0x0800d6f0                COMP4_5_6_IRQHandler
                0x0800d6f0                TIM20_BRK_IRQHandler
                0x0800d6f0                I2C2_ER_IRQHandler
                0x0800d6f0                DMA1_Channel2_IRQHandler
                0x0800d6f0                TIM8_BRK_IRQHandler
                0x0800d6f0                FLASH_IRQHandler
                0x0800d6f0                TIM20_CC_IRQHandler
                0x0800d6f0                USART1_IRQHandler
                0x0800d6f0                SPI3_IRQHandler
                0x0800d6f0                I2C1_ER_IRQHandler
                0x0800d6f0                FMC_IRQHandler
                0x0800d6f0                LPTIM1_IRQHandler
                0x0800d6f0                DMAMUX_OVR_IRQHandler
                0x0800d6f0                I2C4_ER_IRQHandler
                0x0800d6f0                USBWakeUp_IRQHandler
                0x0800d6f0                SAI1_IRQHandler
                0x0800d6f0                DMA2_Channel3_IRQHandler
                0x0800d6f0                TIM1_BRK_TIM15_IRQHandler
 *fill*         0x0800d6f2        0x2 
 .text.fmod     0x0800d6f4       0x6c C:/ProgramData/MATLAB/SupportPackages/R2024b/3P.instrset/gnuarm-armcortex.instrset/win/bin/../lib/gcc/arm-none-eabi/13.2.1/thumb/v7e-m+fp/hard\libm.a(libm_a-w_fmod.o)
                0x0800d6f4                fmod
 .text.__ieee754_fmod
                0x0800d760      0x30c C:/ProgramData/MATLAB/SupportPackages/R2024b/3P.instrset/gnuarm-armcortex.instrset/win/bin/../lib/gcc/arm-none-eabi/13.2.1/thumb/v7e-m+fp/hard\libm.a(libm_a-e_fmod.o)
                0x0800d760                __ieee754_fmod
 .text.__udivmoddi4
                0x0800da6c      0x2bc C:/ProgramData/MATLAB/SupportPackages/R2024b/3P.instrset/gnuarm-armcortex.instrset/win/bin/../lib/gcc/arm-none-eabi/13.2.1/thumb/v7e-m+fp/hard\libgcc.a(_udivmoddi4.o)
                0x0800da6c                __udivmoddi4
 .text.memset   0x0800dd28       0x10 C:/ProgramData/MATLAB/SupportPackages/R2024b/3P.instrset/gnuarm-armcortex.instrset/win/bin/../lib/gcc/arm-none-eabi/13.2.1/thumb/v7e-m+fp/hard\libg_nano.a(libc_a-memset.o)
                0x0800dd28                memset
 .text.__errno  0x0800dd38        0xc C:/ProgramData/MATLAB/SupportPackages/R2024b/3P.instrset/gnuarm-armcortex.instrset/win/bin/../lib/gcc/arm-none-eabi/13.2.1/thumb/v7e-m+fp/hard\libg_nano.a(libc_a-errno.o)
                0x0800dd38                __errno
 .text.__libc_init_array
                0x0800dd44       0x48 C:/ProgramData/MATLAB/SupportPackages/R2024b/3P.instrset/gnuarm-armcortex.instrset/win/bin/../lib/gcc/arm-none-eabi/13.2.1/thumb/v7e-m+fp/hard\libg_nano.a(libc_a-init.o)
                0x0800dd44                __libc_init_array
 .text.memcpy   0x0800dd8c       0x1c C:/ProgramData/MATLAB/SupportPackages/R2024b/3P.instrset/gnuarm-armcortex.instrset/win/bin/../lib/gcc/arm-none-eabi/13.2.1/thumb/v7e-m+fp/hard\libg_nano.a(libc_a-memcpy-stub.o)
                0x0800dd8c                memcpy
 *(.glue_7)
 .glue_7        0x0800dda8        0x0 linker stubs
 *(.glue_7t)
 .glue_7t       0x0800dda8        0x0 linker stubs
 *(.eh_frame)
 .eh_frame      0x0800dda8        0x0 C:/ProgramData/MATLAB/SupportPackages/R2024b/3P.instrset/gnuarm-armcortex.instrset/win/bin/../lib/gcc/arm-none-eabi/13.2.1/thumb/v7e-m+fp/hard/crtbegin.o
 *(.init)
 .init          0x0800dda8        0x4 C:/ProgramData/MATLAB/SupportPackages/R2024b/3P.instrset/gnuarm-armcortex.instrset/win/bin/../lib/gcc/arm-none-eabi/13.2.1/thumb/v7e-m+fp/hard/crti.o
                0x0800dda8                _init
 .init          0x0800ddac        0x8 C:/ProgramData/MATLAB/SupportPackages/R2024b/3P.instrset/gnuarm-armcortex.instrset/win/bin/../lib/gcc/arm-none-eabi/13.2.1/thumb/v7e-m+fp/hard/crtn.o
 *(.fini)
 .fini          0x0800ddb4        0x4 C:/ProgramData/MATLAB/SupportPackages/R2024b/3P.instrset/gnuarm-armcortex.instrset/win/bin/../lib/gcc/arm-none-eabi/13.2.1/thumb/v7e-m+fp/hard/crti.o
                0x0800ddb4                _fini
 .fini          0x0800ddb8        0x8 C:/ProgramData/MATLAB/SupportPackages/R2024b/3P.instrset/gnuarm-armcortex.instrset/win/bin/../lib/gcc/arm-none-eabi/13.2.1/thumb/v7e-m+fp/hard/crtn.o
                0x0800ddc0                        . = ALIGN (0x4)
                0x0800ddc0                        _etext = .

.vfp11_veneer   0x0800ddc0        0x0
 .vfp11_veneer  0x0800ddc0        0x0 linker stubs

.v4_bx          0x0800ddc0        0x0
 .v4_bx         0x0800ddc0        0x0 linker stubs

.iplt           0x0800ddc0        0x0
 .iplt          0x0800ddc0        0x0 C:/ProgramData/MATLAB/SupportPackages/R2024b/3P.instrset/gnuarm-armcortex.instrset/win/bin/../lib/gcc/arm-none-eabi/13.2.1/thumb/v7e-m+fp/hard/crtbegin.o

.rodata         0x0800ddc0     0x2a18
                0x0800ddc0                        . = ALIGN (0x4)
 *(.rodata)
 .rodata        0x0800ddc0      0x2b9 xcp_ext_mode.o
 *fill*         0x0800e079        0x3 
 .rodata        0x0800e07c      0x12e xcp_ext_common.o
 *fill*         0x0800e1aa        0x2 
 .rodata        0x0800e1ac       0x4c xcp_ext_classic_trigger.o
 .rodata        0x0800e1f8      0x278 xcp.o
 .rodata        0x0800e470      0x3a9 xcp_standard.o
 *fill*         0x0800e819        0x3 
 .rodata        0x0800e81c     0x1010 xcp_daq.o
 .rodata        0x0800f82c       0xdd xcp_calibration.o
 *fill*         0x0800f909        0x3 
 .rodata        0x0800f90c      0x56e xcp_transport.o
 *fill*         0x0800fe7a        0x2 
 .rodata        0x0800fe7c       0xf5 xcp_mem_default.o
 *fill*         0x0800ff71        0x3 
 .rodata        0x0800ff74      0x228 xcp_drv_rtiostream.o
 .rodata        0x0801019c      0x4aa xcp_frame_serial.o
 *(.rodata*)
 *fill*         0x08010646        0x2 
 .rodata.Lab3Simulink_M
                0x08010648        0x4 Lab3Simulink.o
                0x08010648                Lab3Simulink_M
 .rodata.rtAlwaysEnabled.0
                0x0801064c        0x1 Lab3Simulink.o
 *fill*         0x0801064d        0x3 
 .rodata.standardSupportedRxPacket
                0x08010650       0x54 xcp_standard.o
 .rodata.daqSupportedRxPacket
                0x080106a4       0x9c xcp_daq.o
 .rodata.calibrationSupportedRxPacket
                0x08010740       0x18 xcp_calibration.o
 .rodata.CHANNEL_OFFSET_TAB
                0x08010758        0x8 stm_usart.o
 .rodata.CHANNEL_OFFSET_TAB
                0x08010760        0x8 stm_lpuart.o
 .rodata.CHANNEL_OFFSET_TAB
                0x08010768        0x8 main.o
 .rodata.OFFSET_TAB_CCMRx
                0x08010770        0xa main.o
 *fill*         0x0801077a        0x2 
 .rodata.SHIFT_TAB_ICxx
                0x0801077c        0xa main.o
 *fill*         0x08010786        0x2 
 .rodata.SHIFT_TAB_CCxP
                0x08010788        0xa main.o
 *fill*         0x08010792        0x2 
 .rodata.LPUART_PRESCALER_TAB
                0x08010794       0x18 stm32g4xx_ll_lpuart.o
 .rodata.AHBPrescTable
                0x080107ac       0x10 system_stm32g4xx.o
                0x080107ac                AHBPrescTable
 .rodata.APBPrescTable
                0x080107bc        0x8 system_stm32g4xx.o
                0x080107bc                APBPrescTable
 *fill*         0x080107c4        0x4 
 .rodata.Zero   0x080107c8       0x10 C:/ProgramData/MATLAB/SupportPackages/R2024b/3P.instrset/gnuarm-armcortex.instrset/win/bin/../lib/gcc/arm-none-eabi/13.2.1/thumb/v7e-m+fp/hard\libm.a(libm_a-e_fmod.o)
                0x080107d8                        . = ALIGN (0x4)

.ARM.extab      0x080107d8        0x0
                0x080107d8                        . = ALIGN (0x4)
 *(.ARM.extab* .gnu.linkonce.armextab.*)
                0x080107d8                        . = ALIGN (0x4)

.ARM            0x080107d8        0x8
                0x080107d8                        . = ALIGN (0x4)
                0x080107d8                        __exidx_start = .
 *(.ARM.exidx*)
 .ARM.exidx.text.__udivmoddi4
                0x080107d8        0x8 C:/ProgramData/MATLAB/SupportPackages/R2024b/3P.instrset/gnuarm-armcortex.instrset/win/bin/../lib/gcc/arm-none-eabi/13.2.1/thumb/v7e-m+fp/hard\libgcc.a(_udivmoddi4.o)
                0x080107e0                        __exidx_end = .
                0x080107e0                        . = ALIGN (0x4)

.rel.dyn        0x080107e0        0x0
 .rel.iplt      0x080107e0        0x0 C:/ProgramData/MATLAB/SupportPackages/R2024b/3P.instrset/gnuarm-armcortex.instrset/win/bin/../lib/gcc/arm-none-eabi/13.2.1/thumb/v7e-m+fp/hard/crtbegin.o

.preinit_array  0x080107e0        0x0
                0x080107e0                        . = ALIGN (0x4)
                0x080107e0                        PROVIDE (__preinit_array_start = .)
 *(.preinit_array*)
                0x080107e0                        PROVIDE (__preinit_array_end = .)
                0x080107e0                        . = ALIGN (0x4)

.init_array     0x080107e0        0x4
                0x080107e0                        . = ALIGN (0x4)
                0x080107e0                        PROVIDE (__init_array_start = .)
 *(SORT_BY_NAME(.init_array.*))
 *(.init_array*)
 .init_array    0x080107e0        0x4 C:/ProgramData/MATLAB/SupportPackages/R2024b/3P.instrset/gnuarm-armcortex.instrset/win/bin/../lib/gcc/arm-none-eabi/13.2.1/thumb/v7e-m+fp/hard/crtbegin.o
                0x080107e4                        PROVIDE (__init_array_end = .)
                0x080107e4                        . = ALIGN (0x4)

.fini_array     0x080107e4        0x4
                0x080107e4                        . = ALIGN (0x4)
                [!provide]                        PROVIDE (__fini_array_start = .)
 *(SORT_BY_NAME(.fini_array.*))
 *(.fini_array*)
 .fini_array    0x080107e4        0x4 C:/ProgramData/MATLAB/SupportPackages/R2024b/3P.instrset/gnuarm-armcortex.instrset/win/bin/../lib/gcc/arm-none-eabi/13.2.1/thumb/v7e-m+fp/hard/crtbegin.o
                [!provide]                        PROVIDE (__fini_array_end = .)
                0x080107e8                        . = ALIGN (0x4)
                0x080107e8                        _sidata = LOADADDR (.data)

.data           0x20000000       0xe4 load address 0x080107e8
                0x20000000                        . = ALIGN (0x4)
                0x20000000                        _sdata = .
 *(.data)
 *(.data*)
 .data.xcpExtmodeFinalSimulationTime
                0x20000000        0x8 xcp_ext_common.o
                0x20000000                xcpExtmodeFinalSimulationTime
 .data.xcpClassicTriggerDuration
                0x20000008        0x4 xcp_ext_classic_trigger.o
                0x20000008                xcpClassicTriggerDuration
 .data.xcpClassicTriggerArmRequest
                0x2000000c        0x1 xcp_ext_classic_trigger.o
                0x2000000c                xcpClassicTriggerArmRequest
 *fill*         0x2000000d        0x3 
 .data.startStopDaqListId
                0x20000010        0x4 xcp_daq.o
 .data.xcpCurrentDaq
                0x20000014        0x4 xcp_daq.o
 .data.xcpEventCustomMemoryManager
                0x20000018        0xc xcp_daq.o
 .data.xcpCtoReservedMemPoolId
                0x20000024        0x4 xcp_transport.o
 .data.xcpMemMainBlockSizes
                0x20000028        0xc xcp_mem_default.o
 .data.xcpMemMainBlocksNumber
                0x20000034        0xc xcp_mem_default.o
 .data.drvID    0x20000040        0x4 xcp_drv_rtiostream.o
 .data.xcpCtoReservedMemPoolId
                0x20000044        0x4 xcp_frame_serial.o
 .data.uartObj  0x20000048       0x40 rtiostream_serial.o
                0x20000048                uartObj
 .data.uwTickPrio
                0x20000088        0x4 stm32g4xx_hal.o
                0x20000088                uwTickPrio
 .data.uwTickFreq
                0x2000008c        0x4 stm32g4xx_hal.o
                0x2000008c                uwTickFreq
 .data.SystemCoreClock
                0x20000090        0x4 system_stm32g4xx.o
                0x20000090                SystemCoreClock
 .data._impure_ptr
                0x20000094        0x4 C:/ProgramData/MATLAB/SupportPackages/R2024b/3P.instrset/gnuarm-armcortex.instrset/win/bin/../lib/gcc/arm-none-eabi/13.2.1/thumb/v7e-m+fp/hard\libg_nano.a(libc_a-impure.o)
                0x20000094                _impure_ptr
 .data._impure_data
                0x20000098       0x4c C:/ProgramData/MATLAB/SupportPackages/R2024b/3P.instrset/gnuarm-armcortex.instrset/win/bin/../lib/gcc/arm-none-eabi/13.2.1/thumb/v7e-m+fp/hard\libg_nano.a(libc_a-impure.o)
                0x20000098                _impure_data
 *(.RamFunc)
 *(.RamFunc*)
                0x200000e4                        . = ALIGN (0x4)
                0x200000e4                        _edata = .

.tm_clone_table
                0x200000e4        0x0 load address 0x080108cc
 .tm_clone_table
                0x200000e4        0x0 C:/ProgramData/MATLAB/SupportPackages/R2024b/3P.instrset/gnuarm-armcortex.instrset/win/bin/../lib/gcc/arm-none-eabi/13.2.1/thumb/v7e-m+fp/hard/crtbegin.o
 .tm_clone_table
                0x200000e4        0x0 C:/ProgramData/MATLAB/SupportPackages/R2024b/3P.instrset/gnuarm-armcortex.instrset/win/bin/../lib/gcc/arm-none-eabi/13.2.1/thumb/v7e-m+fp/hard/crtend.o

.igot.plt       0x200000e4        0x0 load address 0x080108cc
 .igot.plt      0x200000e4        0x0 C:/ProgramData/MATLAB/SupportPackages/R2024b/3P.instrset/gnuarm-armcortex.instrset/win/bin/../lib/gcc/arm-none-eabi/13.2.1/thumb/v7e-m+fp/hard/crtbegin.o
                0x200000e4                        . = ALIGN (0x4)

.bss            0x200000e8     0x26a0 load address 0x080108cc
                0x200000e8                        _sbss = .
                0x200000e8                        __bss_start__ = _sbss
 *(.bss)
 *(.bss*)
 .bss.completed.1
                0x200000e8        0x1 C:/ProgramData/MATLAB/SupportPackages/R2024b/3P.instrset/gnuarm-armcortex.instrset/win/bin/../lib/gcc/arm-none-eabi/13.2.1/thumb/v7e-m+fp/hard/crtbegin.o
 *fill*         0x200000e9        0x3 
 .bss.object.0  0x200000ec       0x18 C:/ProgramData/MATLAB/SupportPackages/R2024b/3P.instrset/gnuarm-armcortex.instrset/win/bin/../lib/gcc/arm-none-eabi/13.2.1/thumb/v7e-m+fp/hard/crtbegin.o
 .bss.mw_tim3   0x20000104       0x8c stm_timer_ll.o
                0x20000104                mw_tim3
 .bss.mw_tim4   0x20000190       0x8c stm_timer_ll.o
                0x20000190                mw_tim4
 .bss.mw_tim8   0x2000021c       0x8c stm_timer_ll.o
                0x2000021c                mw_tim8
 .bss.firstIndexReceived.0
                0x200002a8        0x1 stm_timer_ll.o
 *fill*         0x200002a9        0x3 
 .bss.xcpCustomTriggerFunction
                0x200002ac        0x8 xcp_ext_mode.o
 *fill*         0x200002b4        0x4 
 .bss.Lab3Simulink_B
                0x200002b8       0xa0 Lab3Simulink.o
                0x200002b8                Lab3Simulink_B
 .bss.Lab3Simulink_DW
                0x20000358      0x150 Lab3Simulink.o
                0x20000358                Lab3Simulink_DW
 .bss.Lab3Simulink_M_
                0x200004a8       0x48 Lab3Simulink.o
 .bss.rt_ExtModeInfo.2
                0x200004f0       0x14 Lab3Simulink.o
 .bss.systemRan.1
                0x20000504       0x64 Lab3Simulink.o
 .bss.IsrOverrun
                0x20000568        0x4 ert_main.o
                0x20000568                IsrOverrun
 .bss.OverrunFlag
                0x2000056c        0x1 ert_main.o
 .bss.stopRequested
                0x2000056d        0x1 ert_main.o
                0x2000056d                stopRequested
 .bss.runModel  0x2000056e        0x1 ert_main.o
                0x2000056e                runModel
 .bss.xcpModelStartRequest
                0x2000056f        0x1 xcp_ext_common.o
                0x2000056f                xcpModelStartRequest
 .bss.xcpModelStopRequest
                0x20000570        0x1 xcp_ext_common.o
                0x20000570                xcpModelStopRequest
 .bss.xcpModelStatus
                0x20000571        0x1 xcp_ext_common.o
                0x20000571                xcpModelStatus
 *fill*         0x20000572        0x2 
 .bss.xcpModelChecksum0
                0x20000574        0x4 xcp_ext_common.o
                0x20000574                xcpModelChecksum0
 .bss.xcpModelChecksum1
                0x20000578        0x4 xcp_ext_common.o
                0x20000578                xcpModelChecksum1
 .bss.xcpModelChecksum2
                0x2000057c        0x4 xcp_ext_common.o
                0x2000057c                xcpModelChecksum2
 .bss.xcpModelChecksum3
                0x20000580        0x4 xcp_ext_common.o
                0x20000580                xcpModelChecksum3
 .bss.xcpModelIntegerCode
                0x20000584        0x4 xcp_ext_common.o
                0x20000584                xcpModelIntegerCode
 .bss.xcpExtmodeSimulationComplete
                0x20000588        0x1 xcp_ext_common.o
                0x20000588                xcpExtmodeSimulationComplete
 *fill*         0x20000589        0x7 
 .bss.xcpDummyDoubleVariable
                0x20000590        0x8 xcp_ext_common.o
                0x20000590                xcpDummyDoubleVariable
 .bss.xcpDummyUint64Variable
                0x20000598        0x8 xcp_ext_common.o
                0x20000598                xcpDummyUint64Variable
 .bss.xcpCurrentSimulationTimeInMs
                0x200005a0        0x8 xcp_ext_common.o
                0x200005a0                xcpCurrentSimulationTimeInMs
 .bss.xcpBaseRateSimulationTime
                0x200005a8        0x8 xcp_ext_common.o
 .bss.xcpClassicTriggerEventId
                0x200005b0        0x2 xcp_ext_classic_trigger.o
                0x200005b0                xcpClassicTriggerEventId
 *fill*         0x200005b2        0x2 
 .bss.xcpClassicTriggerSignalAddress
                0x200005b4        0x4 xcp_ext_classic_trigger.o
                0x200005b4                xcpClassicTriggerSignalAddress
 .bss.xcpClassicTriggerSignalAddressExtension
                0x200005b8        0x1 xcp_ext_classic_trigger.o
                0x200005b8                xcpClassicTriggerSignalAddressExtension
 *fill*         0x200005b9        0x7 
 .bss.xcpClassicTriggerLevel
                0x200005c0        0x8 xcp_ext_classic_trigger.o
                0x200005c0                xcpClassicTriggerLevel
 .bss.xcpClassicTriggerHoldOff
                0x200005c8        0x4 xcp_ext_classic_trigger.o
                0x200005c8                xcpClassicTriggerHoldOff
 .bss.xcpClassicTriggerDelay
                0x200005cc        0x4 xcp_ext_classic_trigger.o
                0x200005cc                xcpClassicTriggerDelay
 .bss.xcpClassicTriggerDirection
                0x200005d0        0x1 xcp_ext_classic_trigger.o
                0x200005d0                xcpClassicTriggerDirection
 .bss.xcpClassicTriggerCancelRequest
                0x200005d1        0x1 xcp_ext_classic_trigger.o
                0x200005d1                xcpClassicTriggerCancelRequest
 .bss.xcpClassicTriggerSource
                0x200005d2        0x1 xcp_ext_classic_trigger.o
                0x200005d2                xcpClassicTriggerSource
 .bss.xcpClassicTriggerMode
                0x200005d3        0x1 xcp_ext_classic_trigger.o
                0x200005d3                xcpClassicTriggerMode
 .bss.xcpClassicTriggerStatus
                0x200005d4        0x1 xcp_ext_classic_trigger.o
                0x200005d4                xcpClassicTriggerStatus
 *fill*         0x200005d5        0x3 
 .bss.xcpOldSignalValue
                0x200005d8        0x8 xcp_ext_classic_trigger.o
 .bss.xcpOldSignalValueAvailable
                0x200005e0        0x1 xcp_ext_classic_trigger.o
 .bss.xcpOldClassicTriggerSource
                0x200005e1        0x1 xcp_ext_classic_trigger.o
 .bss.xcpTriggerEnabled
                0x200005e2        0x1 xcp_ext_classic_trigger.o
 .bss.xcpSignalTriggerFired
                0x200005e3        0x1 xcp_ext_classic_trigger.o
 .bss.xcpTriggerCount
                0x200005e4        0x4 xcp_ext_classic_trigger.o
 .bss.xcpForcedTriggerEnabled
                0x200005e8        0x1 xcp_ext_classic_trigger.o
 .bss.xcpForceTriggerEnableRequest
                0x200005e9        0x1 xcp_ext_classic_trigger.o
 .bss.initialized
                0x200005ea        0x1 xcp.o
 .bss.xcpStatus
                0x200005eb        0x1 xcp.o
 .bss.xcpSessionStatus
                0x200005ec        0x1 xcp.o
 .bss.xcpResourceProtectionStatus
                0x200005ed        0x1 xcp.o
 .bss.xcpSessionConfigurationId
                0x200005ee        0x2 xcp.o
 .bss.groupPacketLookup
                0x200005f0       0x10 xcp.o
 .bss.xcpMta    0x20000600        0x8 xcp_standard.o
 .bss.xcpUploadSize
                0x20000608        0x1 xcp_standard.o
 *fill*         0x20000609        0x3 
 .bss.packetLookup
                0x2000060c        0x4 xcp_standard.o
 .bss.xcpDynamicDaqLists
                0x20000610        0x8 xcp_daq.o
 .bss.xcpRunningEventCounter
                0x20000618        0x4 xcp_daq.o
 .bss.daqLock   0x2000061c        0x4 xcp_daq.o
 .bss.packetLookup
                0x20000620        0x4 xcp_daq.o
 .bss.packetLookup
                0x20000624        0x4 xcp_calibration.o
 .bss.txFifo    0x20000628       0x10 xcp_transport.o
 .bss.txLock    0x20000638        0x4 xcp_transport.o
 .bss.rxFifo    0x2000063c        0x8 xcp_transport.o
 .bss.rxLock    0x20000644        0x4 xcp_transport.o
 .bss.initialized
                0x20000648        0x1 xcp_transport.o
 *fill*         0x20000649        0x3 
 .bss.xcpMemPoolDescriptors
                0x2000064c       0xc0 xcp_mem_default.o
 .bss.xcpMemCustomPoolDescriptors
                0x2000070c        0x8 xcp_mem_default.o
 .bss.xcpMemMainChunk
                0x20000714      0x5c7 xcp_mem_default.o
 *fill*         0x20000cdb        0x1 
 .bss.xcpMemReservedPoolsChunk
                0x20000cdc     0x14ad xcp_mem_default.o
 *fill*         0x20002189        0x3 
 .bss.xcpMemReservedPoolsChunkUsedBytes
                0x2000218c        0x4 xcp_mem_default.o
 .bss.xcpMemLock
                0x20002190        0x4 xcp_mem_default.o
 .bss.forceBlocking
                0x20002194        0x1 xcp_drv_rtiostream.o
 *fill*         0x20002195        0x1 
 .bss.txCounter
                0x20002196        0x2 xcp_frame_serial.o
 .bss.rxCounter
                0x20002198        0x2 xcp_frame_serial.o
 *fill*         0x2000219a        0x2 
 .bss.firstRxCounterReceived
                0x2000219c        0x4 xcp_frame_serial.o
 .bss.initialized
                0x200021a0        0x1 xcp_frame_serial.o
 *fill*         0x200021a1        0x3 
 .bss.timestampInitialized
                0x200021a4        0x4 platform_timer.o
 .bss.timestampStartTime
                0x200021a8        0x4 platform_timer.o
 .bss.schdl_counter
                0x200021ac        0x4 SysTickScheduler.o
                0x200021ac                schdl_counter
 .bss.schdl_counter_max
                0x200021b0        0x4 SysTickScheduler.o
                0x200021b0                schdl_counter_max
 .bss.taskToSchedule
                0x200021b4        0x4 m3m4m4f_multitasking.o
                0x200021b4                taskToSchedule
 .bss.mw_ext_h  0x200021b8        0x4 rtiostream_serial.o
                0x200021b8                mw_ext_h
 .bss.UARTRxBuffer
                0x200021bc        0x4 rtiostream_serial.o
                0x200021bc                UARTRxBuffer
 .bss.mw_lpuart1
                0x200021c0       0x40 stm_lpuart.o
                0x200021c0                mw_lpuart1
 .bss.LPUART1ReceiveBuffer
                0x20002200      0x400 stm_lpuart.o
                0x20002200                LPUART1ReceiveBuffer
 .bss.htim2     0x20002600       0x4c stm32g4xx_hal_timebase_tim.o
                0x20002600                htim2
 .bss.uwTick    0x2000264c        0x4 stm32g4xx_hal.o
                0x2000264c                uwTick
 .bss.__sf      0x20002650      0x138 C:/ProgramData/MATLAB/SupportPackages/R2024b/3P.instrset/gnuarm-armcortex.instrset/win/bin/../lib/gcc/arm-none-eabi/13.2.1/thumb/v7e-m+fp/hard\libg_nano.a(libc_a-findfp.o)
                0x20002650                __sf
 *(COMMON)
                0x20002788                        . = ALIGN (0x4)
                0x20002788                        _ebss = .
                0x20002788                        __bss_end__ = _ebss

._user_heap_stack
                0x20002788      0x600 load address 0x080108cc
                0x20002788                        . = ALIGN (0x8)
                [!provide]                        PROVIDE (end = .)
                0x20002788                        PROVIDE (_end = .)
                0x20002988                        . = (. + _Min_Heap_Size)
 *fill*         0x20002788      0x200 
                0x20002d88                        . = (. + _Min_Stack_Size)
 *fill*         0x20002988      0x400 
                0x20002d88                        . = ALIGN (0x8)

/DISCARD/
 libc.a(*)
 libm.a(*)
 libgcc.a(*)

.ARM.attributes
                0x00000000       0x30
 *(.ARM.attributes)
 .ARM.attributes
                0x00000000       0x22 C:/ProgramData/MATLAB/SupportPackages/R2024b/3P.instrset/gnuarm-armcortex.instrset/win/bin/../lib/gcc/arm-none-eabi/13.2.1/thumb/v7e-m+fp/hard/crti.o
 .ARM.attributes
                0x00000022       0x34 C:/ProgramData/MATLAB/SupportPackages/R2024b/3P.instrset/gnuarm-armcortex.instrset/win/bin/../lib/gcc/arm-none-eabi/13.2.1/thumb/v7e-m+fp/hard/crtbegin.o
 .ARM.attributes
                0x00000056       0x34 stm_timer_ll.o
 .ARM.attributes
                0x0000008a       0x34 xcp_ext_mode.o
 .ARM.attributes
                0x000000be       0x34 Lab3Simulink.o
 .ARM.attributes
                0x000000f2       0x34 ert_main.o
 .ARM.attributes
                0x00000126       0x34 xcp_ext_common.o
 .ARM.attributes
                0x0000015a       0x34 xcp_ext_classic_trigger.o
 .ARM.attributes
                0x0000018e       0x34 xcp.o
 .ARM.attributes
                0x000001c2       0x34 xcp_standard.o
 .ARM.attributes
                0x000001f6       0x34 xcp_daq.o
 .ARM.attributes
                0x0000022a       0x34 xcp_calibration.o
 .ARM.attributes
                0x0000025e       0x34 xcp_fifo.o