Archive member included to satisfy reference by file (symbol)

C:/ProgramData/MATLAB/SupportPackages/R2024b/3P.instrset/gnuarm-armcortex.instrset/win/bin/../lib/gcc/arm-none-eabi/13.2.1/thumb/v7e-m+fp/hard\libm.a(libm_a-w_fmod.o)
                              xcp_ext_common.o (fmod)
C:/ProgramData/MATLAB/SupportPackages/R2024b/3P.instrset/gnuarm-armcortex.instrset/win/bin/../lib/gcc/arm-none-eabi/13.2.1/thumb/v7e-m+fp/hard\libm.a(libm_a-e_fmod.o)
                              C:/ProgramData/MATLAB/SupportPackages/R2024b/3P.instrset/gnuarm-armcortex.instrset/win/bin/../lib/gcc/arm-none-eabi/13.2.1/thumb/v7e-m+fp/hard\libm.a(libm_a-w_fmod.o) (__ieee754_fmod)
C:/ProgramData/MATLAB/SupportPackages/R2024b/3P.instrset/gnuarm-armcortex.instrset/win/bin/../lib/gcc/arm-none-eabi/13.2.1/thumb/v7e-m+fp/hard\libgcc.a(_arm_muldf3.o)
                              Lab1Simulink.o (__aeabi_dmul)
C:/ProgramData/MATLAB/SupportPackages/R2024b/3P.instrset/gnuarm-armcortex.instrset/win/bin/../lib/gcc/arm-none-eabi/13.2.1/thumb/v7e-m+fp/hard\libgcc.a(_arm_addsubdf3.o)
                              xcp_ext_common.o (__aeabi_dsub)
C:/ProgramData/MATLAB/SupportPackages/R2024b/3P.instrset/gnuarm-armcortex.instrset/win/bin/../lib/gcc/arm-none-eabi/13.2.1/thumb/v7e-m+fp/hard\libgcc.a(_arm_muldivdf3.o)
                              xcp_ext_common.o (__aeabi_ddiv)
C:/ProgramData/MATLAB/SupportPackages/R2024b/3P.instrset/gnuarm-armcortex.instrset/win/bin/../lib/gcc/arm-none-eabi/13.2.1/thumb/v7e-m+fp/hard\libgcc.a(_arm_cmpdf2.o)
                              xcp_ext_mode.o (__aeabi_dcmpeq)
C:/ProgramData/MATLAB/SupportPackages/R2024b/3P.instrset/gnuarm-armcortex.instrset/win/bin/../lib/gcc/arm-none-eabi/13.2.1/thumb/v7e-m+fp/hard\libgcc.a(_arm_unorddf2.o)
                              C:/ProgramData/MATLAB/SupportPackages/R2024b/3P.instrset/gnuarm-armcortex.instrset/win/bin/../lib/gcc/arm-none-eabi/13.2.1/thumb/v7e-m+fp/hard\libm.a(libm_a-w_fmod.o) (__aeabi_dcmpun)
C:/ProgramData/MATLAB/SupportPackages/R2024b/3P.instrset/gnuarm-armcortex.instrset/win/bin/../lib/gcc/arm-none-eabi/13.2.1/thumb/v7e-m+fp/hard\libgcc.a(_arm_fixunsdfsi.o)
                              xcp_ext_common.o (__aeabi_d2uiz)
C:/ProgramData/MATLAB/SupportPackages/R2024b/3P.instrset/gnuarm-armcortex.instrset/win/bin/../lib/gcc/arm-none-eabi/13.2.1/thumb/v7e-m+fp/hard\libgcc.a(_aeabi_uldivmod.o)
                              stm32g4xx_ll_lpuart.o (__aeabi_uldivmod)
C:/ProgramData/MATLAB/SupportPackages/R2024b/3P.instrset/gnuarm-armcortex.instrset/win/bin/../lib/gcc/arm-none-eabi/13.2.1/thumb/v7e-m+fp/hard\libgcc.a(_udivmoddi4.o)
                              C:/ProgramData/MATLAB/SupportPackages/R2024b/3P.instrset/gnuarm-armcortex.instrset/win/bin/../lib/gcc/arm-none-eabi/13.2.1/thumb/v7e-m+fp/hard\libgcc.a(_aeabi_uldivmod.o) (__udivmoddi4)
C:/ProgramData/MATLAB/SupportPackages/R2024b/3P.instrset/gnuarm-armcortex.instrset/win/bin/../lib/gcc/arm-none-eabi/13.2.1/thumb/v7e-m+fp/hard\libgcc.a(_dvmd_tls.o)
                              C:/ProgramData/MATLAB/SupportPackages/R2024b/3P.instrset/gnuarm-armcortex.instrset/win/bin/../lib/gcc/arm-none-eabi/13.2.1/thumb/v7e-m+fp/hard\libgcc.a(_aeabi_uldivmod.o) (__aeabi_ldiv0)
C:/ProgramData/MATLAB/SupportPackages/R2024b/3P.instrset/gnuarm-armcortex.instrset/win/bin/../lib/gcc/arm-none-eabi/13.2.1/thumb/v7e-m+fp/hard\libg_nano.a(libc_a-exit.o)
                              C:/ProgramData/MATLAB/SupportPackages/R2024b/3P.instrset/gnuarm-armcortex.instrset/win/bin/../lib/gcc/arm-none-eabi/13.2.1/thumb/v7e-m+fp/hard/crt0.o (exit)
C:/ProgramData/MATLAB/SupportPackages/R2024b/3P.instrset/gnuarm-armcortex.instrset/win/bin/../lib/gcc/arm-none-eabi/13.2.1/thumb/v7e-m+fp/hard\libg_nano.a(libc_a-findfp.o)
                              C:/ProgramData/MATLAB/SupportPackages/R2024b/3P.instrset/gnuarm-armcortex.instrset/win/bin/../lib/gcc/arm-none-eabi/13.2.1/thumb/v7e-m+fp/hard\libg_nano.a(libc_a-exit.o) (__stdio_exit_handler)
C:/ProgramData/MATLAB/SupportPackages/R2024b/3P.instrset/gnuarm-armcortex.instrset/win/bin/../lib/gcc/arm-none-eabi/13.2.1/thumb/v7e-m+fp/hard\libg_nano.a(libc_a-fwalk.o)
                              C:/ProgramData/MATLAB/SupportPackages/R2024b/3P.instrset/gnuarm-armcortex.instrset/win/bin/../lib/gcc/arm-none-eabi/13.2.1/thumb/v7e-m+fp/hard\libg_nano.a(libc_a-findfp.o) (_fwalk_sglue)
C:/ProgramData/MATLAB/SupportPackages/R2024b/3P.instrset/gnuarm-armcortex.instrset/win/bin/../lib/gcc/arm-none-eabi/13.2.1/thumb/v7e-m+fp/hard\libg_nano.a(libc_a-stdio.o)
                              C:/ProgramData/MATLAB/SupportPackages/R2024b/3P.instrset/gnuarm-armcortex.instrset/win/bin/../lib/gcc/arm-none-eabi/13.2.1/thumb/v7e-m+fp/hard\libg_nano.a(libc_a-findfp.o) (__sread)
C:/ProgramData/MATLAB/SupportPackages/R2024b/3P.instrset/gnuarm-armcortex.instrset/win/bin/../lib/gcc/arm-none-eabi/13.2.1/thumb/v7e-m+fp/hard\libg_nano.a(libc_a-memset.o)
[...]
Memory Configuration

Name             Origin             Length             Attributes
RAM              0x20000000         0x00020000         xrw
FLASH            0x08000000         0x00080000         xr
*default*        0x00000000         0xffffffff

Linker script and memory map

LOAD C:/ProgramData/MATLAB/SupportPackages/R2024b/3P.instrset/gnuarm-armcortex.instrset/win/bin/../lib/gcc/arm-none-eabi/13.2.1/thumb/v7e-m+fp/hard/crti.o
LOAD C:/ProgramData/MATLAB/SupportPackages/R2024b/3P.instrset/gnuarm-armcortex.instrset/win/bin/../lib/gcc/arm-none-eabi/13.2.1/thumb/v7e-m+fp/hard/crtbegin.o
LOAD C:/ProgramData/MATLAB/SupportPackages/R2024b/3P.instrset/gnuarm-armcortex.instrset/win/bin/../lib/gcc/arm-none-eabi/13.2.1/thumb/v7e-m+fp/hard/crt0.o
LOAD stm_adc_ll.o
LOAD xcp_ext_mode.o
LOAD Lab1Simulink.o
LOAD ert_main.o
LOAD xcp_ext_common.o
LOAD xcp_ext_classic_trigger.o
LOAD xcp.o
LOAD xcp_standard.o
LOAD xcp_daq.o
LOAD xcp_calibration.o
LOAD xcp_fifo.o
LOAD xcp_transport.o
LOAD xcp_mem_default.o
LOAD xcp_drv_rtiostream.o
LOAD xcp_utils.o
LOAD xcp_frame_serial.o
LOAD xcp_ext_param_default_serial.o
LOAD overrideHALDelay.o
LOAD platform_timer.o
LOAD SysTickScheduler.o
LOAD m3m4m4f_multitasking.o
LOAD rtiostream_serial.o
LOAD stm_usart.o
LOAD stm_lpuart.o
LOAD sys_arch.o
LOAD main.o
LOAD stm32g4xx_it.o
LOAD stm32g4xx_hal_msp.o
LOAD stm32g4xx_hal_timebase_tim.o
LOAD stm32g4xx_ll_utils.o
LOAD stm32g4xx_ll_exti.o
LOAD stm32g4xx_ll_gpio.o
LOAD stm32g4xx_ll_adc.o
LOAD stm32g4xx_ll_dma.o
LOAD stm32g4xx_hal.o
LOAD stm32g4xx_hal_rcc.o
LOAD stm32g4xx_hal_rcc_ex.o
LOAD stm32g4xx_hal_flash.o
LOAD stm32g4xx_hal_flash_ex.o
LOAD stm32g4xx_hal_flash_ramfunc.o
LOAD stm32g4xx_hal_gpio.o
LOAD stm32g4xx_hal_exti.o
LOAD stm32g4xx_hal_dma.o
LOAD stm32g4xx_hal_dma_ex.o
LOAD stm32g4xx_hal_pwr.o
LOAD stm32g4xx_hal_pwr_ex.o
LOAD stm32g4xx_hal_cortex.o
LOAD stm32g4xx_ll_lpuart.o
LOAD stm32g4xx_ll_rcc.o
LOAD stm32g4xx_hal_tim.o
LOAD stm32g4xx_hal_tim_ex.o
LOAD system_stm32g4xx.o
LOAD syscalls.o
LOAD sysmem.o
LOAD startup_stm32g474retx.o
LOAD C:/ProgramData/MATLAB/SupportPackages/R2024b/3P.instrset/cmsis_dsp.instrset/Lib/GCC/arm_cortexm4ldfsp_math/libCMSISDSP.a
LOAD C:/ProgramData/MATLAB/SupportPackages/R2024b/toolbox/shared/supportpackages/stm32/lib/GCC/libmw_pdmfilter_m4_spfp.lib
LOAD C:/ProgramData/MATLAB/SupportPackages/R2024b/3P.instrset/gnuarm-armcortex.instrset/win/bin/../lib/gcc/arm-none-eabi/13.2.1/thumb/v7e-m+fp/hard\libstdc++_nano.a
LOAD C:/ProgramData/MATLAB/SupportPackages/R2024b/3P.instrset/gnuarm-armcortex.instrset/win/bin/../lib/gcc/arm-none-eabi/13.2.1/thumb/v7e-m+fp/hard\libm.a
START GROUP
LOAD C:/ProgramData/MATLAB/SupportPackages/R2024b/3P.instrset/gnuarm-armcortex.instrset/win/bin/../lib/gcc/arm-none-eabi/13.2.1/thumb/v7e-m+fp/hard\libgcc.a
LOAD C:/ProgramData/MATLAB/SupportPackages/R2024b/3P.instrset/gnuarm-armcortex.instrset/win/bin/../lib/gcc/arm-none-eabi/13.2.1/thumb/v7e-m+fp/hard\libg_nano.a
LOAD C:/ProgramData/MATLAB/SupportPackages/R2024b/3P.instrset/gnuarm-armcortex.instrset/win/bin/../lib/gcc/arm-none-eabi/13.2.1/thumb/v7e-m+fp/hard\libc_nano.a
END GROUP
START GROUP
LOAD C:/ProgramData/MATLAB/SupportPackages/R2024b/3P.instrset/gnuarm-armcortex.instrset/win/bin/../lib/gcc/arm-none-eabi/13.2.1/thumb/v7e-m+fp/hard\libgcc.a
LOAD C:/ProgramData/MATLAB/SupportPackages/R2024b/3P.instrset/gnuarm-armcortex.instrset/win/bin/../lib/gcc/arm-none-eabi/13.2.1/thumb/v7e-m+fp/hard\libc_nano.a
LOAD C:/ProgramData/MATLAB/SupportPackages/R2024b/3P.instrset/gnuarm-armcortex.instrset/win/bin/../lib/gcc/arm-none-eabi/13.2.1/thumb/v7e-m+fp/hard\libnosys.a
END GROUP
START GROUP
LOAD C:/ProgramData/MATLAB/SupportPackages/R2024b/3P.instrset/gnuarm-armcortex.instrset/win/bin/../lib/gcc/arm-none-eabi/13.2.1/thumb/v7e-m+fp/hard\libgcc.a
LOAD C:/ProgramData/MATLAB/SupportPackages/R2024b/3P.instrset/gnuarm-armcortex.instrset/win/bin/../lib/gcc/arm-none-eabi/13.2.1/thumb/v7e-m+fp/hard\libc_nano.a
LOAD C:/ProgramData/MATLAB/SupportPackages/R2024b/3P.instrset/gnuarm-armcortex.instrset/win/bin/../lib/gcc/arm-none-eabi/13.2.1/thumb/v7e-m+fp/hard\libnosys.a
END GROUP
LOAD C:/ProgramData/MATLAB/SupportPackages/R2024b/3P.instrset/gnuarm-armcortex.instrset/win/bin/../lib/gcc/arm-none-eabi/13.2.1/thumb/v7e-m+fp/hard/crtend.o
LOAD C:/ProgramData/MATLAB/SupportPackages/R2024b/3P.instrset/gnuarm-armcortex.instrset/win/bin/../lib/gcc/arm-none-eabi/13.2.1/thumb/v7e-m+fp/hard/crtn.o
                0x20020000                        _estack = (ORIGIN (RAM) + LENGTH (RAM))
                0x00000200                        _Min_Heap_Size = 0x200
                0x00000400                        _Min_Stack_Size = 0x400

.isr_vector     0x08000000      0x1d8
                0x08000000                        . = ALIGN (0x4)
 *(.isr_vector)
 .isr_vector    0x08000000      0x1d8 startup_stm32g474retx.o
                0x08000000                g_pfnVectors
                0x080001d8                        . = ALIGN (0x4)

.text           0x080001d8     0xc534
                0x080001d8                        . = ALIGN (0x4)
 *(.text)
 .text          0x080001d8      0x378 C:/ProgramData/MATLAB/SupportPackages/R2024b/3P.instrset/gnuarm-armcortex.instrset/win/bin/../lib/gcc/arm-none-eabi/13.2.1/thumb/v7e-m+fp/hard\libgcc.a(_arm_addsubdf3.o)
                0x080001d8                __aeabi_drsub
                0x080001e0                __aeabi_dsub
                0x080001e0                __subdf3
                0x080001e4                __aeabi_dadd
                0x080001e4                __adddf3
                0x0800045c                __floatunsidf
                0x0800045c                __aeabi_ui2d
                0x0800047c                __floatsidf
                0x0800047c                __aeabi_i2d
                0x080004a0                __aeabi_f2d
                0x080004a0                __extendsfdf2
                0x080004e4                __floatundidf
                0x080004e4                __aeabi_ul2d
                0x080004f4                __floatdidf
                0x080004f4                __aeabi_l2d
 .text          0x08000550      0x424 C:/ProgramData/MATLAB/SupportPackages/R2024b/3P.instrset/gnuarm-armcortex.instrset/win/bin/../lib/gcc/arm-none-eabi/13.2.1/thumb/v7e-m+fp/hard\libgcc.a(_arm_muldivdf3.o)
                0x08000550                __aeabi_dmul
                0x08000550                __muldf3
                0x080007a4                __divdf3
                0x080007a4                __aeabi_ddiv
 .text          0x08000974      0x110 C:/ProgramData/MATLAB/SupportPackages/R2024b/3P.instrset/gnuarm-armcortex.instrset/win/bin/../lib/gcc/arm-none-eabi/13.2.1/thumb/v7e-m+fp/hard\libgcc.a(_arm_cmpdf2.o)
                0x08000974                __gtdf2
                0x08000974                __gedf2
                0x0800097c                __ltdf2
                0x0800097c                __ledf2
                0x08000984                __nedf2
                0x08000984                __eqdf2
                0x08000984                __cmpdf2
                0x08000a00                __aeabi_cdrcmple
                0x08000a10                __aeabi_cdcmpeq
                0x08000a10                __aeabi_cdcmple
                0x08000a20                __aeabi_dcmpeq
                0x08000a34                __aeabi_dcmplt
                0x08000a48                __aeabi_dcmple
                0x08000a5c                __aeabi_dcmpge
                0x08000a70                __aeabi_dcmpgt
 .text          0x08000a84       0x2c C:/ProgramData/MATLAB/SupportPackages/R2024b/3P.instrset/gnuarm-armcortex.instrset/win/bin/../lib/gcc/arm-none-eabi/13.2.1/thumb/v7e-m+fp/hard\libgcc.a(_arm_unorddf2.o)
                0x08000a84                __unorddf2
                0x08000a84                __aeabi_dcmpun
 .text          0x08000ab0       0x40 C:/ProgramData/MATLAB/SupportPackages/R2024b/3P.instrset/gnuarm-armcortex.instrset/win/bin/../lib/gcc/arm-none-eabi/13.2.1/thumb/v7e-m+fp/hard\libgcc.a(_arm_fixunsdfsi.o)
                0x08000ab0                __aeabi_d2uiz
                0x08000ab0                __fixunsdfsi
 .text          0x08000af0       0x30 C:/ProgramData/MATLAB/SupportPackages/R2024b/3P.instrset/gnuarm-armcortex.instrset/win/bin/../lib/gcc/arm-none-eabi/13.2.1/thumb/v7e-m+fp/hard\libgcc.a(_aeabi_uldivmod.o)
                0x08000af0                __aeabi_uldivmod
 .text          0x08000b20        0x4 C:/ProgramData/MATLAB/SupportPackages/R2024b/3P.instrset/gnuarm-armcortex.instrset/win/bin/../lib/gcc/arm-none-eabi/13.2.1/thumb/v7e-m+fp/hard\libgcc.a(_dvmd_tls.o)
                0x08000b20                __aeabi_idiv0
                0x08000b20                __aeabi_ldiv0
 *(.text*)
 .text.deregister_tm_clones
                0x08000b24       0x1c C:/ProgramData/MATLAB/SupportPackages/R2024b/3P.instrset/gnuarm-armcortex.instrset/win/bin/../lib/gcc/arm-none-eabi/13.2.1/thumb/v7e-m+fp/hard/crtbegin.o
 .text.register_tm_clones
                0x08000b40       0x24 C:/ProgramData/MATLAB/SupportPackages/R2024b/3P.instrset/gnuarm-armcortex.instrset/win/bin/../lib/gcc/arm-none-eabi/13.2.1/thumb/v7e-m+fp/hard/crtbegin.o
 .text.__do_global_dtors_aux
                0x08000b64       0x28 C:/ProgramData/MATLAB/SupportPackages/R2024b/3P.instrset/gnuarm-armcortex.instrset/win/bin/../lib/gcc/arm-none-eabi/13.2.1/thumb/v7e-m+fp/hard/crtbegin.o
 .text.frame_dummy
                0x08000b8c       0x24 C:/ProgramData/MATLAB/SupportPackages/R2024b/3P.instrset/gnuarm-armcortex.instrset/win/bin/../lib/gcc/arm-none-eabi/13.2.1/thumb/v7e-m+fp/hard/crtbegin.o
 .text.LL_ADC_REG_IsTriggerSourceSWStart
                0x08000bb0       0x26 stm_adc_ll.o
 .text.LL_ADC_REG_SetSequencerLength
                0x08000bd6       0x26 stm_adc_ll.o
 .text.LL_ADC_REG_SetDMATransfer
                0x08000bfc       0x26 stm_adc_ll.o
 .text.LL_ADC_INJ_IsTriggerSourceSWStart
                0x08000c22       0x26 stm_adc_ll.o
 .text.LL_ADC_Enable
                0x08000c48       0x28 stm_adc_ll.o
 .text.LL_ADC_Disable
                0x08000c70       0x28 stm_adc_ll.o
 .text.LL_ADC_IsEnabled
                0x08000c98       0x26 stm_adc_ll.o
 .text.LL_ADC_StartCalibration
                0x08000cbe       0x32 stm_adc_ll.o
 .text.LL_ADC_IsCalibrationOnGoing
                0x08000cf0       0x28 stm_adc_ll.o
 .text.LL_ADC_REG_StartConversion
                0x08000d18       0x28 stm_adc_ll.o
 .text.LL_ADC_REG_ReadConversionData12
                0x08000d40       0x1a stm_adc_ll.o
 .text.LL_ADC_INJ_StartConversion
                0x08000d5a       0x28 stm_adc_ll.o
 .text.LL_ADC_IsActiveFlag_EOS
                0x08000d82       0x26 stm_adc_ll.o
 .text.LL_ADC_IsActiveFlag_OVR
                0x08000da8       0x26 stm_adc_ll.o
 .text.LL_ADC_ClearFlag_EOS
                0x08000dce       0x1a stm_adc_ll.o
 .text.LL_ADC_ClearFlag_OVR
                0x08000de8       0x1a stm_adc_ll.o
 .text.LL_ADC_EnableIT_EOS
                0x08000e02       0x20 stm_adc_ll.o
 .text.LL_ADC_EnableIT_JEOS
                0x08000e22       0x20 stm_adc_ll.o
 .text.LL_ADC_DisableIT_EOS
                0x08000e42       0x20 stm_adc_ll.o
 .text.LL_ADC_DisableIT_OVR
                0x08000e62       0x20 stm_adc_ll.o
 .text.LL_ADC_DisableIT_JEOS
                0x08000e82       0x20 stm_adc_ll.o
 .text.LL_ADC_DisableIT_AWD1
                0x08000ea2       0x20 stm_adc_ll.o
 .text.LL_ADC_IsEnabledIT_OVR
                0x08000ec2       0x26 stm_adc_ll.o
 .text.LL_ADC_IsEnabledIT_AWD1
                0x08000ee8       0x26 stm_adc_ll.o
 .text.regularADCTrigger
                0x08000f0e       0x86 stm_adc_ll.o
 .text.configure_ADCs_DMA
                0x08000f94       0x1a stm_adc_ll.o
 .text.deconfigure_ADCs_DMA
                0x08000fae       0x18 stm_adc_ll.o
 .text.ADC_IsActiveFlagOVR
                0x08000fc6       0x42 stm_adc_ll.o
                0x08000fc6                ADC_IsActiveFlagOVR
 .text.ADC1_2_IRQHandler
                0x08001008        0xe stm_adc_ll.o
                0x08001008                ADC1_2_IRQHandler
 .text.startADCConversionForExternalTrigger
                0x08001016       0x50 stm_adc_ll.o
                0x08001016                startADCConversionForExternalTrigger
 *fill*         0x08001066        0x2 
 .text.ADC_Handle_Init
                0x08001068      0x118 stm_adc_ll.o
                0x08001068                ADC_Handle_Init
 .text.enableADC
                0x08001180       0x2a stm_adc_ll.o
                0x08001180                enableADC
 .text.regularReadADCNormal
                0x080011aa      0x10a stm_adc_ll.o
                0x080011aa                regularReadADCNormal
 .text.ADC_Handle_Deinit
                0x080012b4       0xfa stm_adc_ll.o
                0x080012b4                ADC_Handle_Deinit
 *fill*         0x080013ae        0x2 
 .text.enableADCAutomaticCalibrationOffset
                0x080013b0      0x114 stm_adc_ll.o
                0x080013b0                enableADCAutomaticCalibrationOffset
 .text.extmodeParseArgs
                0x080014c4       0x1e xcp_ext_mode.o
                0x080014c4                extmodeParseArgs
 *fill*         0x080014e2        0x2 
 .text.extmodeInit
                0x080014e4      0x128 xcp_ext_mode.o
                0x080014e4                extmodeInit
 .text.extmodeWaitForHostRequest
                0x0800160c       0xcc xcp_ext_mode.o
                0x0800160c                extmodeWaitForHostRequest
 .text.extmodeEvent
                0x080016d8       0xfc xcp_ext_mode.o
                0x080016d8                extmodeEvent
 .text.extmodeBackgroundRun
                0x080017d4       0x20 xcp_ext_mode.o
                0x080017d4                extmodeBackgroundRun
 .text.extmodeReset
                0x080017f4       0x40 xcp_ext_mode.o
                0x080017f4                extmodeReset
 .text.extmodeStopRequested
                0x08001834       0x18 xcp_ext_mode.o
                0x08001834                extmodeStopRequested
 .text.extmodeSimulationComplete
                0x0800184c       0x18 xcp_ext_mode.o
                0x0800184c                extmodeSimulationComplete
 .text.Lab1Simulink_SystemCore_setup
                0x08001864       0x86 Lab1Simulink.o
 *fill*         0x080018ea        0x2 
 .text.Lab1Simulink_step
                0x080018ec      0x130 Lab1Simulink.o
                0x080018ec                Lab1Simulink_step
 *fill*         0x08001a1c        0x4 
 .text.Lab1Simulink_initialize
                0x08001a20       0xb8 Lab1Simulink.o
                0x08001a20                Lab1Simulink_initialize
 .text.Lab1Simulink_terminate
                0x08001ad8       0x38 Lab1Simulink.o
                0x08001ad8                Lab1Simulink_terminate
 .text.rt_OneStep
                0x08001b10       0x78 ert_main.o
                0x08001b10                rt_OneStep
 .text.main     0x08001b88      0x184 ert_main.o
                0x08001b88                main
 .text.xcp_void_printf
                0x08001d0c       0x12 xcp_ext_common.o
                0x08001d0c                xcp_void_printf
 .text.xcpCopyTimeValue
                0x08001d1e       0x26 xcp_ext_common.o
 *fill*         0x08001d44        0x4 
 .text.xcpExtModeUpdateTime
                0x08001d48      0x13c xcp_ext_common.o
                0x08001d48                xcpExtModeUpdateTime
 .text.xcpExtModeInit
                0x08001e84       0xb0 xcp_ext_common.o
                0x08001e84                xcpExtModeInit
 .text.xcpExtModeRunBackground
                0x08001f34      0x13c xcp_ext_common.o
                0x08001f34                xcpExtModeRunBackground
 .text.xcpExtModeReset
                0x08002070      0x128 xcp_ext_common.o
                0x08002070                xcpExtModeReset
 .text.sampleSignalTrigger
                0x08002198      0x1b4 xcp_ext_classic_trigger.o
 .text.updateTriggerStatus
                0x0800234c      0x2b8 xcp_ext_classic_trigger.o
 .text.xcpExtModeClassicTriggerInit
                0x08002604       0x68 xcp_ext_classic_trigger.o
                0x08002604                xcpExtModeClassicTriggerInit
 .text.xcpExtModeClassicTriggerEnabled
                0x0800266c      0x100 xcp_ext_classic_trigger.o
                0x0800266c                xcpExtModeClassicTriggerEnabled
 .text.xcpExtModeClassicTriggerReset
                0x0800276c       0xf4 xcp_ext_classic_trigger.o
                0x0800276c                xcpExtModeClassicTriggerReset
 .text.xcpExtModeClassicTriggerForceEnableStatusUpdate
                0x08002860       0x78 xcp_ext_classic_trigger.o
                0x08002860                xcpExtModeClassicTriggerForceEnableStatusUpdate
 .text.msgBufferRealloc
                0x080028d8       0x72 xcp.o
 *fill*         0x0800294a        0x2 
 .text.discardInputPacketHandler
                0x0800294c       0x3c xcp.o
 .text.unknownInputPacketHandler
                0x08002988       0x34 xcp.o
 .text.xcpGetPacketGroupID
                0x080029bc       0x74 xcp.o
 .text.xcpGetPacketHandlers
                0x08002a30      0x124 xcp.o
 .text.xcpStatusSet
                0x08002b54       0x20 xcp.o
                0x08002b54                xcpStatusSet
 .text.xcpSessionStatusGet
                0x08002b74       0x18 xcp.o
                0x08002b74                xcpSessionStatusGet
 .text.xcpSessionStatusSetMask
                0x08002b8c       0x28 xcp.o
                0x08002b8c                xcpSessionStatusSetMask
 .text.xcpSessionStatusClearMask
                0x08002bb4       0x34 xcp.o
                0x08002bb4                xcpSessionStatusClearMask
 .text.xcpResourceProtectionStatusGet
                0x08002be8       0x18 xcp.o
                0x08002be8                xcpResourceProtectionStatusGet
 .text.xcpSessionConfigurationIdGet
                0x08002c00       0x18 xcp.o
                0x08002c00                xcpSessionConfigurationIdGet
 .text.genericOutputPacketHandler
                0x08002c18      0x11c xcp.o
                0x08002c18                genericOutputPacketHandler
 .text.xcpFindPacket
                0x08002d34       0x6e xcp.o
                0x08002d34                xcpFindPacket
 *fill*         0x08002da2        0x2 
 .text.xcpInit  0x08002da4       0x64 xcp.o
                0x08002da4                xcpInit
 .text.xcpRun   0x08002e08      0x194 xcp.o
                0x08002e08                xcpRun
 .text.xcpEvent
                0x08002f9c       0x50 xcp.o
                0x08002f9c                xcpEvent
 .text.xcpGetStatus
                0x08002fec       0x18 xcp.o
                0x08002fec                xcpGetStatus
 .text.xcpReset
                0x08003004       0x40 xcp.o
                0x08003004                xcpReset
 .text.xcpPackedModeEventsFlush
                0x08003044       0x1e xcp.o
                0x08003044                xcpPackedModeEventsFlush
 .text.xcpPackedModeEventReset
                0x08003062       0x2a xcp.o
                0x08003062                xcpPackedModeEventReset
 .text.isValidUploadSize
                0x0800308c       0x30 xcp_standard.o
 .text.xcpMemcpyFromMTA
                0x080030bc       0x38 xcp_standard.o
 .text.connectInputPacketHandler
                0x080030f4       0xa4 xcp_standard.o
 .text.connectOutputPacketHandler
                0x08003198       0xd4 xcp_standard.o
 .text.disconnectInputPacketHandler
                0x0800326c       0x54 xcp_standard.o
 .text.getStatusInputPacketHandler
                0x080032c0       0x28 xcp_standard.o
 .text.getStatusOutputPacketHandler
                0x080032e8       0x80 xcp_standard.o
 .text.synchInputPacketHandler
                0x08003368       0x44 xcp_standard.o
 .text.setMTAInputPacketHandler
                0x080033ac       0x78 xcp_standard.o
 .text.uploadInputPacketHandler
                0x08003424       0x98 xcp_standard.o
 .text.uploadOutputPacketHandler
                0x080034bc       0x9c xcp_standard.o
 .text.shortUploadInputPacketHandler
                0x08003558       0xa4 xcp_standard.o
 .text.shortUploadOutputPacketHandler
                0x080035fc       0x9c xcp_standard.o
 .text.getPacket
                0x08003698       0x24 xcp_standard.o
 .text.xcpStandardInit
                0x080036bc       0x18 xcp_standard.o
                0x080036bc                xcpStandardInit
 .text.xcpStandardGetPacketLookup
                0x080036d4       0x18 xcp_standard.o
                0x080036d4                xcpStandardGetPacketLookup
 .text.xcpStandardSetPacketLookup
                0x080036ec       0x20 xcp_standard.o
                0x080036ec                xcpStandardSetPacketLookup
 .text.xcpStandardReset
                0x0800370c       0x12 xcp_standard.o
                0x0800370c                xcpStandardReset
 *fill*         0x0800371e        0x2 
 .text.xcpStandardGetAddressFromMta
                0x08003720       0x18 xcp_standard.o
                0x08003720                xcpStandardGetAddressFromMta
 .text.xcpStandardSetMta
                0x08003738       0x3c xcp_standard.o
                0x08003738                xcpStandardSetMta
 .text.xcpStandardIncrementMta
                0x08003774       0x28 xcp_standard.o
                0x08003774                xcpStandardIncrementMta
 .text.xcpStandardExtendedInit
                0x0800379c        0xe xcp_standard.o
                0x0800379c                xcpStandardExtendedInit
 .text.xcpStandardExtendedReset
                0x080037aa        0xe xcp_standard.o
                0x080037aa                xcpStandardExtendedReset
 .text.xcpDaqWriteLock
                0x080037b8       0x4c xcp_daq.o
 .text.xcpDaqWriteUnlock
                0x08003804       0x20 xcp_daq.o
 .text.xcpDaqReadLock
                0x08003824       0x38 xcp_daq.o
 .text.xcpDaqReadUnlock
                0x0800385c       0x38 xcp_daq.o
 .text.isActiveDaqList
                0x08003894       0x50 xcp_daq.o
 .text.noActiveDaqLists
                0x080038e4       0x50 xcp_daq.o
 .text.isValidDaqPtr
                0x08003934       0xb8 xcp_daq.o
 .text.isValidDaqEntry
                0x080039ec       0x36 xcp_daq.o
 .text.isSupportedDaqListMode
                0x08003a22       0x26 xcp_daq.o
 .text.isValidStartStopMode
                0x08003a48       0x32 xcp_daq.o
 .text.isValidStartStopSynchMode
                0x08003a7a       0x32 xcp_daq.o
 .text.absoluteOdtNumberIdentification
                0x08003aac       0x10 xcp_daq.o
 .text.isDaqPackedModeEnabled
                0x08003abc       0x6c xcp_daq.o
 .text.odtPacketSize
                0x08003b28       0x54 xcp_daq.o
 .text.createDaqReservedPool
                0x08003b7c       0x88 xcp_daq.o
 .text.destroyDaqReservedPool
                0x08003c04       0x2c xcp_daq.o
 .text.setDaqPtrInputPacketHandler
                0x08003c30       0xdc xcp_daq.o
 .text.writeDaqInputPacketHandler
                0x08003d0c      0x198 xcp_daq.o
 .text.setDaqListModeInputPacketHandler
                0x08003ea4      0x1c8 xcp_daq.o
 .text.startStopDaqListInputPacketHandler
                0x0800406c      0x3f4 xcp_daq.o
 .text.startStopDaqListOutputPacketHandler
                0x08004460       0x5c xcp_daq.o
 .text.startStopSynchInputPacketHandler
                0x080044bc      0x328 xcp_daq.o
 .text.getDaqProcessorInfoInputPacketHandler
                0x080047e4       0x28 xcp_daq.o
 .text.getDaqProcessorInfoOutputPacketHandler
                0x0800480c       0xac xcp_daq.o
 .text.getDaqResolutionInfoInputPacketHandler
                0x080048b8       0x28 xcp_daq.o
 .text.getDaqResolutionInfoOutputPacketHandler
                0x080048e0       0xb8 xcp_daq.o
 .text.freeDaqInputPacketHandler
                0x08004998       0x5c xcp_daq.o
 .text.allocDaqInputPacketHandler
                0x080049f4      0x18c xcp_daq.o
 .text.allocOdtInputPacketHandler
                0x08004b80      0x1c0 xcp_daq.o
 .text.allocOdtEntryInputPacketHandler
                0x08004d40      0x270 xcp_daq.o
 .text.getDaqClockInputPacketHandler
                0x08004fb0       0x22 xcp_daq.o
 *fill*         0x08004fd2        0x2 
 .text.setDaqPackedModeInputPacketHandler
                0x08004fd4      0x21c xcp_daq.o
 .text.level1CommandInputPacketHandler
                0x080051f0       0x64 xcp_daq.o
 .text.getPacket
                0x08005254       0x24 xcp_daq.o
 .text.xcpDaqInit
                0x08005278       0x38 xcp_daq.o
                0x08005278                xcpDaqInit
 .text.xcpDaqGetPacketLookup
                0x080052b0       0x18 xcp_daq.o
                0x080052b0                xcpDaqGetPacketLookup
 .text.xcpDaqSetPacketLookup
                0x080052c8       0x20 xcp_daq.o
                0x080052c8                xcpDaqSetPacketLookup
 .text.xcpResetDaq
                0x080052e8       0xa4 xcp_daq.o
 .text.daqWriteXCPDataForOdt
                0x0800538c       0x7c xcp_daq.o
 .text.odtWriteEntries
                0x08005408       0x9c xcp_daq.o
 .text.xcpProcessDaq
                0x080054a4      0x208 xcp_daq.o
 .text.xcpDaqEvent
                0x080056ac      0x108 xcp_daq.o
                0x080056ac                xcpDaqEvent
 .text.xcpDaqEventsFlush
                0x080057b4      0x284 xcp_daq.o
                0x080057b4                xcpDaqEventsFlush
 .text.xcpDaqLock
                0x08005a38       0x1e xcp_daq.o
                0x08005a38                xcpDaqLock
 .text.xcpDaqUnlock
                0x08005a56        0xe xcp_daq.o
                0x08005a56                xcpDaqUnlock
 .text.xcpResetDaqListStatus
                0x08005a64      0x19c xcp_daq.o
                0x08005a64                xcpResetDaqListStatus
 .text.xcpDaqReset
                0x08005c00       0x20 xcp_daq.o
                0x08005c00                xcpDaqReset
 .text.xcpDaqExtendedInit
                0x08005c20        0xe xcp_daq.o
                0x08005c20                xcpDaqExtendedInit
 .text.xcpDaqExtendedReset
                0x08005c2e        0xe xcp_daq.o
                0x08005c2e                xcpDaqExtendedReset
 .text.isValidShortDownloadSize
                0x08005c3c       0x34 xcp_calibration.o
 .text.isValidDownloadSize
                0x08005c70       0x3a xcp_calibration.o
 *fill*         0x08005caa        0x2 
 .text.xcpMemcpyToMTA
                0x08005cac       0x34 xcp_calibration.o
 .text.downloadInputPacketHandler
                0x08005ce0       0xb0 xcp_calibration.o
 .text.shortDownloadInputPacketHandler
                0x08005d90       0xb8 xcp_calibration.o
 .text.getPacket
                0x08005e48       0x24 xcp_calibration.o
 .text.xcpCalibrationInit
                0x08005e6c       0x14 xcp_calibration.o
                0x08005e6c                xcpCalibrationInit
 .text.xcpCalibrationGetPacketLookup
                0x08005e80       0x18 xcp_calibration.o
                0x08005e80                xcpCalibrationGetPacketLookup
 .text.xcpCalibrationSetPacketLookup
                0x08005e98       0x20 xcp_calibration.o
                0x08005e98                xcpCalibrationSetPacketLookup
 .text.xcpCalibrationReset
                0x08005eb8        0xe xcp_calibration.o
                0x08005eb8                xcpCalibrationReset
 .text.xcpFifoInit
                0x08005ec6       0x20 xcp_fifo.o
                0x08005ec6                xcpFifoInit
 .text.xcpFifoEnqueue
                0x08005ee6       0x2a xcp_fifo.o
                0x08005ee6                xcpFifoEnqueue
 .text.xcpFifoDequeue
                0x08005f10       0x3e xcp_fifo.o
                0x08005f10                xcpFifoDequeue
 .text.xcpFifoEnqueueHead
                0x08005f4e       0x32 xcp_fifo.o
                0x08005f4e                xcpFifoEnqueueHead
 .text.xcpFifoReset
                0x08005f80       0x16 xcp_fifo.o
                0x08005f80                xcpFifoReset
 *fill*         0x08005f96        0x2 
 .text.xcpTransportEmptyTxFifo
                0x08005f98       0x6c xcp_transport.o
 .text.xcpTransportEmptyRxFifo
                0x08006004       0x6c xcp_transport.o
 .text.xcpTransportInit
                0x08006070      0x138 xcp_transport.o
                0x08006070                xcpTransportInit
 .text.xcpTransportTxReady
                0x080061a8       0x1a xcp_transport.o
                0x080061a8                xcpTransportTxReady
 .text.xcpTransportTxTrigger
                0x080061c2       0x1a xcp_transport.o
                0x080061c2                xcpTransportTxTrigger
 .text.xcpTransportTxPacketSet
                0x080061dc      0x144 xcp_transport.o
                0x080061dc                xcpTransportTxPacketSet
 .text.xcpTransportTx
                0x08006320       0xec xcp_transport.o
                0x08006320                xcpTransportTx
 .text.xcpTransportRx
                0x0800640c       0x80 xcp_transport.o
                0x0800640c                xcpTransportRx
 .text.xcpTransportRxPacketGet
                0x0800648c      0x12c xcp_transport.o
                0x0800648c                xcpTransportRxPacketGet
 .text.xcpTransportPacketOffset
                0x080065b8       0x20 xcp_transport.o
                0x080065b8                xcpTransportPacketOffset
 .text.xcpTransportMsgBufferSize
                0x080065d8       0x70 xcp_transport.o
                0x080065d8                xcpTransportMsgBufferSize
 .text.xcpTransportMaxDtoSize
                0x08006648        0xe xcp_transport.o
                0x08006648                xcpTransportMaxDtoSize
 .text.xcpTransportMaxCtoSize
                0x08006656        0xe xcp_transport.o
                0x08006656                xcpTransportMaxCtoSize
 .text.xcpTransportRestart
                0x08006664       0x44 xcp_transport.o
                0x08006664                xcpTransportRestart
 .text.xcpTransportResynch
                0x080066a8       0x40 xcp_transport.o
                0x080066a8                xcpTransportResynch
 .text.xcpTransportCtoReservedMemPoolId
                0x080066e8       0x18 xcp_transport.o
                0x080066e8                xcpTransportCtoReservedMemPoolId
 .text.xcpTransportReset
                0x08006700       0xe4 xcp_transport.o
                0x08006700                xcpTransportReset
 .text.xcpInitializePoolMemoryArea
                0x080067e4       0x72 xcp_mem_default.o
 *fill*         0x08006856        0x2 
 .text.xcpMemInit
                0x08006858      0x1d4 xcp_mem_default.o
                0x08006858                xcpMemInit
 .text.xcpMemAlloc
                0x08006a2c       0xe8 xcp_mem_default.o
                0x08006a2c                xcpMemAlloc
 .text.xcpMemFree
                0x08006b14      0x170 xcp_mem_default.o
                0x08006b14                xcpMemFree
 .text.xcpMemReservedPoolCreate
                0x08006c84      0x220 xcp_mem_default.o
                0x08006c84                xcpMemReservedPoolCreate
 .text.xcpMemReservedPoolDestroy
                0x08006ea4      0x158 xcp_mem_default.o
                0x08006ea4                xcpMemReservedPoolDestroy
 .text.xcpMemCustomPoolCreate
                0x08006ffc       0xbc xcp_mem_default.o
                0x08006ffc                xcpMemCustomPoolCreate
 .text.xcpMemCustomPoolDestroy
                0x080070b8       0x64 xcp_mem_default.o
                0x080070b8                xcpMemCustomPoolDestroy
 .text.xcpMemAllocFromPool
                0x0800711c      0x170 xcp_mem_default.o
                0x0800711c                xcpMemAllocFromPool
 .text.xcpMemReset
                0x0800728c       0x50 xcp_mem_default.o
                0x0800728c                xcpMemReset
 .text.xcpDrvOpen
                0x080072dc       0x64 xcp_drv_rtiostream.o
                0x080072dc                xcpDrvOpen
 .text.xcpDrvIoctl
                0x08007340       0x4c xcp_drv_rtiostream.o
                0x08007340                xcpDrvIoctl
 .text.xcpDrvSend
                0x0800738c      0x14c xcp_drv_rtiostream.o
                0x0800738c                xcpDrvSend
 .text.xcpDrvRecv
                0x080074d8      0x14c xcp_drv_rtiostream.o
                0x080074d8                xcpDrvRecv
 .text.xcpDrvClose
                0x08007624       0x5c xcp_drv_rtiostream.o
                0x08007624                xcpDrvClose
 .text.xcpSortArray
                0x08007680       0xcc xcp_utils.o
                0x08007680                xcpSortArray
 .text.xcpSxiHtons
                0x0800774c       0x18 xcp_frame_serial.o
 .text.xcpSxiNtohs
                0x08007764       0x1c xcp_frame_serial.o
 .text.xcpSxiChecksum
                0x08007780       0x3e xcp_frame_serial.o
                0x08007780                xcpSxiChecksum
 *fill*         0x080077be        0x2 
 .text.xcpFrameInit
                0x080077c0       0x70 xcp_frame_serial.o
                0x080077c0                xcpFrameInit
 .text.xcpFrameMsgSend
                0x08007830      0x188 xcp_frame_serial.o
                0x08007830                xcpFrameMsgSend
 .text.xcpFrameMsgRecv
                0x080079b8      0x180 xcp_frame_serial.o
                0x080079b8                xcpFrameMsgRecv
 .text.xcpFrameCreateMsg
                0x08007b38       0x94 xcp_frame_serial.o
                0x08007b38                xcpFrameCreateMsg
 .text.xcpFrameExtractPacket
                0x08007bcc      0x158 xcp_frame_serial.o
                0x08007bcc                xcpFrameExtractPacket
 .text.xcpFrameHeaderSize
                0x08007d24       0x10 xcp_frame_serial.o
                0x08007d24                xcpFrameHeaderSize
 .text.xcpFrameTailSize
                0x08007d34       0x10 xcp_frame_serial.o
                0x08007d34                xcpFrameTailSize
 .text.xcpFrameMaxDtoSize
                0x08007d44       0x12 xcp_frame_serial.o
                0x08007d44                xcpFrameMaxDtoSize
 .text.xcpFrameMaxCtoSize
                0x08007d56       0x10 xcp_frame_serial.o
                0x08007d56                xcpFrameMaxCtoSize
 *fill*         0x08007d66        0x2 
 .text.xcpFrameRestart
                0x08007d68       0x30 xcp_frame_serial.o
                0x08007d68                xcpFrameRestart
 .text.xcpFrameSetCtoReservedMemPoolId
                0x08007d98       0x20 xcp_frame_serial.o
                0x08007d98                xcpFrameSetCtoReservedMemPoolId
 .text.xcpFrameReset
                0x08007db8       0x70 xcp_frame_serial.o
                0x08007db8                xcpFrameReset
 .text.xcpTransportGetInitParameters
                0x08007e28       0x2e xcp_ext_param_default_serial.o
                0x08007e28                xcpTransportGetInitParameters
 .text.xcpGetInitParameters
                0x08007e56       0x2e xcp_ext_param_default_serial.o
                0x08007e56                xcpGetInitParameters
 .text.HAL_Delay
                0x08007e84       0x2e overrideHALDelay.o
                0x08007e84                HAL_Delay
 *fill*         0x08007eb2        0x2 
 .text.PeriphCommonClock_Config
                0x08007eb4       0x10 platform_timer.o
                0x08007eb4                PeriphCommonClock_Config
 .text.getCurrentTimestampInMicros
                0x08007ec4       0x3c platform_timer.o
                0x08007ec4                getCurrentTimestampInMicros
 .text.returnTimeElapsed
                0x08007f00       0x2c platform_timer.o
                0x08007f00                returnTimeElapsed
 .text.timestampInit
                0x08007f2c       0x28 platform_timer.o
 .text.getCurrentTimestamp
                0x08007f54       0x44 platform_timer.o
                0x08007f54                getCurrentTimestamp
 .text.__NVIC_SetPriority
                0x08007f98       0x54 SysTickScheduler.o
 .text.SysTick_Config
                0x08007fec       0x44 SysTickScheduler.o
 .text.SysTick_Isr
                0x08008030       0x48 SysTickScheduler.o
 .text.SysTick_Handler
                0x08008078       0x20 SysTickScheduler.o
                0x08008078                SysTick_Handler
 .text.ARMCM_SysTick_Config
                0x08008098       0xb0 SysTickScheduler.o
                0x08008098                ARMCM_SysTick_Config
 .text.PendSV_Handler
                0x08008148       0x44 m3m4m4f_multitasking.o
                0x08008148                PendSV_Handler
 .text.SVC_Handler
                0x0800818c       0x58 m3m4m4f_multitasking.o
                0x0800818c                SVC_Handler
 .text.rtIOStreamOpen
                0x080081e4       0x44 rtiostream_serial.o
                0x080081e4                rtIOStreamOpen
 .text.rtIOStreamSend
                0x08008228       0x38 rtiostream_serial.o
                0x08008228                rtIOStreamSend
 .text.rtIOStreamRecv
                0x08008260       0x48 rtiostream_serial.o
                0x08008260                rtIOStreamRecv
 .text.rtIOStreamClose
                0x080082a8       0x20 rtiostream_serial.o
                0x080082a8                rtIOStreamClose
 .text.LL_DMA_GetDataLength
                0x080082c8       0x30 stm_usart.o
 .text.getAvailableDataInBuffer
                0x080082f8       0xcc stm_usart.o
                0x080082f8                getAvailableDataInBuffer
 .text.getBytesToBeReadFromBuffer
                0x080083c4       0x6e stm_usart.o
                0x080083c4                getBytesToBeReadFromBuffer
 *fill*         0x08008432        0x2 
 .text.readDataFromBuffer
                0x08008434       0xdc stm_usart.o
                0x08008434                readDataFromBuffer
 .text.__NVIC_GetPriorityGrouping
                0x08008510       0x1c stm_lpuart.o
 .text.__NVIC_EnableIRQ
                0x0800852c       0x3c stm_lpuart.o
 .text.__NVIC_SetPriority
                0x08008568       0x54 stm_lpuart.o
 .text.NVIC_EncodePriority
                0x080085bc       0x66 stm_lpuart.o
 *fill*         0x08008622        0x2 
 .text.LL_DMA_EnableChannel
                0x08008624       0x44 stm_lpuart.o
 .text.LL_DMA_DisableChannel
                0x08008668       0x44 stm_lpuart.o
 .text.LL_DMA_GetMode
                0x080086ac       0x34 stm_lpuart.o
 .text.LL_DMA_SetDataLength
                0x080086e0       0x4c stm_lpuart.o
 .text.LL_DMA_ConfigAddresses
                0x0800872c       0x7c stm_lpuart.o
 .text.LL_DMA_IsActiveFlag_TC1
                0x080087a8       0x26 stm_lpuart.o
 .text.LL_DMA_ClearFlag_TC1
                0x080087ce       0x1a stm_lpuart.o
 .text.LL_DMA_EnableIT_TC
                0x080087e8       0x44 stm_lpuart.o
 .text.LL_DMA_DisableIT_TC
                0x0800882c       0x44 stm_lpuart.o
 .text.LL_DMA_IsEnabledIT_TC
                0x08008870       0x3c stm_lpuart.o
 .text.LL_LPUART_Enable
                0x080088ac       0x20 stm_lpuart.o
 .text.LL_LPUART_Disable
                0x080088cc       0x20 stm_lpuart.o
 .text.LL_LPUART_IsEnabled
                0x080088ec       0x26 stm_lpuart.o
 .text.LL_LPUART_IsActiveFlag_PE
                0x08008912       0x26 stm_lpuart.o
 .text.LL_LPUART_IsActiveFlag_FE
                0x08008938       0x26 stm_lpuart.o
 .text.LL_LPUART_IsActiveFlag_NE
                0x0800895e       0x26 stm_lpuart.o
 .text.LL_LPUART_IsActiveFlag_ORE
                0x08008984       0x26 stm_lpuart.o
 .text.LL_LPUART_IsActiveFlag_TC
                0x080089aa       0x26 stm_lpuart.o
 .text.LL_LPUART_IsActiveFlag_TXE_TXFNF
                0x080089d0       0x26 stm_lpuart.o
 .text.LL_LPUART_ClearFlag_PE
                0x080089f6       0x1a stm_lpuart.o
 .text.LL_LPUART_ClearFlag_FE
                0x08008a10       0x1a stm_lpuart.o
 .text.LL_LPUART_ClearFlag_NE
                0x08008a2a       0x1a stm_lpuart.o
 .text.LL_LPUART_ClearFlag_ORE
                0x08008a44       0x1a stm_lpuart.o
 .text.LL_LPUART_EnableIT_RXNE_RXFNE
                0x08008a5e       0x42 stm_lpuart.o
 .text.LL_LPUART_EnableIT_PE
                0x08008aa0       0x42 stm_lpuart.o
 .text.LL_LPUART_EnableIT_ERROR
                0x08008ae2       0x46 stm_lpuart.o
 .text.LL_LPUART_DisableIT_RXNE_RXFNE
                0x08008b28       0x42 stm_lpuart.o
 .text.LL_LPUART_DisableIT_TXE_TXFNF
                0x08008b6a       0x42 stm_lpuart.o
 .text.LL_LPUART_DisableIT_PE
                0x08008bac       0x42 stm_lpuart.o
 .text.LL_LPUART_DisableIT_ERROR
                0x08008bee       0x46 stm_lpuart.o
 .text.LL_LPUART_EnableDMAReq_RX
                0x08008c34       0x46 stm_lpuart.o
 .text.LL_LPUART_DisableDMAReq_RX
                0x08008c7a       0x46 stm_lpuart.o
 .text.LL_LPUART_EnableDMAReq_TX
                0x08008cc0       0x46 stm_lpuart.o
 .text.LL_LPUART_DisableDMAReq_TX
                0x08008d06       0x46 stm_lpuart.o
 .text.LL_LPUART_DMA_GetRegAddr
                0x08008d4c       0x2c stm_lpuart.o
 .text.LL_LPUART_ReceiveData8
                0x08008d78       0x1a stm_lpuart.o
 .text.LL_LPUART_TransmitData8
                0x08008d92       0x1e stm_lpuart.o
 .text.LPUART_RXDMAInterruptHandler
                0x08008db0       0xd4 stm_lpuart.o
                0x08008db0                LPUART_RXDMAInterruptHandler
 .text.LPUART_IsActiveFlagError
                0x08008e84       0xf4 stm_lpuart.o
                0x08008e84                LPUART_IsActiveFlagError
 .text.LPUART1_IRQHandler
                0x08008f78       0x14 stm_lpuart.o
                0x08008f78                LPUART1_IRQHandler
 .text.DMA1_Channel1_IRQHandler
                0x08008f8c       0x20 stm_lpuart.o
                0x08008f8c                DMA1_Channel1_IRQHandler
 .text.LPUART_ConfigureReceiveDMA
                0x08008fac       0xae stm_lpuart.o
                0x08008fac                LPUART_ConfigureReceiveDMA
 .text.LPUART_ConfigureTransmitDMA
                0x0800905a       0x7a stm_lpuart.o
                0x0800905a                LPUART_ConfigureTransmitDMA
 .text.MW_LPUART_GetReadErrorStatus
                0x080090d4       0xc8 stm_lpuart.o
                0x080090d4                MW_LPUART_GetReadErrorStatus
 .text.MW_LPUART_Initialize
                0x0800919c      0x170 stm_lpuart.o
                0x0800919c                MW_LPUART_Initialize
 .text.MW_LPUART_ReceiveUsingBuffer
                0x0800930c       0x5c stm_lpuart.o
                0x0800930c                MW_LPUART_ReceiveUsingBuffer
 .text.MW_LPUART_TransmitUsingPolling
                0x08009368      0x184 stm_lpuart.o
                0x08009368                MW_LPUART_TransmitUsingPolling
 .text.MW_LPUART_DeInit
                0x080094ec       0xaa stm_lpuart.o
                0x080094ec                MW_LPUART_DeInit
 .text.sys_arch_protect
                0x08009596       0x22 sys_arch.o
                0x08009596                sys_arch_protect
 .text.sys_arch_unprotect
                0x080095b8       0x20 sys_arch.o
                0x080095b8                sys_arch_unprotect
 .text.__NVIC_GetPriorityGrouping
                0x080095d8       0x1c main.o
 .text.__NVIC_EnableIRQ
                0x080095f4       0x3c main.o
 .text.__NVIC_SetPriority
                0x08009630       0x54 main.o
 .text.NVIC_EncodePriority
                0x08009684       0x66 main.o
 .text.LL_ADC_SetGainCompensation
                0x080096ea       0x4a main.o
 .text.LL_ADC_REG_SetSequencerRanks
                0x08009734       0x58 main.o
 .text.LL_ADC_SetChannelSamplingTime
                0x0800978c       0x56 main.o
 *fill*         0x080097e2        0x2 
 .text.LL_ADC_SetChannelSingleDiff
                0x080097e4       0x50 main.o
 .text.LL_ADC_SetOverSamplingScope
                0x08009834       0x2a main.o
 .text.LL_ADC_DisableDeepPowerDown
                0x0800985e       0x24 main.o
 .text.LL_ADC_EnableInternalRegulator
                0x08009882       0x28 main.o
 *fill*         0x080098aa        0x2 
 .text.LL_DMA_SetDataTransferDirection
                0x080098ac       0x50 main.o
 .text.LL_DMA_SetMode
                0x080098fc       0x4c main.o
 .text.LL_DMA_SetPeriphIncMode
                0x08009948       0x4c main.o
 .text.LL_DMA_SetMemoryIncMode
                0x08009994       0x4c main.o
 .text.LL_DMA_SetPeriphSize
                0x080099e0       0x4c main.o
 .text.LL_DMA_SetMemorySize
                0x08009a2c       0x4c main.o
 .text.LL_DMA_SetChannelPriorityLevel
                0x08009a78       0x4c main.o
 .text.LL_DMA_SetPeriphRequest
                0x08009ac4       0x54 main.o
 .text.LL_LPUART_Enable
                0x08009b18       0x20 main.o
 .text.LL_LPUART_DisableFIFO
                0x08009b38       0x20 main.o
 .text.LL_LPUART_SetTXFIFOThreshold
                0x08009b58       0x4e main.o
 .text.LL_LPUART_SetRXFIFOThreshold
                0x08009ba6       0x4e main.o
 .text.LL_LPUART_IsActiveFlag_TEACK
                0x08009bf4       0x28 main.o
 .text.LL_LPUART_IsActiveFlag_REACK
                0x08009c1c       0x28 main.o
 .text.LL_RCC_HSI_Enable
                0x08009c44       0x20 main.o
 .text.LL_RCC_HSI_IsReady
                0x08009c64       0x28 main.o
 .text.LL_RCC_HSI_SetCalibTrimming
                0x08009c8c       0x2c main.o
 .text.LL_RCC_SetSysClkSource
                0x08009cb8       0x28 main.o
 .text.LL_RCC_GetSysClkSource
                0x08009ce0       0x1c main.o
 .text.LL_RCC_SetAHBPrescaler
                0x08009cfc       0x28 main.o
 .text.LL_RCC_SetAPB1Prescaler
                0x08009d24       0x28 main.o
 .text.LL_RCC_SetAPB2Prescaler
                0x08009d4c       0x28 main.o
 .text.LL_RCC_SetLPUARTClockSource
                0x08009d74       0x2c main.o
 .text.LL_RCC_SetADCClockSource
                0x08009da0       0x48 main.o
 .text.LL_RCC_PLL_Enable
                0x08009de8       0x20 main.o
 .text.LL_RCC_PLL_IsReady
                0x08009e08       0x28 main.o
 .text.LL_RCC_PLL_ConfigDomain_SYS
                0x08009e30       0x40 main.o
 .text.LL_RCC_PLL_EnableDomain_SYS
                0x08009e70       0x20 main.o
 .text.LL_AHB1_GRP1_EnableClock
                0x08009e90       0x30 main.o
 .text.LL_AHB2_GRP1_EnableClock
                0x08009ec0       0x30 main.o
 .text.LL_APB1_GRP2_EnableClock
                0x08009ef0       0x30 main.o
 .text.LL_SYSCFG_SetEXTISource
                0x08009f20       0x70 main.o
 .text.LL_FLASH_SetLatency
                0x08009f90       0x28 main.o
 .text.LL_FLASH_GetLatency
                0x08009fb8       0x1c main.o
 .text.LL_PWR_EnableRange1BoostMode
                0x08009fd4       0x24 main.o
 .text.LL_GPIO_SetPinMode
                0x08009ff8       0x7a main.o
 .text.LL_GPIO_SetPinPull
                0x0800a072       0x7a main.o
 .text.LL_GPIO_ResetOutputPin
                0x0800a0ec       0x1c main.o
 .text.SystemClock_Config
                0x0800a108       0xc8 main.o
                0x0800a108                SystemClock_Config
 .text.MX_ADC1_Init
                0x0800a1d0      0x15c main.o
                0x0800a1d0                MX_ADC1_Init
 .text.MX_LPUART1_UART_Init
                0x0800a32c      0x148 main.o
                0x0800a32c                MX_LPUART1_UART_Init
 .text.MX_DMA_Init
                0x0800a474       0x34 main.o
                0x0800a474                MX_DMA_Init
 .text.MX_GPIO_Init
                0x0800a4a8       0xd8 main.o
                0x0800a4a8                MX_GPIO_Init
 .text.HAL_TIM_PeriodElapsedCallback
                0x0800a580       0x1e main.o
                0x0800a580                HAL_TIM_PeriodElapsedCallback
 .text.Error_Handler
                0x0800a59e        0xc main.o
                0x0800a59e                Error_Handler
 *fill*         0x0800a5aa        0x2 
 .text.LL_EXTI_IsActiveFlag_0_31
                0x0800a5ac       0x2c stm32g4xx_it.o
 .text.LL_EXTI_ClearFlag_0_31
                0x0800a5d8       0x20 stm32g4xx_it.o
 .text.NMI_Handler
                0x0800a5f8        0x8 stm32g4xx_it.o
                0x0800a5f8                NMI_Handler
 .text.HardFault_Handler
                0x0800a600        0x8 stm32g4xx_it.o
                0x0800a600                HardFault_Handler
 .text.MemManage_Handler
                0x0800a608        0x8 stm32g4xx_it.o
                0x0800a608                MemManage_Handler
 .text.BusFault_Handler
                0x0800a610        0x8 stm32g4xx_it.o
                0x0800a610                BusFault_Handler
 .text.UsageFault_Handler
                0x0800a618        0x8 stm32g4xx_it.o
                0x0800a618                UsageFault_Handler
 .text.DebugMon_Handler
                0x0800a620        0xe stm32g4xx_it.o
                0x0800a620                DebugMon_Handler
 *fill*         0x0800a62e        0x2 
 .text.TIM2_IRQHandler
                0x0800a630       0x14 stm32g4xx_it.o
                0x0800a630                TIM2_IRQHandler
 .text.EXTI15_10_IRQHandler
                0x0800a644       0x1e stm32g4xx_it.o
                0x0800a644                EXTI15_10_IRQHandler
 *fill*         0x0800a662        0x2 
 .text.HAL_MspInit
                0x0800a664       0x48 stm32g4xx_hal_msp.o
                0x0800a664                HAL_MspInit
 .text.HAL_InitTick
                0x0800a6ac       0xdc stm32g4xx_hal_timebase_tim.o
                0x0800a6ac                HAL_InitTick
 .text.LL_SetSystemCoreClock
                0x0800a788       0x20 stm32g4xx_ll_utils.o
                0x0800a788                LL_SetSystemCoreClock
 .text.LL_EXTI_EnableIT_0_31
                0x0800a7a8       0x24 stm32g4xx_ll_exti.o
 .text.LL_EXTI_EnableIT_32_63
                0x0800a7cc       0x24 stm32g4xx_ll_exti.o
 .text.LL_EXTI_DisableIT_0_31
                0x0800a7f0       0x28 stm32g4xx_ll_exti.o
 .text.LL_EXTI_DisableIT_32_63
                0x0800a818       0x28 stm32g4xx_ll_exti.o
 .text.LL_EXTI_EnableEvent_0_31
                0x0800a840       0x24 stm32g4xx_ll_exti.o
 .text.LL_EXTI_EnableEvent_32_63
                0x0800a864       0x24 stm32g4xx_ll_exti.o
 .text.LL_EXTI_DisableEvent_0_31
                0x0800a888       0x28 stm32g4xx_ll_exti.o
 .text.LL_EXTI_DisableEvent_32_63
                0x0800a8b0       0x28 stm32g4xx_ll_exti.o
 .text.LL_EXTI_EnableRisingTrig_0_31
                0x0800a8d8       0x24 stm32g4xx_ll_exti.o
 .text.LL_EXTI_EnableRisingTrig_32_63
                0x0800a8fc       0x24 stm32g4xx_ll_exti.o
 .text.LL_EXTI_DisableRisingTrig_0_31
                0x0800a920       0x28 stm32g4xx_ll_exti.o
 .text.LL_EXTI_DisableRisingTrig_32_63
                0x0800a948       0x28 stm32g4xx_ll_exti.o
 .text.LL_EXTI_EnableFallingTrig_0_31
                0x0800a970       0x24 stm32g4xx_ll_exti.o
 .text.LL_EXTI_EnableFallingTrig_32_63
                0x0800a994       0x24 stm32g4xx_ll_exti.o
 .text.LL_EXTI_DisableFallingTrig_0_31
                0x0800a9b8       0x28 stm32g4xx_ll_exti.o
 .text.LL_EXTI_DisableFallingTrig_32_63
                0x0800a9e0       0x28 stm32g4xx_ll_exti.o
 .text.LL_EXTI_Init
                0x0800aa08      0x1ec stm32g4xx_ll_exti.o
                0x0800aa08                LL_EXTI_Init
 .text.LL_GPIO_SetPinMode
                0x0800abf4       0x7a stm32g4xx_ll_gpio.o
 .text.LL_GPIO_SetPinOutputType
                0x0800ac6e       0x30 stm32g4xx_ll_gpio.o
 .text.LL_GPIO_SetPinSpeed
                0x0800ac9e       0x7a stm32g4xx_ll_gpio.o
 .text.LL_GPIO_SetPinPull
                0x0800ad18       0x7a stm32g4xx_ll_gpio.o
 .text.LL_GPIO_SetAFPin_0_7
                0x0800ad92       0x7a stm32g4xx_ll_gpio.o
 .text.LL_GPIO_SetAFPin_8_15
                0x0800ae0c       0x7e stm32g4xx_ll_gpio.o
 .text.LL_GPIO_Init
                0x0800ae8a       0xdc stm32g4xx_ll_gpio.o
                0x0800ae8a                LL_GPIO_Init
 .text.LL_ADC_REG_SetSequencerLength
                0x0800af66       0x26 stm32g4xx_ll_adc.o
 .text.LL_ADC_IsEnabled
                0x0800af8c       0x26 stm32g4xx_ll_adc.o
 *fill*         0x0800afb2        0x2 
 .text.LL_ADC_CommonInit
                0x0800afb4       0xc8 stm32g4xx_ll_adc.o
                0x0800afb4                LL_ADC_CommonInit
 .text.LL_ADC_Init
                0x0800b07c       0x4c stm32g4xx_ll_adc.o
                0x0800b07c                LL_ADC_Init
 .text.LL_ADC_REG_Init
                0x0800b0c8       0x94 stm32g4xx_ll_adc.o
                0x0800b0c8                LL_ADC_REG_Init
 .text.HAL_Init
                0x0800b15c       0x30 stm32g4xx_hal.o
                0x0800b15c                HAL_Init
 .text.HAL_IncTick
                0x0800b18c       0x24 stm32g4xx_hal.o
                0x0800b18c                HAL_IncTick
 .text.HAL_GetTick
                0x0800b1b0       0x18 stm32g4xx_hal.o
                0x0800b1b0                HAL_GetTick
 .text.HAL_RCC_GetHCLKFreq
                0x0800b1c8       0x18 stm32g4xx_hal_rcc.o
                0x0800b1c8                HAL_RCC_GetHCLKFreq
 .text.HAL_RCC_GetPCLK1Freq
                0x0800b1e0       0x2c stm32g4xx_hal_rcc.o
                0x0800b1e0                HAL_RCC_GetPCLK1Freq
 .text.HAL_RCC_GetClockConfig
                0x0800b20c       0x64 stm32g4xx_hal_rcc.o
                0x0800b20c                HAL_RCC_GetClockConfig
 .text.HAL_PWREx_DisableUCPDDeadBattery
                0x0800b270       0x20 stm32g4xx_hal_pwr_ex.o
                0x0800b270                HAL_PWREx_DisableUCPDDeadBattery
 .text.__NVIC_SetPriorityGrouping
                0x0800b290       0x48 stm32g4xx_hal_cortex.o
 .text.__NVIC_GetPriorityGrouping
                0x0800b2d8       0x1c stm32g4xx_hal_cortex.o
 .text.__NVIC_EnableIRQ
                0x0800b2f4       0x3c stm32g4xx_hal_cortex.o
 .text.__NVIC_SetPriority
                0x0800b330       0x54 stm32g4xx_hal_cortex.o
 .text.NVIC_EncodePriority
                0x0800b384       0x66 stm32g4xx_hal_cortex.o
 .text.HAL_NVIC_SetPriorityGrouping
                0x0800b3ea       0x16 stm32g4xx_hal_cortex.o
                0x0800b3ea                HAL_NVIC_SetPriorityGrouping
 .text.HAL_NVIC_SetPriority
                0x0800b400       0x34 stm32g4xx_hal_cortex.o
                0x0800b400                HAL_NVIC_SetPriority
 .text.HAL_NVIC_EnableIRQ
                0x0800b434       0x1c stm32g4xx_hal_cortex.o
                0x0800b434                HAL_NVIC_EnableIRQ
 .text.LL_LPUART_IsEnabled
                0x0800b450       0x26 stm32g4xx_ll_lpuart.o
 .text.LL_LPUART_SetPrescaler
                0x0800b476       0x28 stm32g4xx_ll_lpuart.o
 .text.LL_LPUART_SetStopBitsLength
                0x0800b49e       0x26 stm32g4xx_ll_lpuart.o
 .text.LL_LPUART_SetHWFlowCtrl
                0x0800b4c4       0x26 stm32g4xx_ll_lpuart.o
 *fill*         0x0800b4ea        0x2 
 .text.LL_LPUART_SetBaudRate
                0x0800b4ec       0x98 stm32g4xx_ll_lpuart.o
 .text.LL_LPUART_Init
                0x0800b584       0x98 stm32g4xx_ll_lpuart.o
                0x0800b584                LL_LPUART_Init
 .text.LL_RCC_HSI_IsReady
                0x0800b61c       0x28 stm32g4xx_ll_rcc.o
 .text.LL_RCC_LSE_IsReady
                0x0800b644       0x28 stm32g4xx_ll_rcc.o
 .text.LL_RCC_GetSysClkSource
                0x0800b66c       0x1c stm32g4xx_ll_rcc.o
 .text.LL_RCC_GetAHBPrescaler
                0x0800b688       0x1c stm32g4xx_ll_rcc.o
 .text.LL_RCC_GetAPB1Prescaler
                0x0800b6a4       0x1c stm32g4xx_ll_rcc.o
 .text.LL_RCC_GetLPUARTClockSource
                0x0800b6c0       0x24 stm32g4xx_ll_rcc.o
 .text.LL_RCC_PLL_GetMainSource
                0x0800b6e4       0x1c stm32g4xx_ll_rcc.o
 .text.LL_RCC_PLL_GetN
                0x0800b700       0x1c stm32g4xx_ll_rcc.o
 .text.LL_RCC_PLL_GetR
                0x0800b71c       0x1c stm32g4xx_ll_rcc.o
 .text.LL_RCC_PLL_GetDivider
                0x0800b738       0x1c stm32g4xx_ll_rcc.o
 .text.LL_RCC_GetLPUARTClockFreq
                0x0800b754       0x84 stm32g4xx_ll_rcc.o
                0x0800b754                LL_RCC_GetLPUARTClockFreq
 .text.RCC_GetSystemClockFreq
                0x0800b7d8       0x4c stm32g4xx_ll_rcc.o
 .text.RCC_GetHCLKClockFreq
                0x0800b824       0x30 stm32g4xx_ll_rcc.o
 .text.RCC_GetPCLK1ClockFreq
                0x0800b854       0x2c stm32g4xx_ll_rcc.o
 .text.RCC_PLL_GetFreqDomain_SYS
                0x0800b880       0x68 stm32g4xx_ll_rcc.o
 .text.HAL_TIM_Base_Init
                0x0800b8e8       0xae stm32g4xx_hal_tim.o
                0x0800b8e8                HAL_TIM_Base_Init
 .text.HAL_TIM_Base_MspInit
                0x0800b996       0x14 stm32g4xx_hal_tim.o
                0x0800b996                HAL_TIM_Base_MspInit
 *fill*         0x0800b9aa        0x2 
 .text.HAL_TIM_Base_Start_IT
                0x0800b9ac       0xf0 stm32g4xx_hal_tim.o
                0x0800b9ac                HAL_TIM_Base_Start_IT
 .text.HAL_TIM_IRQHandler
                0x0800ba9c      0x2fe stm32g4xx_hal_tim.o
                0x0800ba9c                HAL_TIM_IRQHandler
 .text.HAL_TIM_OC_DelayElapsedCallback
                0x0800bd9a       0x14 stm32g4xx_hal_tim.o
                0x0800bd9a                HAL_TIM_OC_DelayElapsedCallback
 .text.HAL_TIM_IC_CaptureCallback
                0x0800bdae       0x14 stm32g4xx_hal_tim.o
                0x0800bdae                HAL_TIM_IC_CaptureCallback
 .text.HAL_TIM_PWM_PulseFinishedCallback
                0x0800bdc2       0x14 stm32g4xx_hal_tim.o
                0x0800bdc2                HAL_TIM_PWM_PulseFinishedCallback
 .text.HAL_TIM_TriggerCallback
                0x0800bdd6       0x14 stm32g4xx_hal_tim.o
                0x0800bdd6                HAL_TIM_TriggerCallback
 *fill*         0x0800bdea        0x2 
 .text.TIM_Base_SetConfig
                0x0800bdec      0x150 stm32g4xx_hal_tim.o
                0x0800bdec                TIM_Base_SetConfig
 .text.HAL_TIMEx_CommutCallback
                0x0800bf3c       0x14 stm32g4xx_hal_tim_ex.o
                0x0800bf3c                HAL_TIMEx_CommutCallback
 .text.HAL_TIMEx_BreakCallback
                0x0800bf50       0x14 stm32g4xx_hal_tim_ex.o
                0x0800bf50                HAL_TIMEx_BreakCallback
 .text.HAL_TIMEx_Break2Callback
                0x0800bf64       0x14 stm32g4xx_hal_tim_ex.o
                0x0800bf64                HAL_TIMEx_Break2Callback
 .text.HAL_TIMEx_EncoderIndexCallback
                0x0800bf78       0x14 stm32g4xx_hal_tim_ex.o
                0x0800bf78                HAL_TIMEx_EncoderIndexCallback
 .text.HAL_TIMEx_DirectionChangeCallback
                0x0800bf8c       0x14 stm32g4xx_hal_tim_ex.o
                0x0800bf8c                HAL_TIMEx_DirectionChangeCallback
 .text.HAL_TIMEx_IndexErrorCallback
                0x0800bfa0       0x14 stm32g4xx_hal_tim_ex.o
                0x0800bfa0                HAL_TIMEx_IndexErrorCallback
 .text.HAL_TIMEx_TransitionErrorCallback
                0x0800bfb4       0x14 stm32g4xx_hal_tim_ex.o
                0x0800bfb4                HAL_TIMEx_TransitionErrorCallback
 .text.SystemInit
                0x0800bfc8       0x24 system_stm32g4xx.o
                0x0800bfc8                SystemInit
 .text.Reset_Handler
                0x0800bfec       0x50 startup_stm32g474retx.o
                0x0800bfec                Reset_Handler
 .text.Default_Handler
                0x0800c03c        0x2 startup_stm32g474retx.o
                0x0800c03c                RTC_Alarm_IRQHandler
                0x0800c03c                EXTI2_IRQHandler
                0x0800c03c                TIM8_TRG_COM_IRQHandler
                0x0800c03c                TIM8_CC_IRQHandler
                0x0800c03c                HRTIM1_Master_IRQHandler
                0x0800c03c                SPI4_IRQHandler
                0x0800c03c                FDCAN3_IT0_IRQHandler
                0x0800c03c                TIM1_CC_IRQHandler
                0x0800c03c                HRTIM1_FLT_IRQHandler
                0x0800c03c                HRTIM1_TIMF_IRQHandler
                0x0800c03c                USB_HP_IRQHandler
                0x0800c03c                CORDIC_IRQHandler
                0x0800c03c                HRTIM1_TIMD_IRQHandler
                0x0800c03c                DMA2_Channel8_IRQHandler
                0x0800c03c                EXTI3_IRQHandler
                0x0800c03c                I2C3_ER_IRQHandler
                0x0800c03c                EXTI0_IRQHandler
                0x0800c03c                I2C2_EV_IRQHandler
                0x0800c03c                FPU_IRQHandler
                0x0800c03c                FDCAN1_IT1_IRQHandler
                0x0800c03c                TIM1_UP_TIM16_IRQHandler
                0x0800c03c                HRTIM1_TIME_IRQHandler
                0x0800c03c                SPI1_IRQHandler
                0x0800c03c                TIM6_DAC_IRQHandler
                0x0800c03c                HRTIM1_TIMC_IRQHandler
                0x0800c03c                TIM8_UP_IRQHandler
                0x0800c03c                DMA2_Channel2_IRQHandler
                0x0800c03c                DMA1_Channel4_IRQHandler
                0x0800c03c                TIM20_TRG_COM_IRQHandler
                0x0800c03c                USART3_IRQHandler
                0x0800c03c                DMA1_Channel7_IRQHandler
                0x0800c03c                UART5_IRQHandler
                0x0800c03c                ADC3_IRQHandler
                0x0800c03c                TIM4_IRQHandler
                0x0800c03c                DMA2_Channel1_IRQHandler
                0x0800c03c                QUADSPI_IRQHandler
                0x0800c03c                I2C1_EV_IRQHandler
                0x0800c03c                DMA1_Channel6_IRQHandler
                0x0800c03c                UART4_IRQHandler
                0x0800c03c                DMA2_Channel4_IRQHandler
                0x0800c03c                TIM3_IRQHandler
                0x0800c03c                RCC_IRQHandler
                0x0800c03c                TIM20_UP_IRQHandler
                0x0800c03c                Default_Handler
                0x0800c03c                DMA2_Channel7_IRQHandler
                0x0800c03c                RTC_TAMP_LSECSS_IRQHandler
                0x0800c03c                FMAC_IRQHandler
                0x0800c03c                DMA1_Channel8_IRQHandler
                0x0800c03c                HRTIM1_TIMA_IRQHandler
                0x0800c03c                TIM7_DAC_IRQHandler
                0x0800c03c                FDCAN3_IT1_IRQHandler
                0x0800c03c                TIM5_IRQHandler
                0x0800c03c                UCPD1_IRQHandler
                0x0800c03c                I2C3_EV_IRQHandler
                0x0800c03c                EXTI9_5_IRQHandler
                0x0800c03c                RTC_WKUP_IRQHandler
                0x0800c03c                PVD_PVM_IRQHandler
                0x0800c03c                SPI2_IRQHandler
                0x0800c03c                ADC5_IRQHandler
                0x0800c03c                DMA2_Channel5_IRQHandler
                0x0800c03c                CRS_IRQHandler
                0x0800c03c                DMA1_Channel5_IRQHandler
                0x0800c03c                USB_LP_IRQHandler
                0x0800c03c                EXTI4_IRQHandler
                0x0800c03c                RNG_IRQHandler
                0x0800c03c                HRTIM1_TIMB_IRQHandler
                0x0800c03c                TIM1_TRG_COM_TIM17_IRQHandler
                0x0800c03c                FDCAN2_IT1_IRQHandler
                0x0800c03c                DMA1_Channel3_IRQHandler
                0x0800c03c                ADC4_IRQHandler
                0x0800c03c                WWDG_IRQHandler
                0x0800c03c                I2C4_EV_IRQHandler
                0x0800c03c                FDCAN2_IT0_IRQHandler
                0x0800c03c                DMA2_Channel6_IRQHandler
                0x0800c03c                FDCAN1_IT0_IRQHandler
                0x0800c03c                COMP7_IRQHandler
                0x0800c03c                COMP1_2_3_IRQHandler
                0x0800c03c                EXTI1_IRQHandler
                0x0800c03c                USART2_IRQHandler
                0x0800c03c                COMP4_5_6_IRQHandler
                0x0800c03c                TIM20_BRK_IRQHandler
                0x0800c03c                I2C2_ER_IRQHandler
                0x0800c03c                DMA1_Channel2_IRQHandler
                0x0800c03c                TIM8_BRK_IRQHandler
                0x0800c03c                FLASH_IRQHandler
                0x0800c03c                TIM20_CC_IRQHandler
                0x0800c03c                USART1_IRQHandler
                0x0800c03c                SPI3_IRQHandler
                0x0800c03c                I2C1_ER_IRQHandler
                0x0800c03c                FMC_IRQHandler
                0x0800c03c                LPTIM1_IRQHandler
                0x0800c03c                DMAMUX_OVR_IRQHandler
                0x0800c03c                I2C4_ER_IRQHandler
                0x0800c03c                USBWakeUp_IRQHandler
                0x0800c03c                SAI1_IRQHandler
                0x0800c03c                DMA2_Channel3_IRQHandler
                0x0800c03c                TIM1_BRK_TIM15_IRQHandler
 *fill*         0x0800c03e        0x2 
 .text.fmod     0x0800c040       0x6c C:/ProgramData/MATLAB/SupportPackages/R2024b/3P.instrset/gnuarm-armcortex.instrset/win/bin/../lib/gcc/arm-none-eabi/13.2.1/thumb/v7e-m+fp/hard\libm.a(libm_a-w_fmod.o)
                0x0800c040                fmod
 .text.__ieee754_fmod
                0x0800c0ac      0x30c C:/ProgramData/MATLAB/SupportPackages/R2024b/3P.instrset/gnuarm-armcortex.instrset/win/bin/../lib/gcc/arm-none-eabi/13.2.1/thumb/v7e-m+fp/hard\libm.a(libm_a-e_fmod.o)
                0x0800c0ac                __ieee754_fmod
 .text.__udivmoddi4
                0x0800c3b8      0x2bc C:/ProgramData/MATLAB/SupportPackages/R2024b/3P.instrset/gnuarm-armcortex.instrset/win/bin/../lib/gcc/arm-none-eabi/13.2.1/thumb/v7e-m+fp/hard\libgcc.a(_udivmoddi4.o)
                0x0800c3b8                __udivmoddi4
 .text.memset   0x0800c674       0x10 C:/ProgramData/MATLAB/SupportPackages/R2024b/3P.instrset/gnuarm-armcortex.instrset/win/bin/../lib/gcc/arm-none-eabi/13.2.1/thumb/v7e-m+fp/hard\libg_nano.a(libc_a-memset.o)
                0x0800c674                memset
 .text.__errno  0x0800c684        0xc C:/ProgramData/MATLAB/SupportPackages/R2024b/3P.instrset/gnuarm-armcortex.instrset/win/bin/../lib/gcc/arm-none-eabi/13.2.1/thumb/v7e-m+fp/hard\libg_nano.a(libc_a-errno.o)
                0x0800c684                __errno
 .text.__libc_init_array
                0x0800c690       0x48 C:/ProgramData/MATLAB/SupportPackages/R2024b/3P.instrset/gnuarm-armcortex.instrset/win/bin/../lib/gcc/arm-none-eabi/13.2.1/thumb/v7e-m+fp/hard\libg_nano.a(libc_a-init.o)
                0x0800c690                __libc_init_array
 .text.memcpy   0x0800c6d8       0x1c C:/ProgramData/MATLAB/SupportPackages/R2024b/3P.instrset/gnuarm-armcortex.instrset/win/bin/../lib/gcc/arm-none-eabi/13.2.1/thumb/v7e-m+fp/hard\libg_nano.a(libc_a-memcpy-stub.o)
                0x0800c6d8                memcpy
 *(.glue_7)
 .glue_7        0x0800c6f4        0x0 linker stubs
 *(.glue_7t)
 .glue_7t       0x0800c6f4        0x0 linker stubs
 *(.eh_frame)
 .eh_frame      0x0800c6f4        0x0 C:/ProgramData/MATLAB/SupportPackages/R2024b/3P.instrset/gnuarm-armcortex.instrset/win/bin/../lib/gcc/arm-none-eabi/13.2.1/thumb/v7e-m+fp/hard/crtbegin.o
 *(.init)
 .init          0x0800c6f4        0x4 C:/ProgramData/MATLAB/SupportPackages/R2024b/3P.instrset/gnuarm-armcortex.instrset/win/bin/../lib/gcc/arm-none-eabi/13.2.1/thumb/v7e-m+fp/hard/crti.o
                0x0800c6f4                _init
 .init          0x0800c6f8        0x8 C:/ProgramData/MATLAB/SupportPackages/R2024b/3P.instrset/gnuarm-armcortex.instrset/win/bin/../lib/gcc/arm-none-eabi/13.2.1/thumb/v7e-m+fp/hard/crtn.o
 *(.fini)
 .fini          0x0800c700        0x4 C:/ProgramData/MATLAB/SupportPackages/R2024b/3P.instrset/gnuarm-armcortex.instrset/win/bin/../lib/gcc/arm-none-eabi/13.2.1/thumb/v7e-m+fp/hard/crti.o
                0x0800c700                _fini
 .fini          0x0800c704        0x8 C:/ProgramData/MATLAB/SupportPackages/R2024b/3P.instrset/gnuarm-armcortex.instrset/win/bin/../lib/gcc/arm-none-eabi/13.2.1/thumb/v7e-m+fp/hard/crtn.o
                0x0800c70c                        . = ALIGN (0x4)
                0x0800c70c                        _etext = .

.vfp11_veneer   0x0800c70c        0x0
 .vfp11_veneer  0x0800c70c        0x0 linker stubs

.v4_bx          0x0800c70c        0x0
 .v4_bx         0x0800c70c        0x0 linker stubs

.iplt           0x0800c70c        0x0
 .iplt          0x0800c70c        0x0 C:/ProgramData/MATLAB/SupportPackages/R2024b/3P.instrset/gnuarm-armcortex.instrset/win/bin/../lib/gcc/arm-none-eabi/13.2.1/thumb/v7e-m+fp/hard/crtbegin.o

.rodata         0x0800c710     0x29f0
                0x0800c710                        . = ALIGN (0x4)
 *(.rodata)
 .rodata        0x0800c710      0x2b9 xcp_ext_mode.o
 *fill*         0x0800c9c9        0x3 
 .rodata        0x0800c9cc      0x12e xcp_ext_common.o
 *fill*         0x0800cafa        0x2 
 .rodata        0x0800cafc       0x4c xcp_ext_classic_trigger.o
 .rodata        0x0800cb48      0x278 xcp.o
 .rodata        0x0800cdc0      0x3a9 xcp_standard.o
 *fill*         0x0800d169        0x3 
 .rodata        0x0800d16c     0x1010 xcp_daq.o
 .rodata        0x0800e17c       0xdd xcp_calibration.o
 *fill*         0x0800e259        0x3 
 .rodata        0x0800e25c      0x56e xcp_transport.o
 *fill*         0x0800e7ca        0x2 
 .rodata        0x0800e7cc       0xf5 xcp_mem_default.o
 *fill*         0x0800e8c1        0x3 
 .rodata        0x0800e8c4      0x228 xcp_drv_rtiostream.o
 .rodata        0x0800eaec      0x4aa xcp_frame_serial.o
 *(.rodata*)
 *fill*         0x0800ef96        0x2 
 .rodata.Lab1Simulink_M
                0x0800ef98        0x4 Lab1Simulink.o
                0x0800ef98                Lab1Simulink_M
 .rodata.rtAlwaysEnabled.0
                0x0800ef9c        0x1 Lab1Simulink.o
 *fill*         0x0800ef9d        0x3 
 .rodata.standardSupportedRxPacket
                0x0800efa0       0x54 xcp_standard.o
 .rodata.daqSupportedRxPacket
                0x0800eff4       0x9c xcp_daq.o
 .rodata.calibrationSupportedRxPacket
                0x0800f090       0x18 xcp_calibration.o
 .rodata.CHANNEL_OFFSET_TAB
                0x0800f0a8        0x8 stm_usart.o
 .rodata.CHANNEL_OFFSET_TAB
                0x0800f0b0        0x8 stm_lpuart.o
 .rodata.CHANNEL_OFFSET_TAB
                0x0800f0b8        0x8 main.o
 .rodata.LPUART_PRESCALER_TAB
                0x0800f0c0       0x18 stm32g4xx_ll_lpuart.o
 .rodata.AHBPrescTable
                0x0800f0d8       0x10 system_stm32g4xx.o
                0x0800f0d8                AHBPrescTable
 .rodata.APBPrescTable
                0x0800f0e8        0x8 system_stm32g4xx.o
                0x0800f0e8                APBPrescTable
 .rodata.Zero   0x0800f0f0       0x10 C:/ProgramData/MATLAB/SupportPackages/R2024b/3P.instrset/gnuarm-armcortex.instrset/win/bin/../lib/gcc/arm-none-eabi/13.2.1/thumb/v7e-m+fp/hard\libm.a(libm_a-e_fmod.o)
                0x0800f100                        . = ALIGN (0x4)

.ARM.extab      0x0800f100        0x0
                0x0800f100                        . = ALIGN (0x4)
 *(.ARM.extab* .gnu.linkonce.armextab.*)
                0x0800f100                        . = ALIGN (0x4)

.ARM            0x0800f100        0x8
                0x0800f100                        . = ALIGN (0x4)
                0x0800f100                        __exidx_start = .
 *(.ARM.exidx*)
 .ARM.exidx.text.__udivmoddi4
                0x0800f100        0x8 C:/ProgramData/MATLAB/SupportPackages/R2024b/3P.instrset/gnuarm-armcortex.instrset/win/bin/../lib/gcc/arm-none-eabi/13.2.1/thumb/v7e-m+fp/hard\libgcc.a(_udivmoddi4.o)
                0x0800f108                        __exidx_end = .
                0x0800f108                        . = ALIGN (0x4)

.rel.dyn        0x0800f108        0x0
 .rel.iplt      0x0800f108        0x0 C:/ProgramData/MATLAB/SupportPackages/R2024b/3P.instrset/gnuarm-armcortex.instrset/win/bin/../lib/gcc/arm-none-eabi/13.2.1/thumb/v7e-m+fp/hard/crtbegin.o

.preinit_array  0x0800f108        0x0
                0x0800f108                        . = ALIGN (0x4)
                0x0800f108                        PROVIDE (__preinit_array_start = .)
 *(.preinit_array*)
                0x0800f108                        PROVIDE (__preinit_array_end = .)
                0x0800f108                        . = ALIGN (0x4)

.init_array     0x0800f108        0x4
                0x0800f108                        . = ALIGN (0x4)
                0x0800f108                        PROVIDE (__init_array_start = .)
 *(SORT_BY_NAME(.init_array.*))
 *(.init_array*)
 .init_array    0x0800f108        0x4 C:/ProgramData/MATLAB/SupportPackages/R2024b/3P.instrset/gnuarm-armcortex.instrset/win/bin/../lib/gcc/arm-none-eabi/13.2.1/thumb/v7e-m+fp/hard/crtbegin.o
                0x0800f10c                        PROVIDE (__init_array_end = .)
                0x0800f10c                        . = ALIGN (0x4)

.fini_array     0x0800f10c        0x4
                0x0800f10c                        . = ALIGN (0x4)
                [!provide]                        PROVIDE (__fini_array_start = .)
 *(SORT_BY_NAME(.fini_array.*))
 *(.fini_array*)
 .fini_array    0x0800f10c        0x4 C:/ProgramData/MATLAB/SupportPackages/R2024b/3P.instrset/gnuarm-armcortex.instrset/win/bin/../lib/gcc/arm-none-eabi/13.2.1/thumb/v7e-m+fp/hard/crtbegin.o
                [!provide]                        PROVIDE (__fini_array_end = .)
                0x0800f110                        . = ALIGN (0x4)
                0x0800f110                        _sidata = LOADADDR (.data)

.data           0x20000000       0xe4 load address 0x0800f110
                0x20000000                        . = ALIGN (0x4)
                0x20000000                        _sdata = .
 *(.data)
 *(.data*)
 .data.xcpExtmodeFinalSimulationTime
                0x20000000        0x8 xcp_ext_common.o
                0x20000000                xcpExtmodeFinalSimulationTime
 .data.xcpClassicTriggerDuration
                0x20000008        0x4 xcp_ext_classic_trigger.o
                0x20000008                xcpClassicTriggerDuration
 .data.xcpClassicTriggerArmRequest
                0x2000000c        0x1 xcp_ext_classic_trigger.o
                0x2000000c                xcpClassicTriggerArmRequest
 *fill*         0x2000000d        0x3 
 .data.startStopDaqListId
                0x20000010        0x4 xcp_daq.o
 .data.xcpCurrentDaq
                0x20000014        0x4 xcp_daq.o
 .data.xcpEventCustomMemoryManager
                0x20000018        0xc xcp_daq.o
 .data.xcpCtoReservedMemPoolId
                0x20000024        0x4 xcp_transport.o
 .data.xcpMemMainBlockSizes
                0x20000028        0xc xcp_mem_default.o
 .data.xcpMemMainBlocksNumber
                0x20000034        0xc xcp_mem_default.o
 .data.drvID    0x20000040        0x4 xcp_drv_rtiostream.o
 .data.xcpCtoReservedMemPoolId
                0x20000044        0x4 xcp_frame_serial.o
 .data.uartObj  0x20000048       0x40 rtiostream_serial.o
                0x20000048                uartObj
 .data.uwTickPrio
                0x20000088        0x4 stm32g4xx_hal.o
                0x20000088                uwTickPrio
 .data.uwTickFreq
                0x2000008c        0x4 stm32g4xx_hal.o
                0x2000008c                uwTickFreq
 .data.SystemCoreClock
                0x20000090        0x4 system_stm32g4xx.o
                0x20000090                SystemCoreClock
 .data._impure_ptr
                0x20000094        0x4 C:/ProgramData/MATLAB/SupportPackages/R2024b/3P.instrset/gnuarm-armcortex.instrset/win/bin/../lib/gcc/arm-none-eabi/13.2.1/thumb/v7e-m+fp/hard\libg_nano.a(libc_a-impure.o)
                0x20000094                _impure_ptr
 .data._impure_data
                0x20000098       0x4c C:/ProgramData/MATLAB/SupportPackages/R2024b/3P.instrset/gnuarm-armcortex.instrset/win/bin/../lib/gcc/arm-none-eabi/13.2.1/thumb/v7e-m+fp/hard\libg_nano.a(libc_a-impure.o)
                0x20000098                _impure_data
 *(.RamFunc)
 *(.RamFunc*)
                0x200000e4                        . = ALIGN (0x4)
                0x200000e4                        _edata = .

.tm_clone_table
                0x200000e4        0x0 load address 0x0800f1f4
 .tm_clone_table
                0x200000e4        0x0 C:/ProgramData/MATLAB/SupportPackages/R2024b/3P.instrset/gnuarm-armcortex.instrset/win/bin/../lib/gcc/arm-none-eabi/13.2.1/thumb/v7e-m+fp/hard/crtbegin.o
 .tm_clone_table
                0x200000e4        0x0 C:/ProgramData/MATLAB/SupportPackages/R2024b/3P.instrset/gnuarm-armcortex.instrset/win/bin/../lib/gcc/arm-none-eabi/13.2.1/thumb/v7e-m+fp/hard/crtend.o

.igot.plt       0x200000e4        0x0 load address 0x0800f1f4
 .igot.plt      0x200000e4        0x0 C:/ProgramData/MATLAB/SupportPackages/R2024b/3P.instrset/gnuarm-armcortex.instrset/win/bin/../lib/gcc/arm-none-eabi/13.2.1/thumb/v7e-m+fp/hard/crtbegin.o
                0x200000e4                        . = ALIGN (0x4)

.bss            0x200000e8     0x1194 load address 0x0800f1f4
                0x200000e8                        _sbss = .
                0x200000e8                        __bss_start__ = _sbss
 *(.bss)
 *(.bss*)
 .bss.completed.1
                0x200000e8        0x1 C:/ProgramData/MATLAB/SupportPackages/R2024b/3P.instrset/gnuarm-armcortex.instrset/win/bin/../lib/gcc/arm-none-eabi/13.2.1/thumb/v7e-m+fp/hard/crtbegin.o
 *fill*         0x200000e9        0x3 
 .bss.object.0  0x200000ec       0x18 C:/ProgramData/MATLAB/SupportPackages/R2024b/3P.instrset/gnuarm-armcortex.instrset/win/bin/../lib/gcc/arm-none-eabi/13.2.1/thumb/v7e-m+fp/hard/crtbegin.o
 .bss.mw_adc1   0x20000104       0x1c stm_adc_ll.o
                0x20000104                mw_adc1
 .bss.xcpCustomTriggerFunction
                0x20000120        0x8 xcp_ext_mode.o
 .bss.Lab1Simulink_B
                0x20000128       0x10 Lab1Simulink.o
                0x20000128                Lab1Simulink_B
 .bss.Lab1Simulink_DW
                0x20000138       0x18 Lab1Simulink.o
                0x20000138                Lab1Simulink_DW
 .bss.Lab1Simulink_M_
                0x20000150       0x48 Lab1Simulink.o
 .bss.rt_ExtModeInfo.2
                0x20000198       0x14 Lab1Simulink.o
 .bss.systemRan.1
                0x200001ac        0xc Lab1Simulink.o
 .bss.IsrOverrun
                0x200001b8        0x4 ert_main.o
                0x200001b8                IsrOverrun
 .bss.OverrunFlag
                0x200001bc        0x1 ert_main.o
 .bss.stopRequested
                0x200001bd        0x1 ert_main.o
                0x200001bd                stopRequested
 .bss.runModel  0x200001be        0x1 ert_main.o
                0x200001be                runModel
 .bss.xcpModelStartRequest
                0x200001bf        0x1 xcp_ext_common.o
                0x200001bf                xcpModelStartRequest
 .bss.xcpModelStopRequest
                0x200001c0        0x1 xcp_ext_common.o
                0x200001c0                xcpModelStopRequest
 .bss.xcpModelStatus
                0x200001c1        0x1 xcp_ext_common.o
                0x200001c1                xcpModelStatus
 *fill*         0x200001c2        0x2 
 .bss.xcpModelChecksum0
                0x200001c4        0x4 xcp_ext_common.o
                0x200001c4                xcpModelChecksum0
 .bss.xcpModelChecksum1
                0x200001c8        0x4 xcp_ext_common.o
                0x200001c8                xcpModelChecksum1
 .bss.xcpModelChecksum2
                0x200001cc        0x4 xcp_ext_common.o
                0x200001cc                xcpModelChecksum2
 .bss.xcpModelChecksum3
                0x200001d0        0x4 xcp_ext_common.o
                0x200001d0                xcpModelChecksum3
 .bss.xcpModelIntegerCode
                0x200001d4        0x4 xcp_ext_common.o
                0x200001d4                xcpModelIntegerCode
 .bss.xcpExtmodeSimulationComplete
                0x200001d8        0x1 xcp_ext_common.o
                0x200001d8                xcpExtmodeSimulationComplete
 *fill*         0x200001d9        0x7 
 .bss.xcpDummyDoubleVariable
                0x200001e0        0x8 xcp_ext_common.o
                0x200001e0                xcpDummyDoubleVariable
 .bss.xcpDummyUint64Variable
                0x200001e8        0x8 xcp_ext_common.o
                0x200001e8                xcpDummyUint64Variable
 .bss.xcpCurrentSimulationTimeInMs
                0x200001f0        0x8 xcp_ext_common.o
                0x200001f0                xcpCurrentSimulationTimeInMs
 .bss.xcpBaseRateSimulationTime
                0x200001f8        0x8 xcp_ext_common.o
 .bss.xcpClassicTriggerEventId
                0x20000200        0x2 xcp_ext_classic_trigger.o
                0x20000200                xcpClassicTriggerEventId
 *fill*         0x20000202        0x2 
 .bss.xcpClassicTriggerSignalAddress
                0x20000204        0x4 xcp_ext_classic_trigger.o
                0x20000204                xcpClassicTriggerSignalAddress
 .bss.xcpClassicTriggerSignalAddressExtension
                0x20000208        0x1 xcp_ext_classic_trigger.o
                0x20000208                xcpClassicTriggerSignalAddressExtension
 *fill*         0x20000209        0x7 
 .bss.xcpClassicTriggerLevel
                0x20000210        0x8 xcp_ext_classic_trigger.o
                0x20000210                xcpClassicTriggerLevel
 .bss.xcpClassicTriggerHoldOff
                0x20000218        0x4 xcp_ext_classic_trigger.o
                0x20000218                xcpClassicTriggerHoldOff
 .bss.xcpClassicTriggerDelay
                0x2000021c        0x4 xcp_ext_classic_trigger.o
                0x2000021c                xcpClassicTriggerDelay
 .bss.xcpClassicTriggerDirection
                0x20000220        0x1 xcp_ext_classic_trigger.o
                0x20000220                xcpClassicTriggerDirection
 .bss.xcpClassicTriggerCancelRequest
                0x20000221        0x1 xcp_ext_classic_trigger.o
                0x20000221                xcpClassicTriggerCancelRequest
 .bss.xcpClassicTriggerSource
                0x20000222        0x1 xcp_ext_classic_trigger.o
                0x20000222                xcpClassicTriggerSource
 .bss.xcpClassicTriggerMode
                0x20000223        0x1 xcp_ext_classic_trigger.o
                0x20000223                xcpClassicTriggerMode
 .bss.xcpClassicTriggerStatus
                0x20000224        0x1 xcp_ext_classic_trigger.o
                0x20000224                xcpClassicTriggerStatus
 *fill*         0x20000225        0x3 
 .bss.xcpOldSignalValue
                0x20000228        0x8 xcp_ext_classic_trigger.o
 .bss.xcpOldSignalValueAvailable
                0x20000230        0x1 xcp_ext_classic_trigger.o
 .bss.xcpOldClassicTriggerSource
                0x20000231        0x1 xcp_ext_classic_trigger.o
 .bss.xcpTriggerEnabled
                0x20000232        0x1 xcp_ext_classic_trigger.o
 .bss.xcpSignalTriggerFired
                0x20000233        0x1 xcp_ext_classic_trigger.o
 .bss.xcpTriggerCount
                0x20000234        0x4 xcp_ext_classic_trigger.o
 .bss.xcpForcedTriggerEnabled
                0x20000238        0x1 xcp_ext_classic_trigger.o
 .bss.xcpForceTriggerEnableRequest
                0x20000239        0x1 xcp_ext_classic_trigger.o
 .bss.initialized
                0x2000023a        0x1 xcp.o
 .bss.xcpStatus
                0x2000023b        0x1 xcp.o
 .bss.xcpSessionStatus
                0x2000023c        0x1 xcp.o
 .bss.xcpResourceProtectionStatus
                0x2000023d        0x1 xcp.o
 .bss.xcpSessionConfigurationId
                0x2000023e        0x2 xcp.o
 .bss.groupPacketLookup
                0x20000240       0x10 xcp.o
 .bss.xcpMta    0x20000250        0x8 xcp_standard.o
 .bss.xcpUploadSize
                0x20000258        0x1 xcp_standard.o
 *fill*         0x20000259        0x3 
 .bss.packetLookup
                0x2000025c        0x4 xcp_standard.o
 .bss.xcpDynamicDaqLists
                0x20000260        0x8 xcp_daq.o
 .bss.xcpRunningEventCounter
                0x20000268        0x4 xcp_daq.o
 .bss.daqLock   0x2000026c        0x4 xcp_daq.o
 .bss.packetLookup
                0x20000270        0x4 xcp_daq.o
 .bss.packetLookup
                0x20000274        0x4 xcp_calibration.o
 .bss.txFifo    0x20000278       0x10 xcp_transport.o
 .bss.txLock    0x20000288        0x4 xcp_transport.o
 .bss.rxFifo    0x2000028c        0x8 xcp_transport.o
 .bss.rxLock    0x20000294        0x4 xcp_transport.o
 .bss.initialized
                0x20000298        0x1 xcp_transport.o
 *fill*         0x20000299        0x3 
 .bss.xcpMemPoolDescriptors
                0x2000029c       0xc0 xcp_mem_default.o
 .bss.xcpMemCustomPoolDescriptors
                0x2000035c        0x8 xcp_mem_default.o
 .bss.xcpMemMainChunk
                0x20000364      0x3c7 xcp_mem_default.o
 *fill*         0x2000072b        0x1 
 .bss.xcpMemReservedPoolsChunk
                0x2000072c      0x553 xcp_mem_default.o
 *fill*         0x20000c7f        0x1 
 .bss.xcpMemReservedPoolsChunkUsedBytes
                0x20000c80        0x4 xcp_mem_default.o
 .bss.xcpMemLock
                0x20000c84        0x4 xcp_mem_default.o
 .bss.forceBlocking
                0x20000c88        0x1 xcp_drv_rtiostream.o
 *fill*         0x20000c89        0x1 
 .bss.txCounter
                0x20000c8a        0x2 xcp_frame_serial.o
 .bss.rxCounter
                0x20000c8c        0x2 xcp_frame_serial.o
 *fill*         0x20000c8e        0x2 
 .bss.firstRxCounterReceived
                0x20000c90        0x4 xcp_frame_serial.o
 .bss.initialized
                0x20000c94        0x1 xcp_frame_serial.o
 *fill*         0x20000c95        0x3 
 .bss.timestampInitialized
                0x20000c98        0x4 platform_timer.o
 .bss.timestampStartTime
                0x20000c9c        0x4 platform_timer.o
 .bss.schdl_counter
                0x20000ca0        0x4 SysTickScheduler.o
                0x20000ca0                schdl_counter
 .bss.schdl_counter_max
                0x20000ca4        0x4 SysTickScheduler.o
                0x20000ca4                schdl_counter_max
 .bss.taskToSchedule
                0x20000ca8        0x4 m3m4m4f_multitasking.o
                0x20000ca8                taskToSchedule
 .bss.mw_ext_h  0x20000cac        0x4 rtiostream_serial.o
                0x20000cac                mw_ext_h
 .bss.UARTRxBuffer
                0x20000cb0        0x4 rtiostream_serial.o
                0x20000cb0                UARTRxBuffer
 .bss.mw_lpuart1
                0x20000cb4       0x40 stm_lpuart.o
                0x20000cb4                mw_lpuart1
 .bss.LPUART1ReceiveBuffer
                0x20000cf4      0x400 stm_lpuart.o
                0x20000cf4                LPUART1ReceiveBuffer
 .bss.htim2     0x200010f4       0x4c stm32g4xx_hal_timebase_tim.o
                0x200010f4                htim2
 .bss.uwTick    0x20001140        0x4 stm32g4xx_hal.o
                0x20001140                uwTick
 .bss.__sf      0x20001144      0x138 C:/ProgramData/MATLAB/SupportPackages/R2024b/3P.instrset/gnuarm-armcortex.instrset/win/bin/../lib/gcc/arm-none-eabi/13.2.1/thumb/v7e-m+fp/hard\libg_nano.a(libc_a-findfp.o)
                0x20001144                __sf
 *(COMMON)
                0x2000127c                        . = ALIGN (0x4)
                0x2000127c                        _ebss = .
                0x2000127c                        __bss_end__ = _ebss

._user_heap_stack
                0x2000127c      0x604 load address 0x0800f1f4
                0x20001280                        . = ALIGN (0x8)
 *fill*         0x2000127c        0x4 
                [!provide]                        PROVIDE (end = .)
                0x20001280                        PROVIDE (_end = .)
                0x20001480                        . = (. + _Min_Heap_Size)
 *fill*         0x20001280      0x200 
                0x20001880                        . = (. + _Min_Stack_Size)
 *fill*         0x20001480      0x400 
                0x20001880                        . = ALIGN (0x8)

/DISCARD/
 libc.a(*)
 libm.a(*)
 libgcc.a(*)

.ARM.attributes
                0x00000000       0x30
 *(.ARM.attributes)
 .ARM.attributes
                0x00000000       0x22 C:/ProgramData/MATLAB/SupportPackages/R2024b/3P.instrset/gnuarm-armcortex.instrset/win/bin/../lib/gcc/arm-none-eabi/13.2.1/thumb/v7e-m+fp/hard/crti.o
 .ARM.attributes
                0x00000022       0x34 C:/ProgramData/MATLAB/SupportPackages/R2024b/3P.instrset/gnuarm-armcortex.instrset/win/bin/../lib/gcc/arm-none-eabi/13.2.1/thumb/v7e-m+fp/hard/crtbegin.o
 .ARM.attributes
                0x00000056       0x34 stm_adc_ll.o
 .ARM.attributes
                0x0000008a       0x34 xcp_ext_mode.o
 .ARM.attributes
                0x000000be       0x34 Lab1Simulink.o
 .ARM.attributes
                0x000000f2       0x34 ert_main.o
 .ARM.attributes
                0x00000126       0x34 xcp_ext_common.o
 .ARM.attributes
                0x0000015a       0x34 xcp_ext_classic_trigger.o
 .ARM.attributes
                0x0000018e       0x34 xcp.o
 .ARM.attributes
                0x000001c2       0x34 xcp_standard.o
 .ARM.attributes
                0x000001f6       0x34 xcp_daq.o
 .ARM.attributes
                0x0000022a       0x34 xcp_calibration.o
 .ARM.attributes
                0x0000025e       0x34 xcp_fifo.o
 .ARM.attributes
                0x00000292       0x34 xcp_transport.o
 .ARM.attributes
                0x000002c6       0x34 xcp_mem_default.o
 .ARM.attributes
                0x000002fa       0x34 xcp_drv_rtiostream.o
 .ARM.attributes
                0x0000032e       0x34 xcp_utils.o
 .ARM.attributes
                0x00000362       0x34 xcp_frame_serial.o
 .ARM.attributes
                0x00000396       0x34 xcp_ext_param_default_serial.o
 .ARM.attributes
                0x000003ca       0x34 overrideHALDelay.o
 .ARM.attributes
                0x000003fe       0x34 platform_timer.o
 .ARM.attributes
                0x00000432       0x34 SysTickScheduler.o
 .ARM.attributes
                0x00000466       0x34 m3m4m4f_multitasking.o
 .ARM.attributes
                0x0000049a       0x34 rtiostream_serial.o
 .ARM.attributes
                0x000004ce       0x34 stm_usart.o
 .ARM.attributes
                0x00000502       0x34 stm_lpuart.o
 .ARM.attributes
                0x00000536       0x34 sys_arch.o
 .ARM.attributes
                0x0000056a       0x34 main.o
 .ARM.attributes
                0x0000059e       0x34 stm32g4xx_it.o
 .ARM.attributes
                0x000005d2       0x34 stm32g4xx_hal_msp.o
 .ARM.attributes
                0x00000606       0x34 stm32g4xx_hal_timebase_tim.o
 .ARM.attributes
                0x0000063a       0x34 stm32g4xx_ll_utils.o
 .ARM.attributes
                0x0000066e       0x34 stm32g4xx_ll_exti.o
 .ARM.attributes
                0x000006a2       0x34 stm32g4xx_ll_gpio.o
 .ARM.attributes
                0x000006d6       0x34 stm32g4xx_ll_adc.o
 .ARM.attributes
                0x0000070a       0x34 stm32g4xx_hal.o
 .ARM.attributes
                0x0000073e       0x34 stm32g4xx_hal_rcc.o
 .ARM.attributes
                0x00000772       0x34 stm32g4xx_hal_pwr_ex.o
 .ARM.attributes
                0x000007a6       0x34 stm32g4xx_hal_cortex.o
 .ARM.attributes
                0x000007da       0x34 stm32g4xx_ll_lpuart.o
 .ARM.attributes
                0x0000080e       0x34 stm32g4xx_ll_rcc.o
 .ARM.attributes
                0x00000842       0x34 stm32g4xx_hal_tim.o
 .ARM.attributes
                0x00000876       0x34 stm32g4xx_hal_tim_ex.o
 .ARM.attributes
                0x000008aa       0x34 system_stm32g4xx.o
 .ARM.attributes
                0x000008de       0x21 startup_stm32g474retx.o
 .ARM.attributes
                0x000008ff       0x34 C:/ProgramData/MATLAB/SupportPackages/R2024b/3P.instrset/gnuarm-armcortex.instrset/win/bin/../lib/gcc/arm-none-eabi/13.2.1/thumb/v7e-m+fp/hard\libm.a(libm_a-w_fmod.o)
 .ARM.attributes
                0x00000933       0x34 C:/ProgramData/MATLAB/SupportPackages/R2024b/3P.instrset/gnuarm-armcortex.instrset/win/bin/../lib/gcc/arm-none-eabi/13.2.1/thumb/v7e-m+fp/hard\libm.a(libm_a-e_fmod.o)
 .ARM.attributes
                0x00000967       0x22 C:/ProgramData/MATLAB/SupportPackages/R2024b/3P.instrset/gnuarm-armcortex.instrset/win/bin/../lib/gcc/arm-none-eabi/13.2.1/thumb/v7e-m+fp/hard\libgcc.a(_arm_addsubdf3.o)
 .ARM.attributes
                0x00000989       0x22 C:/ProgramData/MATLAB/SupportPackages/R2024b/3P.instrset/gnuarm-armcortex.instrset/win/bin/../lib/gcc/arm-none-eabi/13.2.1/thumb/v7e-m+fp/hard\libgcc.a(_arm_muldivdf3.o)
 .ARM.attributes
                0x000009ab       0x22 C:/ProgramData/MATLAB/SupportPackages/R2024b/3P.instrset/gnuarm-armcortex.instrset/win/bin/../lib/gcc/arm-none-eabi/13.2.1/thumb/v7e-m+fp/hard\libgcc.a(_arm_cmpdf2.o)
 .ARM.attributes
                0x000009cd       0x22 C:/ProgramData/MATLAB/SupportPackages/R2024b/3P.instrset/gnuarm-armcortex.instrset/win/bin/../lib/gcc/arm-none-eabi/13.2.1/thumb/v7e-m+fp/hard\libgcc.a(_arm_unorddf2.o)
 .ARM.attributes
                0x000009ef       0x22 C:/ProgramData/MATLAB/SupportPackages/R2024b/3P.instrset/gnuarm-armcortex.instrset/win/bin/../lib/gcc/arm-none-eabi/13.2.1/thumb/v7e-m+fp/hard\libgcc.a(_arm_fixunsdfsi.o)
 .ARM.attributes
                0x00000a11       0x22 C:/ProgramData/MATLAB/SupportPackages/R2024b/3P.instrset/gnuarm-armcortex.instrset/win/bin/../lib/gcc/arm-none-eabi/13.2.1/thumb/v7e-m+fp/hard\libgcc.a(_aeabi_uldivmod.o)
 .ARM.attributes
                0x00000a33       0x34 C:/ProgramData/MATLAB/SupportPackages/R2024b/3P.instrset/gnuarm-armcortex.instrset/win/bin/../lib/gcc/arm-none-eabi/13.2.1/thumb/v7e-m+fp/hard\libgcc.a(_udivmoddi4.o)
 .ARM.attributes
                0x00000a67       0x22 C:/ProgramData/MATLAB/SupportPackages/R2024b/3P.instrset/gnuarm-armcortex.instrset/win/bin/../lib/gcc/arm-none-eabi/13.2.1/thumb/v7e-m+fp/hard\libgcc.a(_dvmd_tls.o)
 .ARM.attributes
                0x00000a89       0x34 C:/ProgramData/MATLAB/SupportPackages/R2024b/3P.instrset/gnuarm-armcortex.instrset/win/bin/../lib/gcc/arm-none-eabi/13.2.1/thumb/v7e-m+fp/hard\libg_nano.a(libc_a-findfp.o)
 .ARM.attributes
                0x00000abd       0x34 C:/ProgramData/MATLAB/SupportPackages/R2024b/3P.instrset/gnuarm-armcortex.instrset/win/bin/../lib/gcc/arm-none-eabi/13.2.1/thumb/v7e-m+fp/hard\libg_nano.a(libc_a-memset.o)
 .ARM.attributes